Archive member included to satisfy reference by file (symbol)

c:/vega/toolchain/riscv32-unknown-elf-gcc/bin/../lib/gcc/riscv32-unknown-elf/7.1.1/../../../../riscv32-unknown-elf/lib\libg.a(lib_a-cxa_atexit.o)
                              components\ccepdmanager\src\CCEPDManagerS.o (__cxa_atexit)
c:/vega/toolchain/riscv32-unknown-elf-gcc/bin/../lib/gcc/riscv32-unknown-elf/7.1.1/../../../../riscv32-unknown-elf/lib\libg.a(lib_a-init.o)
                              startup\startup_RV32M1_ri5cy.o (__libc_init_array)
c:/vega/toolchain/riscv32-unknown-elf-gcc/bin/../lib/gcc/riscv32-unknown-elf/7.1.1/../../../../riscv32-unknown-elf/lib\libg.a(lib_a-memcpy.o)
                              components\ccbkgtcexec\src\CCBKGTCExecB.o (memcpy)
c:/vega/toolchain/riscv32-unknown-elf-gcc/bin/../lib/gcc/riscv32-unknown-elf/7.1.1/../../../../riscv32-unknown-elf/lib\libg.a(lib_a-memset.o)
                              drivers\fsl_lpuart.o (memset)
c:/vega/toolchain/riscv32-unknown-elf-gcc/bin/../lib/gcc/riscv32-unknown-elf/7.1.1/../../../../riscv32-unknown-elf/lib\libg.a(lib_a-printf.o)
                              swpackages\edroombp_slib_head\src\freertossapi\edroombp_free_rtos.o (printf)
c:/vega/toolchain/riscv32-unknown-elf-gcc/bin/../lib/gcc/riscv32-unknown-elf/7.1.1/../../../../riscv32-unknown-elf/lib\libg.a(lib_a-strcat.o)
                              drivers\fsl_lpuart.o (strcat)
c:/vega/toolchain/riscv32-unknown-elf-gcc/bin/../lib/gcc/riscv32-unknown-elf/7.1.1/../../../../riscv32-unknown-elf/lib\libg.a(lib_a-strcmp.o)
                              drivers\fsl_lpuart.o (strcmp)
c:/vega/toolchain/riscv32-unknown-elf-gcc/bin/../lib/gcc/riscv32-unknown-elf/7.1.1/../../../../riscv32-unknown-elf/lib\libg.a(lib_a-strdup.o)
                              drivers\fsl_lpuart.o (strdup)
c:/vega/toolchain/riscv32-unknown-elf-gcc/bin/../lib/gcc/riscv32-unknown-elf/7.1.1/../../../../riscv32-unknown-elf/lib\libg.a(lib_a-strdup_r.o)
                              c:/vega/toolchain/riscv32-unknown-elf-gcc/bin/../lib/gcc/riscv32-unknown-elf/7.1.1/../../../../riscv32-unknown-elf/lib\libg.a(lib_a-strdup.o) (_strdup_r)
c:/vega/toolchain/riscv32-unknown-elf-gcc/bin/../lib/gcc/riscv32-unknown-elf/7.1.1/../../../../riscv32-unknown-elf/lib\libg.a(lib_a-strlen.o)
                              utilities\fsl_str.o (strlen)
c:/vega/toolchain/riscv32-unknown-elf-gcc/bin/../lib/gcc/riscv32-unknown-elf/7.1.1/../../../../riscv32-unknown-elf/lib\libg.a(lib_a-strncpy.o)
                              drivers\fsl_lpuart.o (strncpy)
c:/vega/toolchain/riscv32-unknown-elf-gcc/bin/../lib/gcc/riscv32-unknown-elf/7.1.1/../../../../riscv32-unknown-elf/lib\libg.a(lib_a-strtol.o)
                              drivers\fsl_lpuart.o (strtol)
c:/vega/toolchain/riscv32-unknown-elf-gcc/bin/../lib/gcc/riscv32-unknown-elf/7.1.1/../../../../riscv32-unknown-elf/lib\libg.a(lib_a-vprintf.o)
                              swpackages\xprintf_slib_head\src\posix_v13\linux_2_6\xprintf_iface_v1.o (vprintf)
c:/vega/toolchain/riscv32-unknown-elf-gcc/bin/../lib/gcc/riscv32-unknown-elf/7.1.1/../../../../riscv32-unknown-elf/lib\libg.a(lib_a-__atexit.o)
                              c:/vega/toolchain/riscv32-unknown-elf-gcc/bin/../lib/gcc/riscv32-unknown-elf/7.1.1/../../../../riscv32-unknown-elf/lib\libg.a(lib_a-cxa_atexit.o) (__register_exitproc)
c:/vega/toolchain/riscv32-unknown-elf-gcc/bin/../lib/gcc/riscv32-unknown-elf/7.1.1/../../../../riscv32-unknown-elf/lib\libg.a(lib_a-impure.o)
                              c:/vega/toolchain/riscv32-unknown-elf-gcc/bin/../lib/gcc/riscv32-unknown-elf/7.1.1/../../../../riscv32-unknown-elf/lib\libg.a(lib_a-__atexit.o) (_global_impure_ptr)
c:/vega/toolchain/riscv32-unknown-elf-gcc/bin/../lib/gcc/riscv32-unknown-elf/7.1.1/../../../../riscv32-unknown-elf/lib\libg.a(lib_a-locale.o)
                              c:/vega/toolchain/riscv32-unknown-elf-gcc/bin/../lib/gcc/riscv32-unknown-elf/7.1.1/../../../../riscv32-unknown-elf/lib\libg.a(lib_a-strtol.o) (__locale_ctype_ptr_l)
c:/vega/toolchain/riscv32-unknown-elf-gcc/bin/../lib/gcc/riscv32-unknown-elf/7.1.1/../../../../riscv32-unknown-elf/lib\libg.a(lib_a-mbtowc_r.o)
                              c:/vega/toolchain/riscv32-unknown-elf-gcc/bin/../lib/gcc/riscv32-unknown-elf/7.1.1/../../../../riscv32-unknown-elf/lib\libg.a(lib_a-locale.o) (__ascii_mbtowc)
c:/vega/toolchain/riscv32-unknown-elf-gcc/bin/../lib/gcc/riscv32-unknown-elf/7.1.1/../../../../riscv32-unknown-elf/lib\libg.a(lib_a-nano-mallocr.o)
                              c:/vega/toolchain/riscv32-unknown-elf-gcc/bin/../lib/gcc/riscv32-unknown-elf/7.1.1/../../../../riscv32-unknown-elf/lib\libg.a(lib_a-strdup_r.o) (_malloc_r)
c:/vega/toolchain/riscv32-unknown-elf-gcc/bin/../lib/gcc/riscv32-unknown-elf/7.1.1/../../../../riscv32-unknown-elf/lib\libg.a(lib_a-nano-vfprintf.o)
[...]
Memory Configuration

Name             Origin             Length             Attributes
m_vector         0x00000000000fff00 0x0000000000000100 xr
m_text           0x0000000000000000 0x00000000000fff00 xr
m_data           0x0000000020000000 0x000000000002e800 rw
rpmsg_sh_mem     0x000000002002e800 0x0000000000001800 rw
m_usb_sram       0x0000000048010000 0x0000000000000800 rw
*default*        0x0000000000000000 0xffffffffffffffff

Linker script and memory map

START GROUP
LOAD board\board.o
LOAD board\clock_config.o
LOAD board\pin_mux.o
LOAD components\ccbkgtcexec\src\CCBKGTCExecB.o
LOAD components\ccbkgtcexec\src\CCBKGTCExecS.o
LOAD components\ccepdmanager\src\CCEPDManagerB.o
LOAD components\ccepdmanager\src\CCEPDManagerS.o
LOAD components\cchk_fdirmng\src\CCHK_FDIRMngB.o
LOAD components\cchk_fdirmng\src\CCHK_FDIRMngS.o
LOAD components\cctm_channelctrl\src\CCTM_ChannelCtrlB.o
LOAD components\cctm_channelctrl\src\CCTM_ChannelCtrlS.o
LOAD components\icuasw\src\ICUASWB.o
LOAD components\icuasw\src\ICUASWS.o
LOAD dataclasses\CDSensorTMBufferStatus\src\cdsensortmbufferstatus.o
LOAD drivers\freertos\fsl_lpuart_freertos.o
LOAD drivers\fsl_clock.o
LOAD drivers\fsl_common.o
LOAD drivers\fsl_gpio.o
LOAD drivers\fsl_lpuart.o
LOAD drivers\fsl_msmc.o
LOAD edroom_glue\src\edroomdeployment.o
LOAD freertos\croutine.o
LOAD freertos\event_groups.o
LOAD freertos\heap.o
LOAD freertos\list.o
LOAD freertos\portable\port.o
LOAD freertos\portable\portASM.o
LOAD freertos\queue.o
LOAD freertos\tasks.o
LOAD freertos\timers.o
LOAD pswpackages\freertosapi_freertos_x86_v1\src\freertos_def.o
LOAD source\icuasw_mmesp_project.o
LOAD startup\startup_RV32M1_ri5cy.o
LOAD startup\system_RV32M1_ri5cy.o
LOAD swpackages\datapool_mng_slib_head\src\datapool_mng.o
LOAD swpackages\edroombp_slib_head\src\freertossapi\edroombp_free_rtos.o
LOAD swpackages\edroombp_slib_head\src\freertossapi\freertos_posix\edroombp_free_rtos.o
LOAD swpackages\edroombp_slib_head\src\freertossapi\timespec.o
LOAD swpackages\edroomsl_slib_head\src\freertosapi\edroomsl.o
LOAD swpackages\edroomtc_slib_head\src\edroomtc.o
LOAD swpackages\emu_sc_channel_drv_slib_head\src\emu_sc_channel_drv.o
LOAD swpackages\emu_sc_channel_drv_slib_head\src\emu_sc_pus_service12.o
LOAD swpackages\emu_sc_channel_drv_slib_head\src\emu_sc_pus_service128.o
LOAD swpackages\emu_sc_channel_drv_slib_head\src\emu_sc_pus_service17.o
LOAD swpackages\emu_sc_channel_drv_slib_head\src\emu_sc_pus_service19.o
LOAD swpackages\emu_sc_channel_drv_slib_head\src\emu_sc_pus_service3.o
LOAD swpackages\emu_sc_channel_drv_slib_head\src\emu_sc_pus_service6.o
LOAD swpackages\emu_sc_channel_drv_slib_head\src\emu_sc_pus_service9.o
LOAD swpackages\emu_tc_programming\src\emu_tc_programming.o
LOAD swpackages\exit_slib_c99\src\posix_v13\exit_iface.o
LOAD swpackages\icuasw_pus_services_slib_head\src\icuasw_pus_service1.o
LOAD swpackages\icuasw_pus_services_slib_head\src\icuasw_pus_service12.o
LOAD swpackages\icuasw_pus_services_slib_head\src\icuasw_pus_service128.o
LOAD swpackages\icuasw_pus_services_slib_head\src\icuasw_pus_service17.o
LOAD swpackages\icuasw_pus_services_slib_head\src\icuasw_pus_service19.o
LOAD swpackages\icuasw_pus_services_slib_head\src\icuasw_pus_service21.o
LOAD swpackages\icuasw_pus_services_slib_head\src\icuasw_pus_service3.o
LOAD swpackages\icuasw_pus_services_slib_head\src\icuasw_pus_service5.o
LOAD swpackages\icuasw_pus_services_slib_head\src\icuasw_pus_service6.o
LOAD swpackages\icuasw_pus_services_slib_head\src\icuasw_pus_service9.o
LOAD swpackages\icuasw_pus_services_slib_head\src\icuasw_pus_services.o
LOAD swpackages\xprintf_slib_head\src\posix_v13\linux_2_6\xprintf_iface_v1.o
LOAD utilities\fsl_debug_console.o
LOAD utilities\fsl_io.o
LOAD utilities\fsl_log.o
LOAD utilities\fsl_str.o
LOAD c:/vega/toolchain/riscv32-unknown-elf-gcc/bin/../lib/gcc/riscv32-unknown-elf/7.1.1/../../../../riscv32-unknown-elf/lib\libm.a
LOAD c:/vega/toolchain/riscv32-unknown-elf-gcc/bin/../lib/gcc/riscv32-unknown-elf/7.1.1/../../../../riscv32-unknown-elf/lib\libg.a
LOAD c:/vega/toolchain/riscv32-unknown-elf-gcc/bin/../lib/gcc/riscv32-unknown-elf/7.1.1\libgcc.a
LOAD c:/vega/toolchain/riscv32-unknown-elf-gcc/bin/../lib/gcc/riscv32-unknown-elf/7.1.1/../../../../riscv32-unknown-elf/lib\libnosys.a
END GROUP
                0x0000000000000400                HEAP_SIZE = DEFINED (__heap_size__)?__heap_size__:0x400
                0x0000000000000800                STACK_SIZE = DEFINED (__stack_size__)?__stack_size__:0x800

.noinit_rpmsg_sh_mem
                0x000000002002e800        0x0
 *(.noinit.$rpmsg_sh_mem*)
                0x000000002002e800                . = ALIGN (0x4)

.vectors        0x00000000000fff00       0x90
                0x00000000000fff00                __VECTOR_TABLE = .
 *(.vectors)
 .vectors       0x00000000000fff00       0x90 startup\startup_RV32M1_ri5cy.o

.text           0x0000000000000000    0x1433c
                0x0000000000000000                . = ALIGN (0x4)
 *(.startup)
 .startup       0x0000000000000000      0x192 startup\startup_RV32M1_ri5cy.o
                0x0000000000000026                _fini
                0x0000000000000026                _init
                0x000000000000013e                IllegalInstruction_Handler
                0x000000000000016e                LSU_Handler
                0x0000000000000186                IllegalInstruction_HandlerFunc
                0x000000000000018a                Ecall_HandlerFunc
                0x000000000000018e                LSU_HandlerFunc
                0x0000000000000194                . = ALIGN (0x4)
 *fill*         0x0000000000000192        0x2 
                0x0000000000000194                __user_vector = .
 *(user_vectors)
 user_vectors   0x0000000000000194       0xfc startup\system_RV32M1_ri5cy.o
                0x0000000000000194                isrTable
 *(.text)
 .text          0x0000000000000290      0x360 freertos\portable\portASM.o
                0x0000000000000290                xPortStartFirstTask
                0x000000000000031a                Ecall_Handler
                0x0000000000000466                IRQ_Handler
 .text          0x00000000000005f0        0xa c:/vega/toolchain/riscv32-unknown-elf-gcc/bin/../lib/gcc/riscv32-unknown-elf/7.1.1/../../../../riscv32-unknown-elf/lib\libg.a(lib_a-cxa_atexit.o)
                0x00000000000005f0                __cxa_atexit
 .text          0x00000000000005fa       0x60 c:/vega/toolchain/riscv32-unknown-elf-gcc/bin/../lib/gcc/riscv32-unknown-elf/7.1.1/../../../../riscv32-unknown-elf/lib\libg.a(lib_a-init.o)
                0x00000000000005fa                __libc_init_array
 .text          0x000000000000065a       0xbe c:/vega/toolchain/riscv32-unknown-elf-gcc/bin/../lib/gcc/riscv32-unknown-elf/7.1.1/../../../../riscv32-unknown-elf/lib\libg.a(lib_a-memcpy.o)
                0x000000000000065a                memcpy
 .text          0x0000000000000718       0xa8 c:/vega/toolchain/riscv32-unknown-elf-gcc/bin/../lib/gcc/riscv32-unknown-elf/7.1.1/../../../../riscv32-unknown-elf/lib\libg.a(lib_a-memset.o)
                0x0000000000000718                memset
 .text          0x00000000000007c0       0x4c c:/vega/toolchain/riscv32-unknown-elf-gcc/bin/../lib/gcc/riscv32-unknown-elf/7.1.1/../../../../riscv32-unknown-elf/lib\libg.a(lib_a-printf.o)
                0x00000000000007c0                _printf_r
                0x00000000000007c0                _iprintf_r
                0x00000000000007e0                iprintf
                0x00000000000007e0                printf
 .text          0x000000000000080c      0x11e c:/vega/toolchain/riscv32-unknown-elf-gcc/bin/../lib/gcc/riscv32-unknown-elf/7.1.1/../../../../riscv32-unknown-elf/lib\libg.a(lib_a-strcmp.o)
                0x000000000000080c                strcmp
 .text          0x000000000000092a       0x12 c:/vega/toolchain/riscv32-unknown-elf-gcc/bin/../lib/gcc/riscv32-unknown-elf/7.1.1/../../../../riscv32-unknown-elf/lib\libg.a(lib_a-strlen.o)
                0x000000000000092a                strlen
 .text          0x000000000000093c       0x30 c:/vega/toolchain/riscv32-unknown-elf-gcc/bin/../lib/gcc/riscv32-unknown-elf/7.1.1/../../../../riscv32-unknown-elf/lib\libg.a(lib_a-strncpy.o)
                0x000000000000093c                strncpy
 .text          0x000000000000096c      0x188 c:/vega/toolchain/riscv32-unknown-elf-gcc/bin/../lib/gcc/riscv32-unknown-elf/7.1.1/../../../../riscv32-unknown-elf/lib\libg.a(lib_a-strtol.o)
                0x0000000000000aae                _strtol_r
                0x0000000000000ac4                strtol_l
                0x0000000000000ad6                strtol
 .text          0x0000000000000af4       0x64 c:/vega/toolchain/riscv32-unknown-elf-gcc/bin/../lib/gcc/riscv32-unknown-elf/7.1.1/../../../../riscv32-unknown-elf/lib\libg.a(lib_a-__atexit.o)
                0x0000000000000af4                __register_exitproc
 .text          0x0000000000000b58       0x90 c:/vega/toolchain/riscv32-unknown-elf-gcc/bin/../lib/gcc/riscv32-unknown-elf/7.1.1/../../../../riscv32-unknown-elf/lib\libg.a(lib_a-locale.o)
                0x0000000000000b58                _setlocale_r
                0x0000000000000ba0                __locale_mb_cur_max
                0x0000000000000bba                __locale_ctype_ptr_l
                0x0000000000000bc0                __locale_ctype_ptr
                0x0000000000000bda                setlocale
 .text          0x0000000000000be8       0x54 c:/vega/toolchain/riscv32-unknown-elf-gcc/bin/../lib/gcc/riscv32-unknown-elf/7.1.1/../../../../riscv32-unknown-elf/lib\libg.a(lib_a-mbtowc_r.o)
                0x0000000000000be8                _mbtowc_r
                0x0000000000000c02                __ascii_mbtowc
 .text          0x0000000000000c3c       0xe0 c:/vega/toolchain/riscv32-unknown-elf-gcc/bin/../lib/gcc/riscv32-unknown-elf/7.1.1/../../../../riscv32-unknown-elf/lib\libg.a(lib_a-nano-mallocr.o)
                0x0000000000000c3c                _malloc_r
 .text          0x0000000000000d1c      0x3b2 c:/vega/toolchain/riscv32-unknown-elf-gcc/bin/../lib/gcc/riscv32-unknown-elf/7.1.1/../../../../riscv32-unknown-elf/lib\libg.a(lib_a-nano-vfprintf.o)
                0x0000000000000d44                __sfputs_r
                0x0000000000000db0                __sprint_r
                0x0000000000000e50                _vfiprintf_r
                0x0000000000000e50                _vfprintf_r
                0x00000000000010be                vfprintf
                0x00000000000010be                vfiprintf
 .text          0x00000000000010ce       0x30 c:/vega/toolchain/riscv32-unknown-elf-gcc/bin/../lib/gcc/riscv32-unknown-elf/7.1.1/../../../../riscv32-unknown-elf/lib\libg.a(lib_a-sbrkr.o)
                0x00000000000010ce                _sbrk_r
 .text          0x00000000000010fe       0xc0 c:/vega/toolchain/riscv32-unknown-elf-gcc/bin/../lib/gcc/riscv32-unknown-elf/7.1.1/../../../../riscv32-unknown-elf/lib\libg.a(lib_a-wbuf.o)
                0x00000000000010fe                __swbuf_r
                0x00000000000011b0                __swbuf
 .text          0x00000000000011be       0x3a c:/vega/toolchain/riscv32-unknown-elf-gcc/bin/../lib/gcc/riscv32-unknown-elf/7.1.1/../../../../riscv32-unknown-elf/lib\libg.a(lib_a-wctomb_r.o)
                0x00000000000011be                _wctomb_r
                0x00000000000011d8                __ascii_wctomb
 .text          0x00000000000011f8       0xdc c:/vega/toolchain/riscv32-unknown-elf-gcc/bin/../lib/gcc/riscv32-unknown-elf/7.1.1/../../../../riscv32-unknown-elf/lib\libg.a(lib_a-wsetup.o)
                0x00000000000011f8                __swsetup_r
 .text          0x00000000000012d4      0x1aa c:/vega/toolchain/riscv32-unknown-elf-gcc/bin/../lib/gcc/riscv32-unknown-elf/7.1.1/../../../../riscv32-unknown-elf/lib\libg.a(lib_a-fflush.o)
                0x00000000000012d4                __sflush_r
                0x0000000000001430                _fflush_r
                0x000000000000145e                fflush
 .text          0x000000000000147e      0x1e6 c:/vega/toolchain/riscv32-unknown-elf-gcc/bin/../lib/gcc/riscv32-unknown-elf/7.1.1/../../../../riscv32-unknown-elf/lib\libg.a(lib_a-findfp.o)
                0x0000000000001482                _cleanup_r
                0x00000000000014fa                __sfmoreglue
                0x0000000000001542                _cleanup
                0x000000000000154c                __sinit
                0x000000000000159a                __sfp
                0x0000000000001638                __sfp_lock_acquire
                0x000000000000163a                __sfp_lock_release
                0x000000000000163c                __sinit_lock_acquire
                0x000000000000163e                __sinit_lock_release
                0x0000000000001640                __fp_lock_all
                0x0000000000001652                __fp_unlock_all
 .text          0x0000000000001664      0x102 c:/vega/toolchain/riscv32-unknown-elf-gcc/bin/../lib/gcc/riscv32-unknown-elf/7.1.1/../../../../riscv32-unknown-elf/lib\libg.a(lib_a-fputwc.o)
                0x0000000000001664                __fputwc
                0x0000000000001718                _fputwc_r
                0x0000000000001736                fputwc
 .text          0x0000000000001766      0x2d0 c:/vega/toolchain/riscv32-unknown-elf-gcc/bin/../lib/gcc/riscv32-unknown-elf/7.1.1/../../../../riscv32-unknown-elf/lib\libg.a(lib_a-fvwrite.o)
                0x0000000000001766                __sfvwrite_r
 .text          0x0000000000001a36       0xce c:/vega/toolchain/riscv32-unknown-elf-gcc/bin/../lib/gcc/riscv32-unknown-elf/7.1.1/../../../../riscv32-unknown-elf/lib\libg.a(lib_a-fwalk.o)
                0x0000000000001a36                _fwalk
                0x0000000000001a98                _fwalk_reent
 .text          0x0000000000001b04      0x106 c:/vega/toolchain/riscv32-unknown-elf-gcc/bin/../lib/gcc/riscv32-unknown-elf/7.1.1/../../../../riscv32-unknown-elf/lib\libg.a(lib_a-makebuf.o)
                0x0000000000001b04                __swhatbuf_r
                0x0000000000001b6a                __smakebuf_r
 .text          0x0000000000001c0a       0x1a c:/vega/toolchain/riscv32-unknown-elf-gcc/bin/../lib/gcc/riscv32-unknown-elf/7.1.1/../../../../riscv32-unknown-elf/lib\libg.a(lib_a-memchr.o)
                0x0000000000001c0a                memchr
 .text          0x0000000000001c24       0x3e c:/vega/toolchain/riscv32-unknown-elf-gcc/bin/../lib/gcc/riscv32-unknown-elf/7.1.1/../../../../riscv32-unknown-elf/lib\libg.a(lib_a-memmove.o)
                0x0000000000001c24                memmove
 .text          0x0000000000001c62        0x4 c:/vega/toolchain/riscv32-unknown-elf-gcc/bin/../lib/gcc/riscv32-unknown-elf/7.1.1/../../../../riscv32-unknown-elf/lib\libg.a(lib_a-mlock.o)
                0x0000000000001c62                __malloc_lock
                0x0000000000001c64                __malloc_unlock
 .text          0x0000000000001c66       0xac c:/vega/toolchain/riscv32-unknown-elf-gcc/bin/../lib/gcc/riscv32-unknown-elf/7.1.1/../../../../riscv32-unknown-elf/lib\libg.a(lib_a-nano-freer.o)
                0x0000000000001c66                _free_r
 .text          0x0000000000001d12       0x54 c:/vega/toolchain/riscv32-unknown-elf-gcc/bin/../lib/gcc/riscv32-unknown-elf/7.1.1/../../../../riscv32-unknown-elf/lib\libg.a(lib_a-nano-reallocr.o)
                0x0000000000001d12                _realloc_r
 .text          0x0000000000001d66      0x3b6 c:/vega/toolchain/riscv32-unknown-elf-gcc/bin/../lib/gcc/riscv32-unknown-elf/7.1.1/../../../../riscv32-unknown-elf/lib\libg.a(lib_a-nano-vfprintf_i.o)
                0x0000000000001d66                _printf_common
                0x0000000000001e72                _printf_i
 .text          0x000000000000211c       0xbe c:/vega/toolchain/riscv32-unknown-elf-gcc/bin/../lib/gcc/riscv32-unknown-elf/7.1.1/../../../../riscv32-unknown-elf/lib\libg.a(lib_a-stdio.o)
                0x000000000000211c                __sread
                0x000000000000214c                __seofread
                0x0000000000002150                __swrite
                0x000000000000219e                __sseek
                0x00000000000021d4                __sclose
 .text          0x00000000000021da       0x6c c:/vega/toolchain/riscv32-unknown-elf-gcc/bin/../lib/gcc/riscv32-unknown-elf/7.1.1/../../../../riscv32-unknown-elf/lib\libg.a(lib_a-wcrtomb.o)
                0x00000000000021da                _wcrtomb_r
                0x0000000000002236                wcrtomb
 .text          0x0000000000002246       0x34 c:/vega/toolchain/riscv32-unknown-elf-gcc/bin/../lib/gcc/riscv32-unknown-elf/7.1.1/../../../../riscv32-unknown-elf/lib\libg.a(lib_a-writer.o)
                0x0000000000002246                _write_r
 .text          0x000000000000227a       0x30 c:/vega/toolchain/riscv32-unknown-elf-gcc/bin/../lib/gcc/riscv32-unknown-elf/7.1.1/../../../../riscv32-unknown-elf/lib\libg.a(lib_a-closer.o)
                0x000000000000227a                _close_r
 .text          0x00000000000022aa       0x9a c:/vega/toolchain/riscv32-unknown-elf-gcc/bin/../lib/gcc/riscv32-unknown-elf/7.1.1/../../../../riscv32-unknown-elf/lib\libg.a(lib_a-fclose.o)
                0x00000000000022aa                _fclose_r
                0x0000000000002338                fclose
 .text          0x0000000000002344       0x32 c:/vega/toolchain/riscv32-unknown-elf-gcc/bin/../lib/gcc/riscv32-unknown-elf/7.1.1/../../../../riscv32-unknown-elf/lib\libg.a(lib_a-fstatr.o)
                0x0000000000002344                _fstat_r
 .text          0x0000000000002376       0x30 c:/vega/toolchain/riscv32-unknown-elf-gcc/bin/../lib/gcc/riscv32-unknown-elf/7.1.1/../../../../riscv32-unknown-elf/lib\libg.a(lib_a-isattyr.o)
                0x0000000000002376                _isatty_r
 .text          0x00000000000023a6       0x34 c:/vega/toolchain/riscv32-unknown-elf-gcc/bin/../lib/gcc/riscv32-unknown-elf/7.1.1/../../../../riscv32-unknown-elf/lib\libg.a(lib_a-lseekr.o)
                0x00000000000023a6                _lseek_r
 .text          0x00000000000023da       0x14 c:/vega/toolchain/riscv32-unknown-elf-gcc/bin/../lib/gcc/riscv32-unknown-elf/7.1.1/../../../../riscv32-unknown-elf/lib\libg.a(lib_a-nano-msizer.o)
                0x00000000000023da                _malloc_usable_size_r
 .text          0x00000000000023ee       0x34 c:/vega/toolchain/riscv32-unknown-elf-gcc/bin/../lib/gcc/riscv32-unknown-elf/7.1.1/../../../../riscv32-unknown-elf/lib\libg.a(lib_a-readr.o)
                0x00000000000023ee                _read_r
 .text          0x0000000000002422       0x24 c:/vega/toolchain/riscv32-unknown-elf-gcc/bin/../lib/gcc/riscv32-unknown-elf/7.1.1/../../../../riscv32-unknown-elf/lib\libnosys.a(sbrk.o)
                0x0000000000002422                sbrk
 *(.text*)
 .text.CLOCK_SetIpSrc
                0x0000000000002446       0xa8 board\board.o
 .text.BOARD_InitDebugConsole
                0x00000000000024ee       0x42 board\board.o
                0x00000000000024ee                BOARD_InitDebugConsole
 .text.CLOCK_SetRunModeSysClkConfig
                0x0000000000002530       0x42 board\clock_config.o
 .text.CLOCK_GetCurSysClkConfig
                0x0000000000002572       0x42 board\clock_config.o
 .text.CLOCK_CONFIG_FircSafeConfig
                0x00000000000025b4       0x96 board\clock_config.o
 .text.BOARD_BootClockRUN
                0x000000000000264a       0x60 board\clock_config.o
                0x000000000000264a                BOARD_BootClockRUN
 .text.CLOCK_EnableClock
                0x00000000000026aa       0x4c board\pin_mux.o
 .text.PORT_SetPinMux
                0x00000000000026f6       0x46 board\pin_mux.o
 .text.BOARD_InitPins
                0x000000000000273c       0x30 board\pin_mux.o
                0x000000000000273c                BOARD_InitPins
 .text.__cxa_pure_virtual
                0x000000000000276c        0x8 components\ccbkgtcexec\src\CCBKGTCExecB.o
                0x000000000000276c                __cxa_pure_virtual
 .text._ZN12Pr_SemaphoreD2Ev
                0x0000000000002774       0x22 components\ccbkgtcexec\src\CCBKGTCExecB.o
                0x0000000000002774                Pr_Semaphore::~Pr_Semaphore()
                0x0000000000002774                Pr_Semaphore::~Pr_Semaphore()
 .text._ZN15Pr_SemaphoreRecD2Ev
                0x0000000000002796       0x20 components\ccbkgtcexec\src\CCBKGTCExecB.o
                0x0000000000002796                Pr_SemaphoreRec::~Pr_SemaphoreRec()
                0x0000000000002796                Pr_SemaphoreRec::~Pr_SemaphoreRec()
 .text._ZN11CEDROOMPoolD2Ev
                0x00000000000027b6       0x20 components\ccbkgtcexec\src\CCBKGTCExecB.o
                0x00000000000027b6                CEDROOMPool::~CEDROOMPool()
                0x00000000000027b6                CEDROOMPool::~CEDROOMPool()
 .text._ZN11CEDROOMPoolD0Ev
                0x00000000000027d6       0x24 components\ccbkgtcexec\src\CCBKGTCExecB.o
                0x00000000000027d6                CEDROOMPool::~CEDROOMPool()
 .text._ZN17CEDROOMMemoryPoolD2Ev
                0x00000000000027fa       0x2e components\ccbkgtcexec\src\CCBKGTCExecB.o
                0x00000000000027fa                CEDROOMMemoryPool::~CEDROOMMemoryPool()
                0x00000000000027fa                CEDROOMMemoryPool::~CEDROOMMemoryPool()
 .text._ZN17CEDROOMMemoryPoolD0Ev
                0x0000000000002828       0x24 components\ccbkgtcexec\src\CCBKGTCExecB.o
                0x0000000000002828                CEDROOMMemoryPool::~CEDROOMMemoryPool()
 .text._ZN26CEDROOMProtectedMemoryPoolD2Ev
                0x000000000000284c       0x3a components\ccbkgtcexec\src\CCBKGTCExecB.o
                0x000000000000284c                CEDROOMProtectedMemoryPool::~CEDROOMProtectedMemoryPool()
                0x000000000000284c                CEDROOMProtectedMemoryPool::~CEDROOMProtectedMemoryPool()
 .text._ZN26CEDROOMProtectedMemoryPoolD0Ev
                0x0000000000002886       0x24 components\ccbkgtcexec\src\CCBKGTCExecB.o
                0x0000000000002886                CEDROOMProtectedMemoryPool::~CEDROOMProtectedMemoryPool()
 .text._ZN4CDTMC2Ev
                0x00000000000028aa       0x60 components\ccbkgtcexec\src\CCBKGTCExecB.o
                0x00000000000028aa                CDTM::CDTM()
                0x00000000000028aa                CDTM::CDTM()
 .text._ZN8CDTMList3AddEhh
                0x000000000000290a       0xb8 components\ccbkgtcexec\src\CCBKGTCExecB.o
                0x000000000000290a                CDTMList::Add(unsigned char, unsigned char)
 .text._ZN8CDTMListC2Ev
                0x00000000000029c2       0x42 components\ccbkgtcexec\src\CCBKGTCExecB.o
                0x00000000000029c2                CDTMList::CDTMList()
                0x00000000000029c2                CDTMList::CDTMList()
 .text._ZN8CDTMList5ClearEv
                0x0000000000002a04       0x1a components\ccbkgtcexec\src\CCBKGTCExecB.o
                0x0000000000002a04                CDTMList::Clear()
 .text._ZN11CDEventList14ClearEventListEv
                0x0000000000002a1e       0x44 components\ccbkgtcexec\src\CCBKGTCExecB.o
                0x0000000000002a1e                CDEventList::ClearEventList()
 .text._ZN11CDEventListC2Ev
                0x0000000000002a62       0x1e components\ccbkgtcexec\src\CCBKGTCExecB.o
                0x0000000000002a62                CDEventList::CDEventList()
                0x0000000000002a62                CDEventList::CDEventList()
 .text._ZN9PUS_BKGTC6ExecTCER14CDTCDescriptorR8CDTMListR11CDEventList
                0x0000000000002a80       0x5e components\ccbkgtcexec\src\CCBKGTCExecB.o
                0x0000000000002a80                PUS_BKGTC::ExecTC(CDTCDescriptor&, CDTMList&, CDEventList&)
 .text._ZN11CCBKGTCExec16EDROOM_CTX_Top_016EDROOMNewMessageEv
                0x0000000000002ade       0x22 components\ccbkgtcexec\src\CCBKGTCExecB.o
                0x0000000000002ade                CCBKGTCExec::EDROOM_CTX_Top_0::EDROOMNewMessage()
 .text._ZN11CCBKGTCExec16EDROOM_CTX_Top_0C2ERS_R11CDEventListR8CDTMListRNS0_19CEDROOMPOOLCDTMListE
                0x0000000000002b00       0x8a components\ccbkgtcexec\src\CCBKGTCExecB.o
                0x0000000000002b00                CCBKGTCExec::EDROOM_CTX_Top_0::EDROOM_CTX_Top_0(CCBKGTCExec&, CDEventList&, CDTMList&, CCBKGTCExec::EDROOM_CTX_Top_0::CEDROOMPOOLCDTMList&)
                0x0000000000002b00                CCBKGTCExec::EDROOM_CTX_Top_0::EDROOM_CTX_Top_0(CCBKGTCExec&, CDEventList&, CDTMList&, CCBKGTCExec::EDROOM_CTX_Top_0::CEDROOMPOOLCDTMList&)
 .text._ZN11CCBKGTCExec16EDROOM_CTX_Top_024EDROOMSearchContextTransER14TEDROOMTransId
                0x0000000000002b8a       0x48 components\ccbkgtcexec\src\CCBKGTCExecB.o
                0x0000000000002b8a                CCBKGTCExec::EDROOM_CTX_Top_0::EDROOMSearchContextTrans(TEDROOMTransId&)
 .text._ZN11CCBKGTCExec16EDROOM_CTX_Top_010FExecBKGTCEv
                0x0000000000002bd2       0x3c components\ccbkgtcexec\src\CCBKGTCExecB.o
                0x0000000000002bd2                CCBKGTCExec::EDROOM_CTX_Top_0::FExecBKGTC()
 .text._ZN11CCBKGTCExec16EDROOM_CTX_Top_09FTxTMListEv
                0x0000000000002c0e       0x72 components\ccbkgtcexec\src\CCBKGTCExecB.o
                0x0000000000002c0e                CCBKGTCExec::EDROOM_CTX_Top_0::FTxTMList()
 .text._ZN11CCBKGTCExec16EDROOM_CTX_Top_019CEDROOMPOOLCDTMListC2EmP8CDTMListPb
                0x0000000000002c80       0x4a components\ccbkgtcexec\src\CCBKGTCExecB.o
                0x0000000000002c80                CCBKGTCExec::EDROOM_CTX_Top_0::CEDROOMPOOLCDTMList::CEDROOMPOOLCDTMList(unsigned long, CDTMList*, bool*)
                0x0000000000002c80                CCBKGTCExec::EDROOM_CTX_Top_0::CEDROOMPOOLCDTMList::CEDROOMPOOLCDTMList(unsigned long, CDTMList*, bool*)
 .text._ZN11CCBKGTCExec16EDROOM_CTX_Top_019CEDROOMPOOLCDTMList9AllocDataEv
                0x0000000000002cca       0x22 components\ccbkgtcexec\src\CCBKGTCExecB.o
                0x0000000000002cca                CCBKGTCExec::EDROOM_CTX_Top_0::CEDROOMPOOLCDTMList::AllocData()
 .text._ZN11CCBKGTCExec16EDROOM_SUB_Top_0C2ERS_PNS_13CEDROOMMemoryE
                0x0000000000002cec       0x80 components\ccbkgtcexec\src\CCBKGTCExecB.o
                0x0000000000002cec                CCBKGTCExec::EDROOM_SUB_Top_0::EDROOM_SUB_Top_0(CCBKGTCExec&, CCBKGTCExec::CEDROOMMemory*)
                0x0000000000002cec                CCBKGTCExec::EDROOM_SUB_Top_0::EDROOM_SUB_Top_0(CCBKGTCExec&, CCBKGTCExec::CEDROOMMemory*)
 .text._ZN11CCBKGTCExec16EDROOM_SUB_Top_015EDROOMBehaviourEv
                0x0000000000002d6c       0x9e components\ccbkgtcexec\src\CCBKGTCExecB.o
                0x0000000000002d6c                CCBKGTCExec::EDROOM_SUB_Top_0::EDROOMBehaviour()
 .text._ZN11CCBKGTCExec16EDROOM_SUB_Top_010EDROOMInitEv
                0x0000000000002e0a       0x1a components\ccbkgtcexec\src\CCBKGTCExecB.o
                0x0000000000002e0a                CCBKGTCExec::EDROOM_SUB_Top_0::EDROOMInit()
 .text._ZN11CCBKGTCExec16EDROOM_SUB_Top_014EDROOMIArrivalEv
                0x0000000000002e24       0x1e components\ccbkgtcexec\src\CCBKGTCExecB.o
                0x0000000000002e24                CCBKGTCExec::EDROOM_SUB_Top_0::EDROOMIArrival()
 .text._ZN11CCBKGTCExec16EDROOM_SUB_Top_018EDROOMReadyArrivalEv
                0x0000000000002e42       0x96 components\ccbkgtcexec\src\CCBKGTCExecB.o
                0x0000000000002e42                CCBKGTCExec::EDROOM_SUB_Top_0::EDROOMReadyArrival()
 .text._ZN11CCBKGTCExec16EDROOM_CTX_Top_019CEDROOMPOOLCDTMListD2Ev
                0x0000000000002ed8       0x2e components\ccbkgtcexec\src\CCBKGTCExecB.o
                0x0000000000002ed8                CCBKGTCExec::EDROOM_CTX_Top_0::CEDROOMPOOLCDTMList::~CEDROOMPOOLCDTMList()
                0x0000000000002ed8                CCBKGTCExec::EDROOM_CTX_Top_0::CEDROOMPOOLCDTMList::~CEDROOMPOOLCDTMList()
 .text._ZN11CCBKGTCExec16EDROOM_CTX_Top_019CEDROOMPOOLCDTMListD0Ev
                0x0000000000002f06       0x24 components\ccbkgtcexec\src\CCBKGTCExecB.o
                0x0000000000002f06                CCBKGTCExec::EDROOM_CTX_Top_0::CEDROOMPOOLCDTMList::~CEDROOMPOOLCDTMList()
 .text._ZN11CCBKGTCExec16EDROOM_SUB_Top_0D2Ev
                0x0000000000002f2a       0x24 components\ccbkgtcexec\src\CCBKGTCExecS.o
                0x0000000000002f2a                CCBKGTCExec::EDROOM_SUB_Top_0::~EDROOM_SUB_Top_0()
                0x0000000000002f2a                CCBKGTCExec::EDROOM_SUB_Top_0::~EDROOM_SUB_Top_0()
 .text._ZN11CCBKGTCExecC2Emm15TEDROOMPriorityjPNS_13CEDROOMMemoryE
                0x0000000000002f4e       0x86 components\ccbkgtcexec\src\CCBKGTCExecS.o
                0x0000000000002f4e                CCBKGTCExec::CCBKGTCExec(unsigned long, unsigned long, TEDROOMPriority, unsigned int, CCBKGTCExec::CEDROOMMemory*)
                0x0000000000002f4e                CCBKGTCExec::CCBKGTCExec(unsigned long, unsigned long, TEDROOMPriority, unsigned int, CCBKGTCExec::CEDROOMMemory*)
 .text._ZN11CCBKGTCExec11EDROOMStartEv
                0x0000000000002fd4       0x22 components\ccbkgtcexec\src\CCBKGTCExecS.o
                0x0000000000002fd4                CCBKGTCExec::EDROOMStart()
 .text._ZN11CCBKGTCExec15EDROOMBehaviourEv
                0x0000000000002ff6       0x2e components\ccbkgtcexec\src\CCBKGTCExecS.o
                0x0000000000002ff6                CCBKGTCExec::EDROOMBehaviour()
 .text._ZN11CCBKGTCExec13CEDROOMMemory9SetMemoryEmP14CEDROOMMessagePbmPN12CEDROOMQueue10CQueueNodeES3_
                0x0000000000003024       0x58 components\ccbkgtcexec\src\CCBKGTCExecS.o
                0x0000000000003024                CCBKGTCExec::CEDROOMMemory::SetMemory(unsigned long, CEDROOMMessage*, bool*, unsigned long, CEDROOMQueue::CQueueNode*, bool*)
 .text._ZN11CCBKGTCExecD2Ev
                0x000000000000307c       0x3c components\ccbkgtcexec\src\CCBKGTCExecS.o
                0x000000000000307c                CCBKGTCExec::~CCBKGTCExec()
                0x000000000000307c                CCBKGTCExec::~CCBKGTCExec()
 .text._ZN11CCBKGTCExecD0Ev
                0x00000000000030b8       0x24 components\ccbkgtcexec\src\CCBKGTCExecS.o
                0x00000000000030b8                CCBKGTCExec::~CCBKGTCExec()
 .text._ZN14CDTCDescriptor10IsRebootTCEv
                0x00000000000030dc       0x22 components\ccepdmanager\src\CCEPDManagerB.o
                0x00000000000030dc                CDTCDescriptor::IsRebootTC()
 .text._ZN14CDTCDescriptor11IsHK_FDIRTCEv
                0x00000000000030fe       0x22 components\ccepdmanager\src\CCEPDManagerB.o
                0x00000000000030fe                CDTCDescriptor::IsHK_FDIRTC()
 .text._ZN14CDTCDescriptor7IsBKGTCEv
                0x0000000000003120       0x22 components\ccepdmanager\src\CCEPDManagerB.o
                0x0000000000003120                CDTCDescriptor::IsBKGTC()
 .text._ZN10PUS_PrioTC6ExecTCER14CDTCDescriptorR8CDTMListR11CDEventList
                0x0000000000003142       0x70 components\ccepdmanager\src\CCEPDManagerB.o
                0x0000000000003142                PUS_PrioTC::ExecTC(CDTCDescriptor&, CDTMList&, CDEventList&)
 .text._ZN12CCEPDManager16EDROOM_CTX_Top_016EDROOMNewMessageEv
                0x00000000000031b2       0x22 components\ccepdmanager\src\CCEPDManagerB.o
                0x00000000000031b2                CCEPDManager::EDROOM_CTX_Top_0::EDROOMNewMessage()
 .text._ZN12CCEPDManager16EDROOM_CTX_Top_0C2ERS_R11CDEventListR14CDTCDescriptorR8CDTMListRNS0_19CEDROOMPOOLCDTMListERNS0_25CEDROOMPOOLCDTCDescriptorE
                0x00000000000031d4       0xc4 components\ccepdmanager\src\CCEPDManagerB.o
                0x00000000000031d4                CCEPDManager::EDROOM_CTX_Top_0::EDROOM_CTX_Top_0(CCEPDManager&, CDEventList&, CDTCDescriptor&, CDTMList&, CCEPDManager::EDROOM_CTX_Top_0::CEDROOMPOOLCDTMList&, CCEPDManager::EDROOM_CTX_Top_0::CEDROOMPOOLCDTCDescriptor&)
                0x00000000000031d4                CCEPDManager::EDROOM_CTX_Top_0::EDROOM_CTX_Top_0(CCEPDManager&, CDEventList&, CDTCDescriptor&, CDTMList&, CCEPDManager::EDROOM_CTX_Top_0::CEDROOMPOOLCDTMList&, CCEPDManager::EDROOM_CTX_Top_0::CEDROOMPOOLCDTCDescriptor&)
 .text._ZN12CCEPDManager16EDROOM_CTX_Top_024EDROOMSearchContextTransER14TEDROOMTransId
                0x0000000000003298       0x48 components\ccepdmanager\src\CCEPDManagerB.o
                0x0000000000003298                CCEPDManager::EDROOM_CTX_Top_0::EDROOMSearchContextTrans(TEDROOMTransId&)
 .text._ZN12CCEPDManager16EDROOM_CTX_Top_011FExecPrioTCEv
                0x00000000000032e0       0x32 components\ccepdmanager\src\CCEPDManagerB.o
                0x00000000000032e0                CCEPDManager::EDROOM_CTX_Top_0::FExecPrioTC()
 .text._ZN12CCEPDManager16EDROOM_CTX_Top_09FFwdBKGTCEv
                0x0000000000003312       0x58 components\ccepdmanager\src\CCEPDManagerB.o
                0x0000000000003312                CCEPDManager::EDROOM_CTX_Top_0::FFwdBKGTC()
 .text._ZN12CCEPDManager16EDROOM_CTX_Top_013FFwdHK_FDIRTCEv
                0x000000000000336a       0x58 components\ccepdmanager\src\CCEPDManagerB.o
                0x000000000000336a                CCEPDManager::EDROOM_CTX_Top_0::FFwdHK_FDIRTC()
 .text._ZN12CCEPDManager16EDROOM_CTX_Top_06FGetTCEv
                0x00000000000033c2       0x3e components\ccepdmanager\src\CCEPDManagerB.o
                0x00000000000033c2                CCEPDManager::EDROOM_CTX_Top_0::FGetTC()
 .text._ZN12CCEPDManager16EDROOM_CTX_Top_016FHandleRecActionEv
                0x0000000000003400       0x34 components\ccepdmanager\src\CCEPDManagerB.o
                0x0000000000003400                CCEPDManager::EDROOM_CTX_Top_0::FHandleRecAction()
 .text._ZN12CCEPDManager16EDROOM_CTX_Top_09FTxTMListEv
                0x0000000000003434       0x72 components\ccepdmanager\src\CCEPDManagerB.o
                0x0000000000003434                CCEPDManager::EDROOM_CTX_Top_0::FTxTMList()
 .text._ZN12CCEPDManager16EDROOM_CTX_Top_09GAcceptTCEv
                0x00000000000034a6       0x2c components\ccepdmanager\src\CCEPDManagerB.o
                0x00000000000034a6                CCEPDManager::EDROOM_CTX_Top_0::GAcceptTC()
 .text._ZN12CCEPDManager16EDROOM_CTX_Top_09GFwdToBKGEv
                0x00000000000034d2       0x24 components\ccepdmanager\src\CCEPDManagerB.o
                0x00000000000034d2                CCEPDManager::EDROOM_CTX_Top_0::GFwdToBKG()
 .text._ZN12CCEPDManager16EDROOM_CTX_Top_013GFwdToHK_FDIREv
                0x00000000000034f6       0x24 components\ccepdmanager\src\CCEPDManagerB.o
                0x00000000000034f6                CCEPDManager::EDROOM_CTX_Top_0::GFwdToHK_FDIR()
 .text._ZN12CCEPDManager16EDROOM_CTX_Top_09GToRebootEv
                0x000000000000351a       0x24 components\ccepdmanager\src\CCEPDManagerB.o
                0x000000000000351a                CCEPDManager::EDROOM_CTX_Top_0::GToReboot()
 .text._ZN12CCEPDManager16EDROOM_CTX_Top_019CEDROOMPOOLCDTMListC2EmP8CDTMListPb
                0x000000000000353e       0x4a components\ccepdmanager\src\CCEPDManagerB.o
                0x000000000000353e                CCEPDManager::EDROOM_CTX_Top_0::CEDROOMPOOLCDTMList::CEDROOMPOOLCDTMList(unsigned long, CDTMList*, bool*)
                0x000000000000353e                CCEPDManager::EDROOM_CTX_Top_0::CEDROOMPOOLCDTMList::CEDROOMPOOLCDTMList(unsigned long, CDTMList*, bool*)
 .text._ZN12CCEPDManager16EDROOM_CTX_Top_019CEDROOMPOOLCDTMList9AllocDataEv
                0x0000000000003588       0x22 components\ccepdmanager\src\CCEPDManagerB.o
                0x0000000000003588                CCEPDManager::EDROOM_CTX_Top_0::CEDROOMPOOLCDTMList::AllocData()
 .text._ZN12CCEPDManager16EDROOM_CTX_Top_025CEDROOMPOOLCDTCDescriptorC2EmP14CDTCDescriptorPb
                0x00000000000035aa       0x4a components\ccepdmanager\src\CCEPDManagerB.o
                0x00000000000035aa                CCEPDManager::EDROOM_CTX_Top_0::CEDROOMPOOLCDTCDescriptor::CEDROOMPOOLCDTCDescriptor(unsigned long, CDTCDescriptor*, bool*)
                0x00000000000035aa                CCEPDManager::EDROOM_CTX_Top_0::CEDROOMPOOLCDTCDescriptor::CEDROOMPOOLCDTCDescriptor(unsigned long, CDTCDescriptor*, bool*)
 .text._ZN12CCEPDManager16EDROOM_CTX_Top_025CEDROOMPOOLCDTCDescriptor9AllocDataEv
                0x00000000000035f4       0x22 components\ccepdmanager\src\CCEPDManagerB.o
                0x00000000000035f4                CCEPDManager::EDROOM_CTX_Top_0::CEDROOMPOOLCDTCDescriptor::AllocData()
 .text._ZN12CCEPDManager16EDROOM_SUB_Top_0C2ERS_PNS_13CEDROOMMemoryE
                0x0000000000003616       0xbc components\ccepdmanager\src\CCEPDManagerB.o
                0x0000000000003616                CCEPDManager::EDROOM_SUB_Top_0::EDROOM_SUB_Top_0(CCEPDManager&, CCEPDManager::CEDROOMMemory*)
                0x0000000000003616                CCEPDManager::EDROOM_SUB_Top_0::EDROOM_SUB_Top_0(CCEPDManager&, CCEPDManager::CEDROOMMemory*)
 .text._ZN12CCEPDManager16EDROOM_SUB_Top_015EDROOMBehaviourEv
                0x00000000000036d2      0x1bc components\ccepdmanager\src\CCEPDManagerB.o
                0x00000000000036d2                CCEPDManager::EDROOM_SUB_Top_0::EDROOMBehaviour()
 .text._ZN12CCEPDManager16EDROOM_SUB_Top_010EDROOMInitEv
                0x000000000000388e       0x1a components\ccepdmanager\src\CCEPDManagerB.o
                0x000000000000388e                CCEPDManager::EDROOM_SUB_Top_0::EDROOMInit()
 .text._ZN12CCEPDManager16EDROOM_SUB_Top_014EDROOMIArrivalEv
                0x00000000000038a8       0x1e components\ccepdmanager\src\CCEPDManagerB.o
                0x00000000000038a8                CCEPDManager::EDROOM_SUB_Top_0::EDROOMIArrival()
 .text._ZN12CCEPDManager16EDROOM_SUB_Top_020EDROOMValidTCArrivalEv
                0x00000000000038c6       0x20 components\ccepdmanager\src\CCEPDManagerB.o
                0x00000000000038c6                CCEPDManager::EDROOM_SUB_Top_0::EDROOMValidTCArrival()
 .text._ZN12CCEPDManager16EDROOM_SUB_Top_018EDROOMReadyArrivalEv
                0x00000000000038e6       0xd8 components\ccepdmanager\src\CCEPDManagerB.o
                0x00000000000038e6                CCEPDManager::EDROOM_SUB_Top_0::EDROOMReadyArrival()
 .text._ZN12CCEPDManager16EDROOM_SUB_Top_019EDROOMRebootArrivalEv
                0x00000000000039be       0x54 components\ccepdmanager\src\CCEPDManagerB.o
                0x00000000000039be                CCEPDManager::EDROOM_SUB_Top_0::EDROOMRebootArrival()
 .text._ZN12CCEPDManager16EDROOM_CTX_Top_025CEDROOMPOOLCDTCDescriptorD2Ev
                0x0000000000003a12       0x2e components\ccepdmanager\src\CCEPDManagerB.o
                0x0000000000003a12                CCEPDManager::EDROOM_CTX_Top_0::CEDROOMPOOLCDTCDescriptor::~CEDROOMPOOLCDTCDescriptor()
                0x0000000000003a12                CCEPDManager::EDROOM_CTX_Top_0::CEDROOMPOOLCDTCDescriptor::~CEDROOMPOOLCDTCDescriptor()
 .text._ZN12CCEPDManager16EDROOM_CTX_Top_025CEDROOMPOOLCDTCDescriptorD0Ev
                0x0000000000003a40       0x24 components\ccepdmanager\src\CCEPDManagerB.o
                0x0000000000003a40                CCEPDManager::EDROOM_CTX_Top_0::CEDROOMPOOLCDTCDescriptor::~CEDROOMPOOLCDTCDescriptor()
 .text._ZN12CCEPDManager16EDROOM_CTX_Top_019CEDROOMPOOLCDTMListD2Ev
                0x0000000000003a64       0x2e components\ccepdmanager\src\CCEPDManagerB.o
                0x0000000000003a64                CCEPDManager::EDROOM_CTX_Top_0::CEDROOMPOOLCDTMList::~CEDROOMPOOLCDTMList()
                0x0000000000003a64                CCEPDManager::EDROOM_CTX_Top_0::CEDROOMPOOLCDTMList::~CEDROOMPOOLCDTMList()
 .text._ZN12CCEPDManager16EDROOM_CTX_Top_019CEDROOMPOOLCDTMListD0Ev
                0x0000000000003a92       0x24 components\ccepdmanager\src\CCEPDManagerB.o
                0x0000000000003a92                CCEPDManager::EDROOM_CTX_Top_0::CEDROOMPOOLCDTMList::~CEDROOMPOOLCDTMList()
 .text._ZN15Pr_SemaphoreBinD2Ev
                0x0000000000003ab6       0x20 components\ccepdmanager\src\CCEPDManagerS.o
                0x0000000000003ab6                Pr_SemaphoreBin::~Pr_SemaphoreBin()
                0x0000000000003ab6                Pr_SemaphoreBin::~Pr_SemaphoreBin()
 .text._ZN7Pr_TaskD2Ev
                0x0000000000003ad6       0x2e components\ccepdmanager\src\CCEPDManagerS.o
                0x0000000000003ad6                Pr_Task::~Pr_Task()
                0x0000000000003ad6                Pr_Task::~Pr_Task()
 .text._ZN12CCEPDManager29CEDROOMPOOLIRQ7CDTCDescriptorC2Ev
                0x0000000000003b04       0x48 components\ccepdmanager\src\CCEPDManagerS.o
                0x0000000000003b04                CCEPDManager::CEDROOMPOOLIRQ7CDTCDescriptor::CEDROOMPOOLIRQ7CDTCDescriptor()
                0x0000000000003b04                CCEPDManager::CEDROOMPOOLIRQ7CDTCDescriptor::CEDROOMPOOLIRQ7CDTCDescriptor()
 .text._ZN12CCEPDManager29CEDROOMPOOLIRQ7CDTCDescriptor9AllocDataEv
                0x0000000000003b4c       0x22 components\ccepdmanager\src\CCEPDManagerS.o
                0x0000000000003b4c                CCEPDManager::CEDROOMPOOLIRQ7CDTCDescriptor::AllocData()
 .text._ZN12CCEPDManager32EDROOMIRQ7HandlerTopHalfFunctionEv
                0x0000000000003b6e       0x2a components\ccepdmanager\src\CCEPDManagerS.o
                0x0000000000003b6e                CCEPDManager::EDROOMIRQ7HandlerTopHalfFunction()
 .text._ZN12CCEPDManager17EDROOMIRQ7HandlerEv
                0x0000000000003b98       0x14 components\ccepdmanager\src\CCEPDManagerS.o
                0x0000000000003b98                CCEPDManager::EDROOMIRQ7Handler()
 .text._ZN12CCEPDManager21EDROOMIRQ7IdleHandlerEv
                0x0000000000003bac        0xe components\ccepdmanager\src\CCEPDManagerS.o
                0x0000000000003bac                CCEPDManager::EDROOMIRQ7IdleHandler()
 .text._ZN12CCEPDManager24EDROOMIRQ7BottomHalfTaskEv
                0x0000000000003bba       0xae components\ccepdmanager\src\CCEPDManagerS.o
                0x0000000000003bba                CCEPDManager::EDROOMIRQ7BottomHalfTask()
 .text._ZN12CCEPDManager16EDROOM_SUB_Top_0D2Ev
                0x0000000000003c68       0x32 components\ccepdmanager\src\CCEPDManagerS.o
                0x0000000000003c68                CCEPDManager::EDROOM_SUB_Top_0::~EDROOM_SUB_Top_0()
                0x0000000000003c68                CCEPDManager::EDROOM_SUB_Top_0::~EDROOM_SUB_Top_0()
 .text._ZN12CCEPDManagerC2Emm15TEDROOMPriorityjPNS_13CEDROOMMemoryE
                0x0000000000003c9a       0xb2 components\ccepdmanager\src\CCEPDManagerS.o
                0x0000000000003c9a                CCEPDManager::CCEPDManager(unsigned long, unsigned long, TEDROOMPriority, unsigned int, CCEPDManager::CEDROOMMemory*)
                0x0000000000003c9a                CCEPDManager::CCEPDManager(unsigned long, unsigned long, TEDROOMPriority, unsigned int, CCEPDManager::CEDROOMMemory*)
 .text._ZN12CCEPDManager11EDROOMStartEv
                0x0000000000003d4c       0x22 components\ccepdmanager\src\CCEPDManagerS.o
                0x0000000000003d4c                CCEPDManager::EDROOMStart()
 .text._ZN12CCEPDManager15EDROOMBehaviourEv
                0x0000000000003d6e       0x3e components\ccepdmanager\src\CCEPDManagerS.o
                0x0000000000003d6e                CCEPDManager::EDROOMBehaviour()
 .text._ZN12CCEPDManager13CEDROOMMemory9SetMemoryEmP14CEDROOMMessagePbmPN12CEDROOMQueue10CQueueNodeES3_
                0x0000000000003dac       0x58 components\ccepdmanager\src\CCEPDManagerS.o
                0x0000000000003dac                CCEPDManager::CEDROOMMemory::SetMemory(unsigned long, CEDROOMMessage*, bool*, unsigned long, CEDROOMQueue::CQueueNode*, bool*)
 .text._ZN12CCEPDManagerD2Ev
                0x0000000000003e04       0x4a components\ccepdmanager\src\CCEPDManagerS.o
                0x0000000000003e04                CCEPDManager::~CCEPDManager()
                0x0000000000003e04                CCEPDManager::~CCEPDManager()
 .text._ZN12CCEPDManagerD0Ev
                0x0000000000003e4e       0x24 components\ccepdmanager\src\CCEPDManagerS.o
                0x0000000000003e4e                CCEPDManager::~CCEPDManager()
 .text._ZN12CCEPDManager29CEDROOMPOOLIRQ7CDTCDescriptorD2Ev
                0x0000000000003e72       0x2e components\ccepdmanager\src\CCEPDManagerS.o
                0x0000000000003e72                CCEPDManager::CEDROOMPOOLIRQ7CDTCDescriptor::~CEDROOMPOOLIRQ7CDTCDescriptor()
                0x0000000000003e72                CCEPDManager::CEDROOMPOOLIRQ7CDTCDescriptor::~CEDROOMPOOLIRQ7CDTCDescriptor()
 .text._ZN12CCEPDManager29CEDROOMPOOLIRQ7CDTCDescriptorD0Ev
                0x0000000000003ea0       0x24 components\ccepdmanager\src\CCEPDManagerS.o
                0x0000000000003ea0                CCEPDManager::CEDROOMPOOLIRQ7CDTCDescriptor::~CEDROOMPOOLIRQ7CDTCDescriptor()
 .text._Z41__static_initialization_and_destruction_0ii
                0x0000000000003ec4       0xbe components\ccepdmanager\src\CCEPDManagerS.o
 .text._GLOBAL__sub_I___dso_handle
                0x0000000000003f82       0x1a components\ccepdmanager\src\CCEPDManagerS.o
 .text._ZN13CDRecovActionC2Ev
                0x0000000000003f9c       0x1c components\cchk_fdirmng\src\CCHK_FDIRMngB.o
                0x0000000000003f9c                CDRecovAction::CDRecovAction()
                0x0000000000003f9c                CDRecovAction::CDRecovAction()
 .text._ZN13PUS_HK_FDIRTC6ExecTCER14CDTCDescriptorR8CDTMListR11CDEventList
                0x0000000000003fb8       0x8c components\cchk_fdirmng\src\CCHK_FDIRMngB.o
                0x0000000000003fb8                PUS_HK_FDIRTC::ExecTC(CDTCDescriptor&, CDTMList&, CDEventList&)
 .text._ZN12CCHK_FDIRMng16EDROOM_CTX_Top_016EDROOMNewMessageEv
                0x0000000000004044       0x22 components\cchk_fdirmng\src\CCHK_FDIRMngB.o
                0x0000000000004044                CCHK_FDIRMng::EDROOM_CTX_Top_0::EDROOMNewMessage()
 .text._ZN12CCHK_FDIRMng16EDROOM_CTX_Top_0C2ERS_R13CDRecovActionR8CDTMListR7Pr_TimeRNS0_19CEDROOMPOOLCDTMListERNS0_24CEDROOMPOOLCDRecovActionE
                0x0000000000004066       0xb6 components\cchk_fdirmng\src\CCHK_FDIRMngB.o
                0x0000000000004066                CCHK_FDIRMng::EDROOM_CTX_Top_0::EDROOM_CTX_Top_0(CCHK_FDIRMng&, CDRecovAction&, CDTMList&, Pr_Time&, CCHK_FDIRMng::EDROOM_CTX_Top_0::CEDROOMPOOLCDTMList&, CCHK_FDIRMng::EDROOM_CTX_Top_0::CEDROOMPOOLCDRecovAction&)
                0x0000000000004066                CCHK_FDIRMng::EDROOM_CTX_Top_0::EDROOM_CTX_Top_0(CCHK_FDIRMng&, CDRecovAction&, CDTMList&, Pr_Time&, CCHK_FDIRMng::EDROOM_CTX_Top_0::CEDROOMPOOLCDTMList&, CCHK_FDIRMng::EDROOM_CTX_Top_0::CEDROOMPOOLCDRecovAction&)
 .text._ZN12CCHK_FDIRMng16EDROOM_CTX_Top_024EDROOMSearchContextTransER14TEDROOMTransId
                0x000000000000411c       0x48 components\cchk_fdirmng\src\CCHK_FDIRMngB.o
                0x000000000000411c                CCHK_FDIRMng::EDROOM_CTX_Top_0::EDROOMSearchContextTrans(TEDROOMTransId&)
 .text._ZN12CCHK_FDIRMng16EDROOM_CTX_Top_010FDoHK_FDIREv
                0x0000000000004164       0xaa components\cchk_fdirmng\src\CCHK_FDIRMngB.o
                0x0000000000004164                CCHK_FDIRMng::EDROOM_CTX_Top_0::FDoHK_FDIR()
 .text._ZN12CCHK_FDIRMng16EDROOM_CTX_Top_015FExecHK_FDIR_TCEv
                0x000000000000420e       0x44 components\cchk_fdirmng\src\CCHK_FDIRMngB.o
                0x000000000000420e                CCHK_FDIRMng::EDROOM_CTX_Top_0::FExecHK_FDIR_TC()
 .text._ZN12CCHK_FDIRMng16EDROOM_CTX_Top_017FGetNextRecActionEv
                0x0000000000004252       0x22 components\cchk_fdirmng\src\CCHK_FDIRMngB.o
                0x0000000000004252                CCHK_FDIRMng::EDROOM_CTX_Top_0::FGetNextRecAction()
 .text._ZN12CCHK_FDIRMng16EDROOM_CTX_Top_012FInitHK_FDIREv
                0x0000000000004274       0x80 components\cchk_fdirmng\src\CCHK_FDIRMngB.o
                0x0000000000004274                CCHK_FDIRMng::EDROOM_CTX_Top_0::FInitHK_FDIR()
 .text._ZN12CCHK_FDIRMng16EDROOM_CTX_Top_014FSendRecActionEv
                0x00000000000042f4       0x50 components\cchk_fdirmng\src\CCHK_FDIRMngB.o
                0x00000000000042f4                CCHK_FDIRMng::EDROOM_CTX_Top_0::FSendRecAction()
 .text._ZN12CCHK_FDIRMng16EDROOM_CTX_Top_09FTxTMListEv
                0x0000000000004344       0x72 components\cchk_fdirmng\src\CCHK_FDIRMngB.o
                0x0000000000004344                CCHK_FDIRMng::EDROOM_CTX_Top_0::FTxTMList()
 .text._ZN12CCHK_FDIRMng16EDROOM_CTX_Top_014GSendRecActionEv
                0x00000000000043b6       0x24 components\cchk_fdirmng\src\CCHK_FDIRMngB.o
                0x00000000000043b6                CCHK_FDIRMng::EDROOM_CTX_Top_0::GSendRecAction()
 .text._ZN12CCHK_FDIRMng16EDROOM_CTX_Top_019CEDROOMPOOLCDTMListC2EmP8CDTMListPb
                0x00000000000043da       0x4a components\cchk_fdirmng\src\CCHK_FDIRMngB.o
                0x00000000000043da                CCHK_FDIRMng::EDROOM_CTX_Top_0::CEDROOMPOOLCDTMList::CEDROOMPOOLCDTMList(unsigned long, CDTMList*, bool*)
                0x00000000000043da                CCHK_FDIRMng::EDROOM_CTX_Top_0::CEDROOMPOOLCDTMList::CEDROOMPOOLCDTMList(unsigned long, CDTMList*, bool*)
 .text._ZN12CCHK_FDIRMng16EDROOM_CTX_Top_019CEDROOMPOOLCDTMList9AllocDataEv
                0x0000000000004424       0x22 components\cchk_fdirmng\src\CCHK_FDIRMngB.o
                0x0000000000004424                CCHK_FDIRMng::EDROOM_CTX_Top_0::CEDROOMPOOLCDTMList::AllocData()
 .text._ZN12CCHK_FDIRMng16EDROOM_CTX_Top_024CEDROOMPOOLCDRecovActionC2EmP13CDRecovActionPb
                0x0000000000004446       0x48 components\cchk_fdirmng\src\CCHK_FDIRMngB.o
                0x0000000000004446                CCHK_FDIRMng::EDROOM_CTX_Top_0::CEDROOMPOOLCDRecovAction::CEDROOMPOOLCDRecovAction(unsigned long, CDRecovAction*, bool*)
                0x0000000000004446                CCHK_FDIRMng::EDROOM_CTX_Top_0::CEDROOMPOOLCDRecovAction::CEDROOMPOOLCDRecovAction(unsigned long, CDRecovAction*, bool*)
 .text._ZN12CCHK_FDIRMng16EDROOM_CTX_Top_024CEDROOMPOOLCDRecovAction9AllocDataEv
                0x000000000000448e       0x22 components\cchk_fdirmng\src\CCHK_FDIRMngB.o
                0x000000000000448e                CCHK_FDIRMng::EDROOM_CTX_Top_0::CEDROOMPOOLCDRecovAction::AllocData()
 .text._ZN12CCHK_FDIRMng16EDROOM_SUB_Top_0C2ERS_PNS_13CEDROOMMemoryE
                0x00000000000044b0       0xca components\cchk_fdirmng\src\CCHK_FDIRMngB.o
                0x00000000000044b0                CCHK_FDIRMng::EDROOM_SUB_Top_0::EDROOM_SUB_Top_0(CCHK_FDIRMng&, CCHK_FDIRMng::CEDROOMMemory*)
                0x00000000000044b0                CCHK_FDIRMng::EDROOM_SUB_Top_0::EDROOM_SUB_Top_0(CCHK_FDIRMng&, CCHK_FDIRMng::CEDROOMMemory*)
 .text._ZN12CCHK_FDIRMng16EDROOM_SUB_Top_015EDROOMBehaviourEv
                0x000000000000457a      0x106 components\cchk_fdirmng\src\CCHK_FDIRMngB.o
                0x000000000000457a                CCHK_FDIRMng::EDROOM_SUB_Top_0::EDROOMBehaviour()
 .text._ZN12CCHK_FDIRMng16EDROOM_SUB_Top_010EDROOMInitEv
                0x0000000000004680       0x1a components\cchk_fdirmng\src\CCHK_FDIRMngB.o
                0x0000000000004680                CCHK_FDIRMng::EDROOM_SUB_Top_0::EDROOMInit()
 .text._ZN12CCHK_FDIRMng16EDROOM_SUB_Top_014EDROOMIArrivalEv
                0x000000000000469a       0x1e components\cchk_fdirmng\src\CCHK_FDIRMngB.o
                0x000000000000469a                CCHK_FDIRMng::EDROOM_SUB_Top_0::EDROOMIArrival()
 .text._ZN12CCHK_FDIRMng16EDROOM_SUB_Top_018EDROOMReadyArrivalEv
                0x00000000000046b8       0xd4 components\cchk_fdirmng\src\CCHK_FDIRMngB.o
                0x00000000000046b8                CCHK_FDIRMng::EDROOM_SUB_Top_0::EDROOMReadyArrival()
 .text._ZN12CCHK_FDIRMng16EDROOM_CTX_Top_024CEDROOMPOOLCDRecovActionD2Ev
                0x000000000000478c       0x2e components\cchk_fdirmng\src\CCHK_FDIRMngB.o
                0x000000000000478c                CCHK_FDIRMng::EDROOM_CTX_Top_0::CEDROOMPOOLCDRecovAction::~CEDROOMPOOLCDRecovAction()
                0x000000000000478c                CCHK_FDIRMng::EDROOM_CTX_Top_0::CEDROOMPOOLCDRecovAction::~CEDROOMPOOLCDRecovAction()
 .text._ZN12CCHK_FDIRMng16EDROOM_CTX_Top_024CEDROOMPOOLCDRecovActionD0Ev
                0x00000000000047ba       0x24 components\cchk_fdirmng\src\CCHK_FDIRMngB.o
                0x00000000000047ba                CCHK_FDIRMng::EDROOM_CTX_Top_0::CEDROOMPOOLCDRecovAction::~CEDROOMPOOLCDRecovAction()
 .text._ZN12CCHK_FDIRMng16EDROOM_CTX_Top_019CEDROOMPOOLCDTMListD2Ev
                0x00000000000047de       0x2e components\cchk_fdirmng\src\CCHK_FDIRMngB.o
                0x00000000000047de                CCHK_FDIRMng::EDROOM_CTX_Top_0::CEDROOMPOOLCDTMList::~CEDROOMPOOLCDTMList()
                0x00000000000047de                CCHK_FDIRMng::EDROOM_CTX_Top_0::CEDROOMPOOLCDTMList::~CEDROOMPOOLCDTMList()
 .text._ZN12CCHK_FDIRMng16EDROOM_CTX_Top_019CEDROOMPOOLCDTMListD0Ev
                0x000000000000480c       0x24 components\cchk_fdirmng\src\CCHK_FDIRMngB.o
                0x000000000000480c                CCHK_FDIRMng::EDROOM_CTX_Top_0::CEDROOMPOOLCDTMList::~CEDROOMPOOLCDTMList()
 .text._ZN16CEDROOMTimingSAPD2Ev
                0x0000000000004830       0x4a components\cchk_fdirmng\src\CCHK_FDIRMngS.o
                0x0000000000004830                CEDROOMTimingSAP::~CEDROOMTimingSAP()
                0x0000000000004830                CEDROOMTimingSAP::~CEDROOMTimingSAP()
 .text._ZN12CCHK_FDIRMng16EDROOM_SUB_Top_0D2Ev
                0x000000000000487a       0x32 components\cchk_fdirmng\src\CCHK_FDIRMngS.o
                0x000000000000487a                CCHK_FDIRMng::EDROOM_SUB_Top_0::~EDROOM_SUB_Top_0()
                0x000000000000487a                CCHK_FDIRMng::EDROOM_SUB_Top_0::~EDROOM_SUB_Top_0()
 .text._ZN12CCHK_FDIRMngC2Emm15TEDROOMPriorityjPNS_13CEDROOMMemoryE
                0x00000000000048ac       0xc0 components\cchk_fdirmng\src\CCHK_FDIRMngS.o
                0x00000000000048ac                CCHK_FDIRMng::CCHK_FDIRMng(unsigned long, unsigned long, TEDROOMPriority, unsigned int, CCHK_FDIRMng::CEDROOMMemory*)
                0x00000000000048ac                CCHK_FDIRMng::CCHK_FDIRMng(unsigned long, unsigned long, TEDROOMPriority, unsigned int, CCHK_FDIRMng::CEDROOMMemory*)
 .text._ZN12CCHK_FDIRMng11EDROOMStartEv
                0x000000000000496c       0x30 components\cchk_fdirmng\src\CCHK_FDIRMngS.o
                0x000000000000496c                CCHK_FDIRMng::EDROOMStart()
 .text._ZN12CCHK_FDIRMng15EDROOMBehaviourEv
                0x000000000000499c       0x32 components\cchk_fdirmng\src\CCHK_FDIRMngS.o
                0x000000000000499c                CCHK_FDIRMng::EDROOMBehaviour()
 .text._ZN12CCHK_FDIRMng13CEDROOMMemory9SetMemoryEmP14CEDROOMMessagePbmPN12CEDROOMQueue10CQueueNodeES3_
                0x00000000000049ce       0x86 components\cchk_fdirmng\src\CCHK_FDIRMngS.o
                0x00000000000049ce                CCHK_FDIRMng::CEDROOMMemory::SetMemory(unsigned long, CEDROOMMessage*, bool*, unsigned long, CEDROOMQueue::CQueueNode*, bool*)
 .text._ZN12CCHK_FDIRMngD2Ev
                0x0000000000004a54       0x4a components\cchk_fdirmng\src\CCHK_FDIRMngS.o
                0x0000000000004a54                CCHK_FDIRMng::~CCHK_FDIRMng()
                0x0000000000004a54                CCHK_FDIRMng::~CCHK_FDIRMng()
 .text._ZN12CCHK_FDIRMngD0Ev
                0x0000000000004a9e       0x22 components\cchk_fdirmng\src\CCHK_FDIRMngS.o
                0x0000000000004a9e                CCHK_FDIRMng::~CCHK_FDIRMng()
 .text._ZN16CCTM_ChannelCtrl16EDROOM_CTX_Top_016EDROOMNewMessageEv
                0x0000000000004ac0       0x22 components\cctm_channelctrl\src\CCTM_ChannelCtrlB.o
                0x0000000000004ac0                CCTM_ChannelCtrl::EDROOM_CTX_Top_0::EDROOMNewMessage()
 .text._ZN16CCTM_ChannelCtrl16EDROOM_CTX_Top_0C2ERS_
                0x0000000000004ae2       0x70 components\cctm_channelctrl\src\CCTM_ChannelCtrlB.o
                0x0000000000004ae2                CCTM_ChannelCtrl::EDROOM_CTX_Top_0::EDROOM_CTX_Top_0(CCTM_ChannelCtrl&)
                0x0000000000004ae2                CCTM_ChannelCtrl::EDROOM_CTX_Top_0::EDROOM_CTX_Top_0(CCTM_ChannelCtrl&)
 .text._ZN16CCTM_ChannelCtrl16EDROOM_CTX_Top_024EDROOMSearchContextTransER14TEDROOMTransId
                0x0000000000004b52       0x48 components\cctm_channelctrl\src\CCTM_ChannelCtrlB.o
                0x0000000000004b52                CCTM_ChannelCtrl::EDROOM_CTX_Top_0::EDROOMSearchContextTrans(TEDROOMTransId&)
 .text._ZN16CCTM_ChannelCtrl16EDROOM_CTX_Top_014FReplyTMQueuedEv
                0x0000000000004b9a       0x32 components\cctm_channelctrl\src\CCTM_ChannelCtrlB.o
                0x0000000000004b9a                CCTM_ChannelCtrl::EDROOM_CTX_Top_0::FReplyTMQueued()
 .text._ZN16CCTM_ChannelCtrl16EDROOM_CTX_Top_011FSendTMListEv
                0x0000000000004bcc       0x2c components\cctm_channelctrl\src\CCTM_ChannelCtrlB.o
                0x0000000000004bcc                CCTM_ChannelCtrl::EDROOM_CTX_Top_0::FSendTMList()
 .text._ZN16CCTM_ChannelCtrl16EDROOM_SUB_Top_0C2ERS_
                0x0000000000004bf8       0x28 components\cctm_channelctrl\src\CCTM_ChannelCtrlB.o
                0x0000000000004bf8                CCTM_ChannelCtrl::EDROOM_SUB_Top_0::EDROOM_SUB_Top_0(CCTM_ChannelCtrl&)
                0x0000000000004bf8                CCTM_ChannelCtrl::EDROOM_SUB_Top_0::EDROOM_SUB_Top_0(CCTM_ChannelCtrl&)
 .text._ZN16CCTM_ChannelCtrl16EDROOM_SUB_Top_015EDROOMBehaviourEv
                0x0000000000004c20       0x9e components\cctm_channelctrl\src\CCTM_ChannelCtrlB.o
                0x0000000000004c20                CCTM_ChannelCtrl::EDROOM_SUB_Top_0::EDROOMBehaviour()
 .text._ZN16CCTM_ChannelCtrl16EDROOM_SUB_Top_010EDROOMInitEv
                0x0000000000004cbe       0x1a components\cctm_channelctrl\src\CCTM_ChannelCtrlB.o
                0x0000000000004cbe                CCTM_ChannelCtrl::EDROOM_SUB_Top_0::EDROOMInit()
 .text._ZN16CCTM_ChannelCtrl16EDROOM_SUB_Top_014EDROOMIArrivalEv
                0x0000000000004cd8       0x1e components\cctm_channelctrl\src\CCTM_ChannelCtrlB.o
                0x0000000000004cd8                CCTM_ChannelCtrl::EDROOM_SUB_Top_0::EDROOMIArrival()
 .text._ZN16CCTM_ChannelCtrl16EDROOM_SUB_Top_018EDROOMReadyArrivalEv
                0x0000000000004cf6       0x76 components\cctm_channelctrl\src\CCTM_ChannelCtrlB.o
                0x0000000000004cf6                CCTM_ChannelCtrl::EDROOM_SUB_Top_0::EDROOMReadyArrival()
 .text._ZN16CCTM_ChannelCtrlC2Emm15TEDROOMPriorityjPNS_13CEDROOMMemoryE
                0x0000000000004d6c       0x92 components\cctm_channelctrl\src\CCTM_ChannelCtrlS.o
                0x0000000000004d6c                CCTM_ChannelCtrl::CCTM_ChannelCtrl(unsigned long, unsigned long, TEDROOMPriority, unsigned int, CCTM_ChannelCtrl::CEDROOMMemory*)
                0x0000000000004d6c                CCTM_ChannelCtrl::CCTM_ChannelCtrl(unsigned long, unsigned long, TEDROOMPriority, unsigned int, CCTM_ChannelCtrl::CEDROOMMemory*)
 .text._ZN16CCTM_ChannelCtrl11EDROOMStartEv
                0x0000000000004dfe       0x22 components\cctm_channelctrl\src\CCTM_ChannelCtrlS.o
                0x0000000000004dfe                CCTM_ChannelCtrl::EDROOMStart()
 .text._ZN16CCTM_ChannelCtrl15EDROOMBehaviourEv
                0x0000000000004e20       0x32 components\cctm_channelctrl\src\CCTM_ChannelCtrlS.o
                0x0000000000004e20                CCTM_ChannelCtrl::EDROOMBehaviour()
 .text._ZN16CCTM_ChannelCtrl13CEDROOMMemory9SetMemoryEmP14CEDROOMMessagePbmPN12CEDROOMQueue10CQueueNodeES3_
                0x0000000000004e52       0x58 components\cctm_channelctrl\src\CCTM_ChannelCtrlS.o
                0x0000000000004e52                CCTM_ChannelCtrl::CEDROOMMemory::SetMemory(unsigned long, CEDROOMMessage*, bool*, unsigned long, CEDROOMQueue::CQueueNode*, bool*)
 .text._ZN16CCTM_ChannelCtrlD2Ev
                0x0000000000004eaa       0x2e components\cctm_channelctrl\src\CCTM_ChannelCtrlS.o
                0x0000000000004eaa                CCTM_ChannelCtrl::~CCTM_ChannelCtrl()
                0x0000000000004eaa                CCTM_ChannelCtrl::~CCTM_ChannelCtrl()
 .text._ZN16CCTM_ChannelCtrlD0Ev
                0x0000000000004ed8       0x22 components\cctm_channelctrl\src\CCTM_ChannelCtrlS.o
                0x0000000000004ed8                CCTM_ChannelCtrl::~CCTM_ChannelCtrl()
 .text._ZN6ICUASW16EDROOM_CTX_Top_016EDROOMNewMessageEv
                0x0000000000004efa       0x22 components\icuasw\src\ICUASWB.o
                0x0000000000004efa                ICUASW::EDROOM_CTX_Top_0::EDROOMNewMessage()
 .text._ZN6ICUASW16EDROOM_CTX_Top_0C2ERS_R7Pr_Time
                0x0000000000004f1c       0x5e components\icuasw\src\ICUASWB.o
                0x0000000000004f1c                ICUASW::EDROOM_CTX_Top_0::EDROOM_CTX_Top_0(ICUASW&, Pr_Time&)
                0x0000000000004f1c                ICUASW::EDROOM_CTX_Top_0::EDROOM_CTX_Top_0(ICUASW&, Pr_Time&)
 .text._ZN6ICUASW16EDROOM_CTX_Top_024EDROOMSearchContextTransER14TEDROOMTransId
                0x0000000000004f7a       0x48 components\icuasw\src\ICUASWB.o
                0x0000000000004f7a                ICUASW::EDROOM_CTX_Top_0::EDROOMSearchContextTrans(TEDROOMTransId&)
 .text._Znwj    0x0000000000004fc2       0x26 components\icuasw\src\ICUASWB.o
                0x0000000000004fc2                operator new(unsigned int)
 .text._ZdlPv   0x0000000000004fe8       0x1e components\icuasw\src\ICUASWB.o
                0x0000000000004fe8                operator delete(void*)
 .text._ZN6ICUASW16EDROOM_CTX_Top_014FEmuPassSecondEv
                0x0000000000005006       0x1a components\icuasw\src\ICUASWB.o
                0x0000000000005006                ICUASW::EDROOM_CTX_Top_0::FEmuPassSecond()
 .text._ZN6ICUASW16EDROOM_CTX_Top_05FInitEv
                0x0000000000005020       0x5a components\icuasw\src\ICUASWB.o
                0x0000000000005020                ICUASW::EDROOM_CTX_Top_0::FInit()
 .text._ZN6ICUASW16EDROOM_CTX_Top_010FProgTimerEv
                0x000000000000507a       0x78 components\icuasw\src\ICUASWB.o
                0x000000000000507a                ICUASW::EDROOM_CTX_Top_0::FProgTimer()
 .text._ZN6ICUASW16EDROOM_SUB_Top_0C2ERS_
                0x00000000000050f2       0x3c components\icuasw\src\ICUASWB.o
                0x00000000000050f2                ICUASW::EDROOM_SUB_Top_0::EDROOM_SUB_Top_0(ICUASW&)
                0x00000000000050f2                ICUASW::EDROOM_SUB_Top_0::EDROOM_SUB_Top_0(ICUASW&)
 .text._ZN6ICUASW16EDROOM_SUB_Top_015EDROOMBehaviourEv
                0x000000000000512e       0xac components\icuasw\src\ICUASWB.o
                0x000000000000512e                ICUASW::EDROOM_SUB_Top_0::EDROOMBehaviour()
 .text._ZN6ICUASW16EDROOM_SUB_Top_010EDROOMInitEv
                0x00000000000051da       0x1a components\icuasw\src\ICUASWB.o
                0x00000000000051da                ICUASW::EDROOM_SUB_Top_0::EDROOMInit()
 .text._ZN6ICUASW16EDROOM_SUB_Top_014EDROOMIArrivalEv
                0x00000000000051f4       0x1e components\icuasw\src\ICUASWB.o
                0x00000000000051f4                ICUASW::EDROOM_SUB_Top_0::EDROOMIArrival()
 .text._ZN6ICUASW16EDROOM_SUB_Top_018EDROOMReadyArrivalEv
                0x0000000000005212       0x94 components\icuasw\src\ICUASWB.o
                0x0000000000005212                ICUASW::EDROOM_SUB_Top_0::EDROOMReadyArrival()
 .text._ZN6ICUASWC2Emm15TEDROOMPriorityjPNS_13CEDROOMMemoryE
                0x00000000000052a6       0xa0 components\icuasw\src\ICUASWS.o
                0x00000000000052a6                ICUASW::ICUASW(unsigned long, unsigned long, TEDROOMPriority, unsigned int, ICUASW::CEDROOMMemory*)
                0x00000000000052a6                ICUASW::ICUASW(unsigned long, unsigned long, TEDROOMPriority, unsigned int, ICUASW::CEDROOMMemory*)
 .text._ZN6ICUASW11EDROOMStartEv
                0x0000000000005346       0x30 components\icuasw\src\ICUASWS.o
                0x0000000000005346                ICUASW::EDROOMStart()
 .text._ZN6ICUASW15EDROOMBehaviourEv
                0x0000000000005376       0x32 components\icuasw\src\ICUASWS.o
                0x0000000000005376                ICUASW::EDROOMBehaviour()
 .text._ZN6ICUASW13CEDROOMMemory9SetMemoryEmP14CEDROOMMessagePbmPN12CEDROOMQueue10CQueueNodeES3_
                0x00000000000053a8       0x86 components\icuasw\src\ICUASWS.o
                0x00000000000053a8                ICUASW::CEDROOMMemory::SetMemory(unsigned long, CEDROOMMessage*, bool*, unsigned long, CEDROOMQueue::CQueueNode*, bool*)
 .text._ZN6ICUASWD2Ev
                0x000000000000542e       0x3c components\icuasw\src\ICUASWS.o
                0x000000000000542e                ICUASW::~ICUASW()
                0x000000000000542e                ICUASW::~ICUASW()
 .text._ZN6ICUASWD0Ev
                0x000000000000546a       0x24 components\icuasw\src\ICUASWS.o
                0x000000000000546a                ICUASW::~ICUASW()
 .text.LPUART_EnableTx
                0x000000000000548e       0x46 drivers\freertos\fsl_lpuart_freertos.o
 .text.LPUART_EnableRx
                0x00000000000054d4       0x46 drivers\freertos\fsl_lpuart_freertos.o
 .text.LPUART_RTOS_Callback
                0x000000000000551a       0xe4 drivers\freertos\fsl_lpuart_freertos.o
 .text.LPUART_RTOS_Init
                0x00000000000055fe      0x1c0 drivers\freertos\fsl_lpuart_freertos.o
                0x00000000000055fe                LPUART_RTOS_Init
 .text.CLOCK_GetIpFreq
                0x00000000000057be      0x128 drivers\fsl_clock.o
                0x00000000000057be                CLOCK_GetIpFreq
 .text.CLOCK_GetSysOscFreq
                0x00000000000058e6       0x50 drivers\fsl_clock.o
                0x00000000000058e6                CLOCK_GetSysOscFreq
 .text.CLOCK_GetSysOscAsyncFreq
                0x0000000000005936       0x8e drivers\fsl_clock.o
                0x0000000000005936                CLOCK_GetSysOscAsyncFreq
 .text.CLOCK_InitSirc
                0x00000000000059c4       0xb0 drivers\fsl_clock.o
                0x00000000000059c4                CLOCK_InitSirc
 .text.CLOCK_DeinitSirc
                0x0000000000005a74       0x48 drivers\fsl_clock.o
                0x0000000000005a74                CLOCK_DeinitSirc
 .text.CLOCK_GetSircFreq
                0x0000000000005abc       0x3a drivers\fsl_clock.o
                0x0000000000005abc                CLOCK_GetSircFreq
 .text.CLOCK_GetSircAsyncFreq
                0x0000000000005af6       0x8e drivers\fsl_clock.o
                0x0000000000005af6                CLOCK_GetSircAsyncFreq
 .text.CLOCK_InitFirc
                0x0000000000005b84      0x14a drivers\fsl_clock.o
                0x0000000000005b84                CLOCK_InitFirc
 .text.CLOCK_DeinitFirc
                0x0000000000005cce       0x4c drivers\fsl_clock.o
                0x0000000000005cce                CLOCK_DeinitFirc
 .text.CLOCK_GetFircFreq
                0x0000000000005d1a       0x3a drivers\fsl_clock.o
                0x0000000000005d1a                CLOCK_GetFircFreq
 .text.CLOCK_GetFircAsyncFreq
                0x0000000000005d54       0x8e drivers\fsl_clock.o
                0x0000000000005d54                CLOCK_GetFircAsyncFreq
 .text.CLOCK_InitLpFll
                0x0000000000005de2      0x176 drivers\fsl_clock.o
                0x0000000000005de2                CLOCK_InitLpFll
 .text.CLOCK_DeinitLpFll
                0x0000000000005f58       0x4c drivers\fsl_clock.o
                0x0000000000005f58                CLOCK_DeinitLpFll
 .text.CLOCK_GetLpFllFreq
                0x0000000000005fa4       0x3a drivers\fsl_clock.o
                0x0000000000005fa4                CLOCK_GetLpFllFreq
 .text.CLOCK_GetLpFllAsyncFreq
                0x0000000000005fde       0x72 drivers\fsl_clock.o
                0x0000000000005fde                CLOCK_GetLpFllAsyncFreq
 .text.__assert_func
                0x0000000000006050       0x36 drivers\fsl_common.o
                0x0000000000006050                __assert_func
 .text.CLOCK_EnableClock
                0x0000000000006086       0x4c drivers\fsl_lpuart.o
 .text.EnableIRQ
                0x00000000000060d2       0x52 drivers\fsl_lpuart.o
 .text.LPUART_SoftwareReset
                0x0000000000006124       0x32 drivers\fsl_lpuart.o
 .text.LPUART_WriteByte
                0x0000000000006156       0x22 drivers\fsl_lpuart.o
 .text.LPUART_ReadByte
                0x0000000000006178       0x80 drivers\fsl_lpuart.o
 .text.LPUART_GetInstance
                0x00000000000061f8       0x74 drivers\fsl_lpuart.o
                0x00000000000061f8                LPUART_GetInstance
 .text.LPUART_TransferGetRxRingBufferLength
                0x000000000000626c       0xa8 drivers\fsl_lpuart.o
 .text.LPUART_TransferIsRxRingBufferFull
                0x0000000000006314       0x64 drivers\fsl_lpuart.o
 .text.LPUART_WriteNonBlocking
                0x0000000000006378       0x70 drivers\fsl_lpuart.o
 .text.LPUART_ReadNonBlocking
                0x00000000000063e8       0xe4 drivers\fsl_lpuart.o
 .text.LPUART_Init
                0x00000000000064cc      0x482 drivers\fsl_lpuart.o
                0x00000000000064cc                LPUART_Init
 .text.LPUART_GetDefaultConfig
                0x000000000000694e       0xb2 drivers\fsl_lpuart.o
                0x000000000000694e                LPUART_GetDefaultConfig
 .text.LPUART_EnableInterrupts
                0x0000000000006a00       0x6e drivers\fsl_lpuart.o
                0x0000000000006a00                LPUART_EnableInterrupts
 .text.LPUART_DisableInterrupts
                0x0000000000006a6e       0x7a drivers\fsl_lpuart.o
                0x0000000000006a6e                LPUART_DisableInterrupts
 .text.LPUART_GetStatusFlags
                0x0000000000006ae8       0x36 drivers\fsl_lpuart.o
                0x0000000000006ae8                LPUART_GetStatusFlags
 .text.LPUART_ClearStatusFlags
                0x0000000000006b1e       0xf8 drivers\fsl_lpuart.o
                0x0000000000006b1e                LPUART_ClearStatusFlags
 .text.LPUART_WriteBlocking
                0x0000000000006c16       0x74 drivers\fsl_lpuart.o
                0x0000000000006c16                LPUART_WriteBlocking
 .text.LPUART_ReadBlocking
                0x0000000000006c8a      0x16a drivers\fsl_lpuart.o
                0x0000000000006c8a                LPUART_ReadBlocking
 .text.LPUART_TransferCreateHandle
                0x0000000000006df4      0x114 drivers\fsl_lpuart.o
                0x0000000000006df4                LPUART_TransferCreateHandle
 .text.LPUART_TransferStartRingBuffer
                0x0000000000006f08       0x92 drivers\fsl_lpuart.o
                0x0000000000006f08                LPUART_TransferStartRingBuffer
 .text.LPUART_TransferHandleIRQ
                0x0000000000006f9a      0x4f4 drivers\fsl_lpuart.o
                0x0000000000006f9a                LPUART_TransferHandleIRQ
 .text.LPUART0_DriverIRQHandler
                0x000000000000748e      0x1f6 drivers\fsl_lpuart.o
                0x000000000000748e                LPUART0_DriverIRQHandler
 .text.LPUART1_DriverIRQHandler
                0x0000000000007684       0x2c drivers\fsl_lpuart.o
                0x0000000000007684                LPUART1_DriverIRQHandler
 .text.LPUART2_DriverIRQHandler
                0x00000000000076b0       0x2c drivers\fsl_lpuart.o
                0x00000000000076b0                LPUART2_DriverIRQHandler
 .text.LPUART3_DriverIRQHandler
                0x00000000000076dc       0x36 drivers\fsl_lpuart.o
                0x00000000000076dc                LPUART3_DriverIRQHandler
 .text._ZN19CEDROOMMessagesPoolD2Ev
                0x0000000000007712       0x2e edroom_glue\src\edroomdeployment.o
                0x0000000000007712                CEDROOMMessagesPool::~CEDROOMMessagesPool()
                0x0000000000007712                CEDROOMMessagesPool::~CEDROOMMessagesPool()
 .text._ZN19CEDROOMMessagesPoolD0Ev
                0x0000000000007740       0x24 edroom_glue\src\edroomdeployment.o
                0x0000000000007740                CEDROOMMessagesPool::~CEDROOMMessagesPool()
 .text._ZN26CEDROOMTimeOutMessagesPoolD2Ev
                0x0000000000007764       0x2e edroom_glue\src\edroomdeployment.o
                0x0000000000007764                CEDROOMTimeOutMessagesPool::~CEDROOMTimeOutMessagesPool()
                0x0000000000007764                CEDROOMTimeOutMessagesPool::~CEDROOMTimeOutMessagesPool()
 .text._ZN26CEDROOMTimeOutMessagesPoolD0Ev
                0x0000000000007792       0x24 edroom_glue\src\edroomdeployment.o
                0x0000000000007792                CEDROOMTimeOutMessagesPool::~CEDROOMTimeOutMessagesPool()
 .text._Z8MainWaitR6ICUASWR12CCEPDManagerR16CCTM_ChannelCtrlR12CCHK_FDIRMngR11CCBKGTCExec
                0x00000000000077b6       0x36 edroom_glue\src\edroomdeployment.o
                0x00000000000077b6                MainWait(ICUASW&, CCEPDManager&, CCTM_ChannelCtrl&, CCHK_FDIRMng&, CCBKGTCExec&)
 .text._ZN19CEDROOMSystemMemory9SetMemoryEv
                0x00000000000077ec      0x144 edroom_glue\src\edroomdeployment.o
                0x00000000000077ec                CEDROOMSystemMemory::SetMemory()
 .text._ZN20CEDROOMSystemCommSAP13SetComponentsEP6ICUASWP12CCEPDManagerP16CCTM_ChannelCtrlP12CCHK_FDIRMngP11CCBKGTCExec
                0x0000000000007930       0x62 edroom_glue\src\edroomdeployment.o
                0x0000000000007930                CEDROOMSystemCommSAP::SetComponents(ICUASW*, CCEPDManager*, CCTM_ChannelCtrl*, CCHK_FDIRMng*, CCBKGTCExec*)
 .text._ZN20CEDROOMSystemCommSAP60C3TM_ChannelCtrl_PTMChannelCtrl3__C5BKGTCExec_PTMChannelCtrlEi
                0x0000000000007992       0x30 edroom_glue\src\edroomdeployment.o
                0x0000000000007992                CEDROOMSystemCommSAP::C3TM_ChannelCtrl_PTMChannelCtrl3__C5BKGTCExec_PTMChannelCtrl(int)
 .text._ZN20CEDROOMSystemCommSAP60C5BKGTCExec_PTMChannelCtrl__C3TM_ChannelCtrl_PTMChannelCtrl3Ei
                0x00000000000079c2       0x30 edroom_glue\src\edroomdeployment.o
                0x00000000000079c2                CEDROOMSystemCommSAP::C5BKGTCExec_PTMChannelCtrl__C3TM_ChannelCtrl_PTMChannelCtrl3(int)
 .text._ZN20CEDROOMSystemCommSAP51C5BKGTCExec_PBKGExecCtrl__C2EPDManager_PBKGExecCtrlEi
                0x00000000000079f2       0x1e edroom_glue\src\edroomdeployment.o
                0x00000000000079f2                CEDROOMSystemCommSAP::C5BKGTCExec_PBKGExecCtrl__C2EPDManager_PBKGExecCtrl(int)
 .text._ZN20CEDROOMSystemCommSAP51C2EPDManager_PBKGExecCtrl__C5BKGTCExec_PBKGExecCtrlEi
                0x0000000000007a10       0x30 edroom_glue\src\edroomdeployment.o
                0x0000000000007a10                CEDROOMSystemCommSAP::C2EPDManager_PBKGExecCtrl__C5BKGTCExec_PBKGExecCtrl(int)
 .text._ZN20CEDROOMSystemCommSAP52C4HK_FDIRMng_PHK_FDIRCtrl__C2EPDManager_PHK_FDIRCtrlEi
                0x0000000000007a40       0x30 edroom_glue\src\edroomdeployment.o
                0x0000000000007a40                CEDROOMSystemCommSAP::C4HK_FDIRMng_PHK_FDIRCtrl__C2EPDManager_PHK_FDIRCtrl(int)
 .text._ZN20CEDROOMSystemCommSAP52C2EPDManager_PHK_FDIRCtrl__C4HK_FDIRMng_PHK_FDIRCtrlEi
                0x0000000000007a70       0x30 edroom_glue\src\edroomdeployment.o
                0x0000000000007a70                CEDROOMSystemCommSAP::C2EPDManager_PHK_FDIRCtrl__C4HK_FDIRMng_PHK_FDIRCtrl(int)
 .text._ZN20CEDROOMSystemCommSAP61C3TM_ChannelCtrl_PTMChannelCtrl2__C4HK_FDIRMng_PTMChannelCtrlEi
                0x0000000000007aa0       0x30 edroom_glue\src\edroomdeployment.o
                0x0000000000007aa0                CEDROOMSystemCommSAP::C3TM_ChannelCtrl_PTMChannelCtrl2__C4HK_FDIRMng_PTMChannelCtrl(int)
 .text._ZN20CEDROOMSystemCommSAP61C4HK_FDIRMng_PTMChannelCtrl__C3TM_ChannelCtrl_PTMChannelCtrl2Ei
                0x0000000000007ad0       0x30 edroom_glue\src\edroomdeployment.o
                0x0000000000007ad0                CEDROOMSystemCommSAP::C4HK_FDIRMng_PTMChannelCtrl__C3TM_ChannelCtrl_PTMChannelCtrl2(int)
 .text._ZN20CEDROOMSystemCommSAP60C2EPDManager_PTMChannelCtrl__C3TM_ChannelCtrl_PTMChannelCtrlEi
                0x0000000000007b00       0x30 edroom_glue\src\edroomdeployment.o
                0x0000000000007b00                CEDROOMSystemCommSAP::C2EPDManager_PTMChannelCtrl__C3TM_ChannelCtrl_PTMChannelCtrl(int)
 .text._ZN20CEDROOMSystemCommSAP60C3TM_ChannelCtrl_PTMChannelCtrl__C2EPDManager_PTMChannelCtrlEi
                0x0000000000007b30       0x30 edroom_glue\src\edroomdeployment.o
                0x0000000000007b30                CEDROOMSystemCommSAP::C3TM_ChannelCtrl_PTMChannelCtrl__C2EPDManager_PTMChannelCtrl(int)
 .text._ZN20CEDROOMSystemCommSAP18RegisterInterfacesEv
                0x0000000000007b60      0x1cc edroom_glue\src\edroomdeployment.o
                0x0000000000007b60                CEDROOMSystemCommSAP::RegisterInterfaces()
 .text._ZN20CEDROOMSystemCommSAP19SetLocalConnectionsEv
                0x0000000000007d2c      0x12e edroom_glue\src\edroomdeployment.o
                0x0000000000007d2c                CEDROOMSystemCommSAP::SetLocalConnections()
 .text._ZN20CEDROOMSystemCommSAP20SetRemoteConnectionsEv
                0x0000000000007e5a       0x12 edroom_glue\src\edroomdeployment.o
                0x0000000000007e5a                CEDROOMSystemCommSAP::SetRemoteConnections()
 .text._ZN20CEDROOMSystemCommSAP14SetConnectionsEv
                0x0000000000007e6c       0x26 edroom_glue\src\edroomdeployment.o
                0x0000000000007e6c                CEDROOMSystemCommSAP::SetConnections()
 .text._ZN11CEDROOMPoolC2Ev
                0x0000000000007e92       0x20 edroom_glue\src\edroomdeployment.o
                0x0000000000007e92                CEDROOMPool::CEDROOMPool()
                0x0000000000007e92                CEDROOMPool::CEDROOMPool()
 .text._ZN17CEDROOMMemoryPoolC2Ev
                0x0000000000007eb2       0x2e edroom_glue\src\edroomdeployment.o
                0x0000000000007eb2                CEDROOMMemoryPool::CEDROOMMemoryPool()
                0x0000000000007eb2                CEDROOMMemoryPool::CEDROOMMemoryPool()
 .text._ZN19CEDROOMMessagesPoolC2Ev
                0x0000000000007ee0       0x2e edroom_glue\src\edroomdeployment.o
                0x0000000000007ee0                CEDROOMMessagesPool::CEDROOMMessagesPool()
                0x0000000000007ee0                CEDROOMMessagesPool::CEDROOMMessagesPool()
 .text._ZN12CEDROOMQueue21CEDROOMQueueNodesPoolC2Ev
                0x0000000000007f0e       0x2e edroom_glue\src\edroomdeployment.o
                0x0000000000007f0e                CEDROOMQueue::CEDROOMQueueNodesPool::CEDROOMQueueNodesPool()
                0x0000000000007f0e                CEDROOMQueue::CEDROOMQueueNodesPool::CEDROOMQueueNodesPool()
 .text._ZN22CEDROOMComponentMemoryC2Ev
                0x0000000000007f3c       0x2c edroom_glue\src\edroomdeployment.o
                0x0000000000007f3c                CEDROOMComponentMemory::CEDROOMComponentMemory()
                0x0000000000007f3c                CEDROOMComponentMemory::CEDROOMComponentMemory()
 .text._ZN16CEDROOMTimerInfoC2Ev
                0x0000000000007f68       0x20 edroom_glue\src\edroomdeployment.o
                0x0000000000007f68                CEDROOMTimerInfo::CEDROOMTimerInfo()
                0x0000000000007f68                CEDROOMTimerInfo::CEDROOMTimerInfo()
 .text._ZN21CEDROOMTimeOutMessageC2Ev
                0x0000000000007f88       0x2e edroom_glue\src\edroomdeployment.o
                0x0000000000007f88                CEDROOMTimeOutMessage::CEDROOMTimeOutMessage()
                0x0000000000007f88                CEDROOMTimeOutMessage::CEDROOMTimeOutMessage()
 .text._ZN20CEDROOMTimerInfoPoolC2Ev
                0x0000000000007fb6       0x2e edroom_glue\src\edroomdeployment.o
                0x0000000000007fb6                CEDROOMTimerInfoPool::CEDROOMTimerInfoPool()
                0x0000000000007fb6                CEDROOMTimerInfoPool::CEDROOMTimerInfoPool()
 .text._ZN26CEDROOMTimeOutMessagesPoolC2Ev
                0x0000000000007fe4       0x2e edroom_glue\src\edroomdeployment.o
                0x0000000000007fe4                CEDROOMTimeOutMessagesPool::CEDROOMTimeOutMessagesPool()
                0x0000000000007fe4                CEDROOMTimeOutMessagesPool::CEDROOMTimeOutMessagesPool()
 .text._ZN19CEDROOMTimingMemoryC2Ev
                0x0000000000008012       0x2c edroom_glue\src\edroomdeployment.o
                0x0000000000008012                CEDROOMTimingMemory::CEDROOMTimingMemory()
                0x0000000000008012                CEDROOMTimingMemory::CEDROOMTimingMemory()
 .text._ZN6ICUASW13CEDROOMMemoryC2Ev
                0x000000000000803e       0x8c edroom_glue\src\edroomdeployment.o
                0x000000000000803e                ICUASW::CEDROOMMemory::CEDROOMMemory()
                0x000000000000803e                ICUASW::CEDROOMMemory::CEDROOMMemory()
 .text._ZN12CCEPDManager13CEDROOMMemoryC2Ev
                0x00000000000080ca       0x62 edroom_glue\src\edroomdeployment.o
                0x00000000000080ca                CCEPDManager::CEDROOMMemory::CEDROOMMemory()
                0x00000000000080ca                CCEPDManager::CEDROOMMemory::CEDROOMMemory()
 .text._ZN16CCTM_ChannelCtrl13CEDROOMMemoryC2Ev
                0x000000000000812c       0x44 edroom_glue\src\edroomdeployment.o
                0x000000000000812c                CCTM_ChannelCtrl::CEDROOMMemory::CEDROOMMemory()
                0x000000000000812c                CCTM_ChannelCtrl::CEDROOMMemory::CEDROOMMemory()
 .text._ZN12CCHK_FDIRMng13CEDROOMMemoryC2Ev
                0x0000000000008170       0xca edroom_glue\src\edroomdeployment.o
                0x0000000000008170                CCHK_FDIRMng::CEDROOMMemory::CEDROOMMemory()
                0x0000000000008170                CCHK_FDIRMng::CEDROOMMemory::CEDROOMMemory()
 .text._ZN11CCBKGTCExec13CEDROOMMemoryC2Ev
                0x000000000000823a       0x62 edroom_glue\src\edroomdeployment.o
                0x000000000000823a                CCBKGTCExec::CEDROOMMemory::CEDROOMMemory()
                0x000000000000823a                CCBKGTCExec::CEDROOMMemory::CEDROOMMemory()
 .text._ZN19CEDROOMSystemMemoryC2Ev
                0x000000000000829c      0x19a edroom_glue\src\edroomdeployment.o
                0x000000000000829c                CEDROOMSystemMemory::CEDROOMSystemMemory()
                0x000000000000829c                CEDROOMSystemMemory::CEDROOMSystemMemory()
 .text._ZN22CEDROOMLocalConnectionC2Ev
                0x0000000000008436       0x2c edroom_glue\src\edroomdeployment.o
                0x0000000000008436                CEDROOMLocalConnection::CEDROOMLocalConnection()
                0x0000000000008436                CEDROOMLocalConnection::CEDROOMLocalConnection()
 .text._ZN20CEDROOMSystemCommSAPC2Ev
                0x0000000000008462       0x3a edroom_glue\src\edroomdeployment.o
                0x0000000000008462                CEDROOMSystemCommSAP::CEDROOMSystemCommSAP()
                0x0000000000008462                CEDROOMSystemCommSAP::CEDROOMSystemCommSAP()
 .text._ZN23CEDROOMSystemDeploymentC2Ev
                0x000000000000849c       0x4a edroom_glue\src\edroomdeployment.o
                0x000000000000849c                CEDROOMSystemDeployment::CEDROOMSystemDeployment()
                0x000000000000849c                CEDROOMSystemDeployment::CEDROOMSystemDeployment()
 .text._ZN23CEDROOMSystemDeployment6ConfigEP6ICUASWP12CCEPDManagerP16CCTM_ChannelCtrlP12CCHK_FDIRMngP11CCBKGTCExec
                0x00000000000084e6       0xc4 edroom_glue\src\edroomdeployment.o
                0x00000000000084e6                CEDROOMSystemDeployment::Config(ICUASW*, CCEPDManager*, CCTM_ChannelCtrl*, CCHK_FDIRMng*, CCBKGTCExec*)
 .text._ZN23CEDROOMSystemDeployment15StartComponentsEv
                0x00000000000085aa       0x70 edroom_glue\src\edroomdeployment.o
                0x00000000000085aa                CEDROOMSystemDeployment::StartComponents()
 .text._ZN23CEDROOMSystemDeployment5StartEv
                0x000000000000861a       0x42 edroom_glue\src\edroomdeployment.o
                0x000000000000861a                CEDROOMSystemDeployment::Start()
 .text._ZN23CEDROOMSystemDeployment9main_taskEv
                0x000000000000865c       0x74 edroom_glue\src\edroomdeployment.o
                0x000000000000865c                CEDROOMSystemDeployment::main_task()
 .text._ZN12CEDROOMQueue21CEDROOMQueueNodesPoolD2Ev
                0x00000000000086d0       0x2e edroom_glue\src\edroomdeployment.o
                0x00000000000086d0                CEDROOMQueue::CEDROOMQueueNodesPool::~CEDROOMQueueNodesPool()
                0x00000000000086d0                CEDROOMQueue::CEDROOMQueueNodesPool::~CEDROOMQueueNodesPool()
 .text._ZN12CEDROOMQueue21CEDROOMQueueNodesPoolD0Ev
                0x00000000000086fe       0x24 edroom_glue\src\edroomdeployment.o
                0x00000000000086fe                CEDROOMQueue::CEDROOMQueueNodesPool::~CEDROOMQueueNodesPool()
 .text._ZN20CEDROOMTimerInfoPoolD2Ev
                0x0000000000008722       0x2e edroom_glue\src\edroomdeployment.o
                0x0000000000008722                CEDROOMTimerInfoPool::~CEDROOMTimerInfoPool()
                0x0000000000008722                CEDROOMTimerInfoPool::~CEDROOMTimerInfoPool()
 .text._ZN20CEDROOMTimerInfoPoolD0Ev
                0x0000000000008750       0x24 edroom_glue\src\edroomdeployment.o
                0x0000000000008750                CEDROOMTimerInfoPool::~CEDROOMTimerInfoPool()
 .text.xEventGroupCreate
                0x0000000000008774       0x36 freertos\event_groups.o
                0x0000000000008774                xEventGroupCreate
 .text.xEventGroupSetBits
                0x00000000000087aa      0x15a freertos\event_groups.o
                0x00000000000087aa                xEventGroupSetBits
 .text.vEventGroupDelete
                0x0000000000008904       0x66 freertos\event_groups.o
                0x0000000000008904                vEventGroupDelete
 .text.vEventGroupSetBitsCallback
                0x000000000000896a       0x26 freertos\event_groups.o
                0x000000000000896a                vEventGroupSetBitsCallback
 .text.xEventGroupSetBitsFromISR
                0x0000000000008990       0x3e freertos\event_groups.o
                0x0000000000008990                xEventGroupSetBitsFromISR
 .text.prvHeapInit
                0x00000000000089ce       0x88 freertos\heap.o
 .text.pvPortMalloc
                0x0000000000008a56      0x14c freertos\heap.o
                0x0000000000008a56                pvPortMalloc
 .text.vPortFree
                0x0000000000008ba2       0x48 freertos\heap.o
                0x0000000000008ba2                vPortFree
 .text.xPortGetFreeHeapSize
                0x0000000000008bea       0x16 freertos\heap.o
                0x0000000000008bea                xPortGetFreeHeapSize
 .text.vApplicationMallocFailedHook
                0x0000000000008c00       0x2c freertos\heap.o
                0x0000000000008c00                vApplicationMallocFailedHook
 .text.vListInitialise
                0x0000000000008c2c       0x4c freertos\list.o
                0x0000000000008c2c                vListInitialise
 .text.vListInitialiseItem
                0x0000000000008c78       0x1a freertos\list.o
                0x0000000000008c78                vListInitialiseItem
 .text.vListInsertEnd
                0x0000000000008c92       0x66 freertos\list.o
                0x0000000000008c92                vListInsertEnd
 .text.vListInsert
                0x0000000000008cf8       0xa2 freertos\list.o
                0x0000000000008cf8                vListInsert
 .text.uxListRemove
                0x0000000000008d9a       0x70 freertos\list.o
                0x0000000000008d9a                uxListRemove
 .text.CLOCK_SetIpSrc
                0x0000000000008e0a       0xa8 freertos\portable\port.o
 .text.portCPU_IRQ_DISABLE
                0x0000000000008eb2       0x1a freertos\portable\port.o
 .text.portCPU_IRQ_ENABLE
                0x0000000000008ecc       0x1a freertos\portable\port.o
 .text.portYIELD_FROM_ISR
                0x0000000000008ee6       0x22 freertos\portable\port.o
                0x0000000000008ee6                portYIELD_FROM_ISR
 .text.portYIELD
                0x0000000000008f08       0x28 freertos\portable\port.o
                0x0000000000008f08                portYIELD
 .text.prvTaskExitError
                0x0000000000008f30       0x20 freertos\portable\port.o
 .text.pxPortInitialiseStack
                0x0000000000008f50       0xc4 freertos\portable\port.o
                0x0000000000008f50                pxPortInitialiseStack
 .text.xPortStartScheduler
                0x0000000000009014       0x3c freertos\portable\port.o
                0x0000000000009014                xPortStartScheduler
 .text.vPortEnterCritical
                0x0000000000009050       0x44 freertos\portable\port.o
                0x0000000000009050                vPortEnterCritical
 .text.vPortExitCritical
                0x0000000000009094       0x50 freertos\portable\port.o
                0x0000000000009094                vPortExitCritical
 .text.vPortSetInterruptMask
                0x00000000000090e4       0x40 freertos\portable\port.o
                0x00000000000090e4                vPortSetInterruptMask
 .text.vPortClearInterruptMask
                0x0000000000009124       0x34 freertos\portable\port.o
                0x0000000000009124                vPortClearInterruptMask
 .text.LPIT0_IRQHandler
                0x0000000000009158       0x32 freertos\portable\port.o
                0x0000000000009158                LPIT0_IRQHandler
 .text.xQueueGenericReset
                0x000000000000918a       0xde freertos\queue.o
                0x000000000000918a                xQueueGenericReset
 .text.xQueueGenericCreate
                0x0000000000009268       0x88 freertos\queue.o
                0x0000000000009268                xQueueGenericCreate
 .text.prvInitialiseNewQueue
                0x00000000000092f0       0x6e freertos\queue.o
 .text.prvInitialiseMutex
                0x000000000000935e       0x40 freertos\queue.o
 .text.xQueueCreateMutex
                0x000000000000939e       0x44 freertos\queue.o
                0x000000000000939e                xQueueCreateMutex
 .text.xQueueCreateCountingSemaphore
                0x00000000000093e2       0x5c freertos\queue.o
                0x00000000000093e2                xQueueCreateCountingSemaphore
 .text.xQueueGenericSend
                0x000000000000943e      0x1c4 freertos\queue.o
                0x000000000000943e                xQueueGenericSend
 .text.xQueueGenericSendFromISR
                0x0000000000009602      0x116 freertos\queue.o
                0x0000000000009602                xQueueGenericSendFromISR
 .text.xQueueGiveFromISR
                0x0000000000009718       0xf8 freertos\queue.o
                0x0000000000009718                xQueueGiveFromISR
 .text.xQueueGenericReceive
                0x0000000000009810      0x204 freertos\queue.o
                0x0000000000009810                xQueueGenericReceive
 .text.vQueueDelete
                0x0000000000009a14       0x38 freertos\queue.o
                0x0000000000009a14                vQueueDelete
 .text.prvCopyDataToQueue
                0x0000000000009a4c      0x12a freertos\queue.o
 .text.prvCopyDataFromQueue
                0x0000000000009b76       0x6a freertos\queue.o
 .text.prvUnlockQueue
                0x0000000000009be0       0xc4 freertos\queue.o
 .text.prvIsQueueEmpty
                0x0000000000009ca4       0x36 freertos\queue.o
 .text.prvIsQueueFull
                0x0000000000009cda       0x3e freertos\queue.o
 .text.vQueueAddToRegistry
                0x0000000000009d18       0x72 freertos\queue.o
                0x0000000000009d18                vQueueAddToRegistry
 .text.vQueueUnregisterQueue
                0x0000000000009d8a       0x70 freertos\queue.o
                0x0000000000009d8a                vQueueUnregisterQueue
 .text.vQueueWaitForMessageRestricted
                0x0000000000009dfa       0x8c freertos\queue.o
                0x0000000000009dfa                vQueueWaitForMessageRestricted
 .text.xTaskCreate
                0x0000000000009e86       0xac freertos\tasks.o
                0x0000000000009e86                xTaskCreate
 .text.prvInitialiseNewTask
                0x0000000000009f32      0x18a freertos\tasks.o
 .text.prvAddNewTaskToReadyList
                0x000000000000a0bc      0x110 freertos\tasks.o
 .text.vTaskDelay
                0x000000000000a1cc       0x4c freertos\tasks.o
                0x000000000000a1cc                vTaskDelay
 .text.vTaskPrioritySet
                0x000000000000a218      0x18a freertos\tasks.o
                0x000000000000a218                vTaskPrioritySet
 .text.vTaskSuspend
                0x000000000000a3a2       0xd0 freertos\tasks.o
                0x000000000000a3a2                vTaskSuspend
 .text.vTaskStartScheduler
                0x000000000000a472       0x8a freertos\tasks.o
                0x000000000000a472                vTaskStartScheduler
 .text.vTaskSuspendAll
                0x000000000000a4fc       0x22 freertos\tasks.o
                0x000000000000a4fc                vTaskSuspendAll
 .text.xTaskResumeAll
                0x000000000000a51e      0x152 freertos\tasks.o
                0x000000000000a51e                xTaskResumeAll
 .text.xTaskGetTickCount
                0x000000000000a670       0x2a freertos\tasks.o
                0x000000000000a670                xTaskGetTickCount
 .text.xTaskIncrementTick
                0x000000000000a69a      0x1a0 freertos\tasks.o
                0x000000000000a69a                xTaskIncrementTick
 .text.vTaskSwitchContext
                0x000000000000a83a       0xd0 freertos\tasks.o
                0x000000000000a83a                vTaskSwitchContext
 .text.vTaskPlaceOnEventList
                0x000000000000a90a       0x44 freertos\tasks.o
                0x000000000000a90a                vTaskPlaceOnEventList
 .text.vTaskPlaceOnEventListRestricted
                0x000000000000a94e       0x54 freertos\tasks.o
                0x000000000000a94e                vTaskPlaceOnEventListRestricted
 .text.xTaskRemoveFromEventList
                0x000000000000a9a2       0xda freertos\tasks.o
                0x000000000000a9a2                xTaskRemoveFromEventList
 .text.xTaskRemoveFromUnorderedEventList
                0x000000000000aa7c       0xd8 freertos\tasks.o