Archive member included to satisfy reference by file (symbol)

c:/vega/toolchain/riscv32-unknown-elf-gcc/bin/../lib/gcc/riscv32-unknown-elf/7.1.1/../../../../riscv32-unknown-elf/lib\libg.a(lib_a-cxa_atexit.o)
                              components\ccepdmanager\src\CCEPDManagerS.o (__cxa_atexit)
c:/vega/toolchain/riscv32-unknown-elf-gcc/bin/../lib/gcc/riscv32-unknown-elf/7.1.1/../../../../riscv32-unknown-elf/lib\libg.a(lib_a-init.o)
                              startup\startup_RV32M1_ri5cy.o (__libc_init_array)
c:/vega/toolchain/riscv32-unknown-elf-gcc/bin/../lib/gcc/riscv32-unknown-elf/7.1.1/../../../../riscv32-unknown-elf/lib\libg.a(lib_a-memcpy.o)
                              components\ccbkgtcexec\src\CCBKGTCExecB.o (memcpy)
c:/vega/toolchain/riscv32-unknown-elf-gcc/bin/../lib/gcc/riscv32-unknown-elf/7.1.1/../../../../riscv32-unknown-elf/lib\libg.a(lib_a-memset.o)
                              drivers\fsl_lpuart.o (memset)
c:/vega/toolchain/riscv32-unknown-elf-gcc/bin/../lib/gcc/riscv32-unknown-elf/7.1.1/../../../../riscv32-unknown-elf/lib\libg.a(lib_a-printf.o)
                              swpackages\edroombp_slib_head\src\freertossapi\edroombp_free_rtos.o (printf)
c:/vega/toolchain/riscv32-unknown-elf-gcc/bin/../lib/gcc/riscv32-unknown-elf/7.1.1/../../../../riscv32-unknown-elf/lib\libg.a(lib_a-strlen.o)
                              utilities\fsl_str.o (strlen)
c:/vega/toolchain/riscv32-unknown-elf-gcc/bin/../lib/gcc/riscv32-unknown-elf/7.1.1/../../../../riscv32-unknown-elf/lib\libg.a(lib_a-vprintf.o)
                              swpackages\xprintf_slib_head\src\posix_v13\linux_2_6\xprintf_iface_v1.o (vprintf)
c:/vega/toolchain/riscv32-unknown-elf-gcc/bin/../lib/gcc/riscv32-unknown-elf/7.1.1/../../../../riscv32-unknown-elf/lib\libg.a(lib_a-__atexit.o)
                              c:/vega/toolchain/riscv32-unknown-elf-gcc/bin/../lib/gcc/riscv32-unknown-elf/7.1.1/../../../../riscv32-unknown-elf/lib\libg.a(lib_a-cxa_atexit.o) (__register_exitproc)
c:/vega/toolchain/riscv32-unknown-elf-gcc/bin/../lib/gcc/riscv32-unknown-elf/7.1.1/../../../../riscv32-unknown-elf/lib\libg.a(lib_a-impure.o)
                              c:/vega/toolchain/riscv32-unknown-elf-gcc/bin/../lib/gcc/riscv32-unknown-elf/7.1.1/../../../../riscv32-unknown-elf/lib\libg.a(lib_a-__atexit.o) (_global_impure_ptr)
c:/vega/toolchain/riscv32-unknown-elf-gcc/bin/../lib/gcc/riscv32-unknown-elf/7.1.1/../../../../riscv32-unknown-elf/lib\libg.a(lib_a-nano-vfprintf.o)
                              c:/vega/toolchain/riscv32-unknown-elf-gcc/bin/../lib/gcc/riscv32-unknown-elf/7.1.1/../../../../riscv32-unknown-elf/lib\libg.a(lib_a-printf.o) (_vfprintf_r)
c:/vega/toolchain/riscv32-unknown-elf-gcc/bin/../lib/gcc/riscv32-unknown-elf/7.1.1/../../../../riscv32-unknown-elf/lib\libg.a(lib_a-wbuf.o)
                              c:/vega/toolchain/riscv32-unknown-elf-gcc/bin/../lib/gcc/riscv32-unknown-elf/7.1.1/../../../../riscv32-unknown-elf/lib\libg.a(lib_a-nano-vfprintf.o) (__swbuf_r)
c:/vega/toolchain/riscv32-unknown-elf-gcc/bin/../lib/gcc/riscv32-unknown-elf/7.1.1/../../../../riscv32-unknown-elf/lib\libg.a(lib_a-wsetup.o)
                              c:/vega/toolchain/riscv32-unknown-elf-gcc/bin/../lib/gcc/riscv32-unknown-elf/7.1.1/../../../../riscv32-unknown-elf/lib\libg.a(lib_a-nano-vfprintf.o) (__swsetup_r)
c:/vega/toolchain/riscv32-unknown-elf-gcc/bin/../lib/gcc/riscv32-unknown-elf/7.1.1/../../../../riscv32-unknown-elf/lib\libg.a(lib_a-fflush.o)
                              c:/vega/toolchain/riscv32-unknown-elf-gcc/bin/../lib/gcc/riscv32-unknown-elf/7.1.1/../../../../riscv32-unknown-elf/lib\libg.a(lib_a-wbuf.o) (_fflush_r)
c:/vega/toolchain/riscv32-unknown-elf-gcc/bin/../lib/gcc/riscv32-unknown-elf/7.1.1/../../../../riscv32-unknown-elf/lib\libg.a(lib_a-findfp.o)
                              c:/vega/toolchain/riscv32-unknown-elf-gcc/bin/../lib/gcc/riscv32-unknown-elf/7.1.1/../../../../riscv32-unknown-elf/lib\libg.a(lib_a-nano-vfprintf.o) (__sinit)
c:/vega/toolchain/riscv32-unknown-elf-gcc/bin/../lib/gcc/riscv32-unknown-elf/7.1.1/../../../../riscv32-unknown-elf/lib\libg.a(lib_a-fputwc.o)
                              c:/vega/toolchain/riscv32-unknown-elf-gcc/bin/../lib/gcc/riscv32-unknown-elf/7.1.1/../../../../riscv32-unknown-elf/lib\libg.a(lib_a-nano-vfprintf.o) (_fputwc_r)
c:/vega/toolchain/riscv32-unknown-elf-gcc/bin/../lib/gcc/riscv32-unknown-elf/7.1.1/../../../../riscv32-unknown-elf/lib\libg.a(lib_a-fvwrite.o)
                              c:/vega/toolchain/riscv32-unknown-elf-gcc/bin/../lib/gcc/riscv32-unknown-elf/7.1.1/../../../../riscv32-unknown-elf/lib\libg.a(lib_a-nano-vfprintf.o) (__sfvwrite_r)
c:/vega/toolchain/riscv32-unknown-elf-gcc/bin/../lib/gcc/riscv32-unknown-elf/7.1.1/../../../../riscv32-unknown-elf/lib\libg.a(lib_a-fwalk.o)
                              c:/vega/toolchain/riscv32-unknown-elf-gcc/bin/../lib/gcc/riscv32-unknown-elf/7.1.1/../../../../riscv32-unknown-elf/lib\libg.a(lib_a-findfp.o) (_fwalk)
[...]
Memory Configuration

Name             Origin             Length             Attributes
m_vector         0x00000000000fff00 0x0000000000000100 xr
m_text           0x0000000000000000 0x00000000000fff00 xr
m_data           0x0000000020000000 0x000000000002e800 rw
rpmsg_sh_mem     0x000000002002e800 0x0000000000001800 rw
m_usb_sram       0x0000000048010000 0x0000000000000800 rw
*default*        0x0000000000000000 0xffffffffffffffff

Linker script and memory map

START GROUP
LOAD board\board.o
LOAD board\clock_config.o
LOAD board\pin_mux.o
LOAD components\ccbkgtcexec\src\CCBKGTCExecB.o
LOAD components\ccbkgtcexec\src\CCBKGTCExecS.o
LOAD components\ccepdmanager\src\CCEPDManagerB.o
LOAD components\ccepdmanager\src\CCEPDManagerS.o
LOAD components\cchk_fdirmng\src\CCHK_FDIRMngB.o
LOAD components\cchk_fdirmng\src\CCHK_FDIRMngS.o
LOAD components\cctm_channelctrl\src\CCTM_ChannelCtrlB.o
LOAD components\cctm_channelctrl\src\CCTM_ChannelCtrlS.o
LOAD components\icuasw\src\ICUASWB.o
LOAD components\icuasw\src\ICUASWS.o
LOAD dataclasses\CDSensorTMBufferStatus\src\cdsensortmbufferstatus.o
LOAD drivers\freertos\fsl_lpuart_freertos.o
LOAD drivers\fsl_clock.o
LOAD drivers\fsl_common.o
LOAD drivers\fsl_gpio.o
LOAD drivers\fsl_lpuart.o
LOAD drivers\fsl_msmc.o
LOAD edroom_glue\src\edroomdeployment.o
LOAD freertos\croutine.o
LOAD freertos\event_groups.o
LOAD freertos\heap.o
LOAD freertos\list.o
LOAD freertos\portable\port.o
LOAD freertos\portable\portASM.o
LOAD freertos\queue.o
LOAD freertos\tasks.o
LOAD freertos\timers.o
LOAD pswpackages\freertosapi_freertos_x86_v1\src\freertos_def.o
LOAD source\icuasw_mmesp_project.o
LOAD startup\startup_RV32M1_ri5cy.o
LOAD startup\system_RV32M1_ri5cy.o
LOAD swpackages\datapool_mng_slib_head\src\datapool_mng.o
LOAD swpackages\edroombp_slib_head\src\freertossapi\edroombp_free_rtos.o
LOAD swpackages\edroombp_slib_head\src\freertossapi\freertos_posix\edroombp_free_rtos.o
LOAD swpackages\edroombp_slib_head\src\freertossapi\timespec.o
LOAD swpackages\edroomsl_slib_head\src\freertosapi\edroomsl.o
LOAD swpackages\edroomtc_slib_head\src\edroomtc.o
LOAD swpackages\emu_sc_channel_drv_slib_head\src\emu_sc_channel_drv.o
LOAD swpackages\emu_sc_channel_drv_slib_head\src\emu_sc_pus_service12.o
LOAD swpackages\emu_sc_channel_drv_slib_head\src\emu_sc_pus_service128.o
LOAD swpackages\emu_sc_channel_drv_slib_head\src\emu_sc_pus_service17.o
LOAD swpackages\emu_sc_channel_drv_slib_head\src\emu_sc_pus_service19.o
LOAD swpackages\emu_sc_channel_drv_slib_head\src\emu_sc_pus_service3.o
LOAD swpackages\emu_sc_channel_drv_slib_head\src\emu_sc_pus_service6.o
LOAD swpackages\emu_sc_channel_drv_slib_head\src\emu_sc_pus_service9.o
LOAD swpackages\emu_tc_programming\src\emu_tc_programming.o
LOAD swpackages\exit_slib_c99\src\posix_v13\exit_iface.o
LOAD swpackages\icuasw_pus_services_slib_head\src\icuasw_pus_service1.o
LOAD swpackages\icuasw_pus_services_slib_head\src\icuasw_pus_service12.o
LOAD swpackages\icuasw_pus_services_slib_head\src\icuasw_pus_service128.o
LOAD swpackages\icuasw_pus_services_slib_head\src\icuasw_pus_service17.o
LOAD swpackages\icuasw_pus_services_slib_head\src\icuasw_pus_service19.o
LOAD swpackages\icuasw_pus_services_slib_head\src\icuasw_pus_service20.o
LOAD swpackages\icuasw_pus_services_slib_head\src\icuasw_pus_service21.o
LOAD swpackages\icuasw_pus_services_slib_head\src\icuasw_pus_service3.o
LOAD swpackages\icuasw_pus_services_slib_head\src\icuasw_pus_service5.o
LOAD swpackages\icuasw_pus_services_slib_head\src\icuasw_pus_service6.o
LOAD swpackages\icuasw_pus_services_slib_head\src\icuasw_pus_service9.o
LOAD swpackages\icuasw_pus_services_slib_head\src\icuasw_pus_services.o
LOAD swpackages\xprintf_slib_head\src\posix_v13\linux_2_6\xprintf_iface_v1.o
LOAD utilities\fsl_debug_console.o
LOAD utilities\fsl_io.o
LOAD utilities\fsl_log.o
LOAD utilities\fsl_str.o
LOAD c:/vega/toolchain/riscv32-unknown-elf-gcc/bin/../lib/gcc/riscv32-unknown-elf/7.1.1/../../../../riscv32-unknown-elf/lib\libm.a
LOAD c:/vega/toolchain/riscv32-unknown-elf-gcc/bin/../lib/gcc/riscv32-unknown-elf/7.1.1/../../../../riscv32-unknown-elf/lib\libg.a
LOAD c:/vega/toolchain/riscv32-unknown-elf-gcc/bin/../lib/gcc/riscv32-unknown-elf/7.1.1\libgcc.a
LOAD c:/vega/toolchain/riscv32-unknown-elf-gcc/bin/../lib/gcc/riscv32-unknown-elf/7.1.1/../../../../riscv32-unknown-elf/lib\libnosys.a
END GROUP
                0x0000000000000400                HEAP_SIZE = DEFINED (__heap_size__)?__heap_size__:0x400
                0x0000000000000800                STACK_SIZE = DEFINED (__stack_size__)?__stack_size__:0x800

.noinit_rpmsg_sh_mem
                0x000000002002e800        0x0
 *(.noinit.$rpmsg_sh_mem*)
                0x000000002002e800                . = ALIGN (0x4)

.vectors        0x00000000000fff00       0x90
                0x00000000000fff00                __VECTOR_TABLE = .
 *(.vectors)
 .vectors       0x00000000000fff00       0x90 startup\startup_RV32M1_ri5cy.o

.text           0x0000000000000000    0x1402c
                0x0000000000000000                . = ALIGN (0x4)
 *(.startup)
 .startup       0x0000000000000000      0x192 startup\startup_RV32M1_ri5cy.o
                0x0000000000000026                _fini
                0x0000000000000026                _init
                0x000000000000013e                IllegalInstruction_Handler
                0x000000000000016e                LSU_Handler
                0x0000000000000186                IllegalInstruction_HandlerFunc
                0x000000000000018a                Ecall_HandlerFunc
                0x000000000000018e                LSU_HandlerFunc
                0x0000000000000194                . = ALIGN (0x4)
 *fill*         0x0000000000000192        0x2 
                0x0000000000000194                __user_vector = .
 *(user_vectors)
 user_vectors   0x0000000000000194       0xfc startup\system_RV32M1_ri5cy.o
                0x0000000000000194                isrTable
 *(.text)
 .text          0x0000000000000290      0x360 freertos\portable\portASM.o
                0x0000000000000290                xPortStartFirstTask
                0x000000000000031a                Ecall_Handler
                0x0000000000000466                IRQ_Handler
 .text          0x00000000000005f0        0xa c:/vega/toolchain/riscv32-unknown-elf-gcc/bin/../lib/gcc/riscv32-unknown-elf/7.1.1/../../../../riscv32-unknown-elf/lib\libg.a(lib_a-cxa_atexit.o)
                0x00000000000005f0                __cxa_atexit
 .text          0x00000000000005fa       0x60 c:/vega/toolchain/riscv32-unknown-elf-gcc/bin/../lib/gcc/riscv32-unknown-elf/7.1.1/../../../../riscv32-unknown-elf/lib\libg.a(lib_a-init.o)
                0x00000000000005fa                __libc_init_array
 .text          0x000000000000065a       0xbe c:/vega/toolchain/riscv32-unknown-elf-gcc/bin/../lib/gcc/riscv32-unknown-elf/7.1.1/../../../../riscv32-unknown-elf/lib\libg.a(lib_a-memcpy.o)
                0x000000000000065a                memcpy
 .text          0x0000000000000718       0xa8 c:/vega/toolchain/riscv32-unknown-elf-gcc/bin/../lib/gcc/riscv32-unknown-elf/7.1.1/../../../../riscv32-unknown-elf/lib\libg.a(lib_a-memset.o)
                0x0000000000000718                memset
 .text          0x00000000000007c0       0x4c c:/vega/toolchain/riscv32-unknown-elf-gcc/bin/../lib/gcc/riscv32-unknown-elf/7.1.1/../../../../riscv32-unknown-elf/lib\libg.a(lib_a-printf.o)
                0x00000000000007c0                _printf_r
                0x00000000000007c0                _iprintf_r
                0x00000000000007e0                iprintf
                0x00000000000007e0                printf
 .text          0x000000000000080c       0x12 c:/vega/toolchain/riscv32-unknown-elf-gcc/bin/../lib/gcc/riscv32-unknown-elf/7.1.1/../../../../riscv32-unknown-elf/lib\libg.a(lib_a-strlen.o)
                0x000000000000080c                strlen
 .text          0x000000000000081e       0x64 c:/vega/toolchain/riscv32-unknown-elf-gcc/bin/../lib/gcc/riscv32-unknown-elf/7.1.1/../../../../riscv32-unknown-elf/lib\libg.a(lib_a-__atexit.o)
                0x000000000000081e                __register_exitproc
 .text          0x0000000000000882      0x3b2 c:/vega/toolchain/riscv32-unknown-elf-gcc/bin/../lib/gcc/riscv32-unknown-elf/7.1.1/../../../../riscv32-unknown-elf/lib\libg.a(lib_a-nano-vfprintf.o)
                0x00000000000008aa                __sfputs_r
                0x0000000000000916                __sprint_r
                0x00000000000009b6                _vfiprintf_r
                0x00000000000009b6                _vfprintf_r
                0x0000000000000c24                vfprintf
                0x0000000000000c24                vfiprintf
 .text          0x0000000000000c34       0xc0 c:/vega/toolchain/riscv32-unknown-elf-gcc/bin/../lib/gcc/riscv32-unknown-elf/7.1.1/../../../../riscv32-unknown-elf/lib\libg.a(lib_a-wbuf.o)
                0x0000000000000c34                __swbuf_r
                0x0000000000000ce6                __swbuf
 .text          0x0000000000000cf4       0xdc c:/vega/toolchain/riscv32-unknown-elf-gcc/bin/../lib/gcc/riscv32-unknown-elf/7.1.1/../../../../riscv32-unknown-elf/lib\libg.a(lib_a-wsetup.o)
                0x0000000000000cf4                __swsetup_r
 .text          0x0000000000000dd0      0x1aa c:/vega/toolchain/riscv32-unknown-elf-gcc/bin/../lib/gcc/riscv32-unknown-elf/7.1.1/../../../../riscv32-unknown-elf/lib\libg.a(lib_a-fflush.o)
                0x0000000000000dd0                __sflush_r
                0x0000000000000f2c                _fflush_r
                0x0000000000000f5a                fflush
 .text          0x0000000000000f7a      0x1e6 c:/vega/toolchain/riscv32-unknown-elf-gcc/bin/../lib/gcc/riscv32-unknown-elf/7.1.1/../../../../riscv32-unknown-elf/lib\libg.a(lib_a-findfp.o)
                0x0000000000000f7e                _cleanup_r
                0x0000000000000ff6                __sfmoreglue
                0x000000000000103e                _cleanup
                0x0000000000001048                __sinit
                0x0000000000001096                __sfp
                0x0000000000001134                __sfp_lock_acquire
                0x0000000000001136                __sfp_lock_release
                0x0000000000001138                __sinit_lock_acquire
                0x000000000000113a                __sinit_lock_release
                0x000000000000113c                __fp_lock_all
                0x000000000000114e                __fp_unlock_all
 .text          0x0000000000001160      0x100 c:/vega/toolchain/riscv32-unknown-elf-gcc/bin/../lib/gcc/riscv32-unknown-elf/7.1.1/../../../../riscv32-unknown-elf/lib\libg.a(lib_a-fputwc.o)
                0x0000000000001160                __fputwc
                0x0000000000001212                _fputwc_r
                0x0000000000001230                fputwc
 .text          0x0000000000001260      0x2ce c:/vega/toolchain/riscv32-unknown-elf-gcc/bin/../lib/gcc/riscv32-unknown-elf/7.1.1/../../../../riscv32-unknown-elf/lib\libg.a(lib_a-fvwrite.o)
                0x0000000000001260                __sfvwrite_r
 .text          0x000000000000152e       0xce c:/vega/toolchain/riscv32-unknown-elf-gcc/bin/../lib/gcc/riscv32-unknown-elf/7.1.1/../../../../riscv32-unknown-elf/lib\libg.a(lib_a-fwalk.o)
                0x000000000000152e                _fwalk
                0x0000000000001590                _fwalk_reent
 .text          0x00000000000015fc       0x96 c:/vega/toolchain/riscv32-unknown-elf-gcc/bin/../lib/gcc/riscv32-unknown-elf/7.1.1/../../../../riscv32-unknown-elf/lib\libg.a(lib_a-locale.o)
                0x00000000000015fc                _setlocale_r
                0x000000000000164a                __locale_mb_cur_max
                0x0000000000001664                __locale_ctype_ptr_l
                0x000000000000166a                __locale_ctype_ptr
                0x0000000000001684                setlocale
 .text          0x0000000000001692      0x104 c:/vega/toolchain/riscv32-unknown-elf-gcc/bin/../lib/gcc/riscv32-unknown-elf/7.1.1/../../../../riscv32-unknown-elf/lib\libg.a(lib_a-makebuf.o)
                0x0000000000001692                __swhatbuf_r
                0x00000000000016f8                __smakebuf_r
 .text          0x0000000000001796       0x54 c:/vega/toolchain/riscv32-unknown-elf-gcc/bin/../lib/gcc/riscv32-unknown-elf/7.1.1/../../../../riscv32-unknown-elf/lib\libg.a(lib_a-mbtowc_r.o)
                0x0000000000001796                _mbtowc_r
                0x00000000000017b0                __ascii_mbtowc
 .text          0x00000000000017ea       0x1a c:/vega/toolchain/riscv32-unknown-elf-gcc/bin/../lib/gcc/riscv32-unknown-elf/7.1.1/../../../../riscv32-unknown-elf/lib\libg.a(lib_a-memchr.o)
                0x00000000000017ea                memchr
 .text          0x0000000000001804       0x3e c:/vega/toolchain/riscv32-unknown-elf-gcc/bin/../lib/gcc/riscv32-unknown-elf/7.1.1/../../../../riscv32-unknown-elf/lib\libg.a(lib_a-memmove.o)
                0x0000000000001804                memmove
 .text          0x0000000000001842       0xb0 c:/vega/toolchain/riscv32-unknown-elf-gcc/bin/../lib/gcc/riscv32-unknown-elf/7.1.1/../../../../riscv32-unknown-elf/lib\libg.a(lib_a-nano-freer.o)
                0x0000000000001842                _free_r
 .text          0x00000000000018f2       0xe0 c:/vega/toolchain/riscv32-unknown-elf-gcc/bin/../lib/gcc/riscv32-unknown-elf/7.1.1/../../../../riscv32-unknown-elf/lib\libg.a(lib_a-nano-mallocr.o)
                0x00000000000018f2                _malloc_r
 .text          0x00000000000019d2       0x52 c:/vega/toolchain/riscv32-unknown-elf-gcc/bin/../lib/gcc/riscv32-unknown-elf/7.1.1/../../../../riscv32-unknown-elf/lib\libg.a(lib_a-nano-reallocr.o)
                0x00000000000019d2                _realloc_r
 .text          0x0000000000001a24      0x3b6 c:/vega/toolchain/riscv32-unknown-elf-gcc/bin/../lib/gcc/riscv32-unknown-elf/7.1.1/../../../../riscv32-unknown-elf/lib\libg.a(lib_a-nano-vfprintf_i.o)
                0x0000000000001a24                _printf_common
                0x0000000000001b30                _printf_i
 .text          0x0000000000001dda       0x2e c:/vega/toolchain/riscv32-unknown-elf-gcc/bin/../lib/gcc/riscv32-unknown-elf/7.1.1/../../../../riscv32-unknown-elf/lib\libg.a(lib_a-sbrkr.o)
                0x0000000000001dda                _sbrk_r
 .text          0x0000000000001e08       0xbe c:/vega/toolchain/riscv32-unknown-elf-gcc/bin/../lib/gcc/riscv32-unknown-elf/7.1.1/../../../../riscv32-unknown-elf/lib\libg.a(lib_a-stdio.o)
                0x0000000000001e08                __sread
                0x0000000000001e38                __seofread
                0x0000000000001e3c                __swrite
                0x0000000000001e8a                __sseek
                0x0000000000001ec0                __sclose
 .text          0x0000000000001ec6      0x11e c:/vega/toolchain/riscv32-unknown-elf-gcc/bin/../lib/gcc/riscv32-unknown-elf/7.1.1/../../../../riscv32-unknown-elf/lib\libg.a(lib_a-strcmp.o)
                0x0000000000001ec6                strcmp
 .text          0x0000000000001fe4       0x6c c:/vega/toolchain/riscv32-unknown-elf-gcc/bin/../lib/gcc/riscv32-unknown-elf/7.1.1/../../../../riscv32-unknown-elf/lib\libg.a(lib_a-wcrtomb.o)
                0x0000000000001fe4                _wcrtomb_r
                0x0000000000002040                wcrtomb
 .text          0x0000000000002050       0x3a c:/vega/toolchain/riscv32-unknown-elf-gcc/bin/../lib/gcc/riscv32-unknown-elf/7.1.1/../../../../riscv32-unknown-elf/lib\libg.a(lib_a-wctomb_r.o)
                0x0000000000002050                _wctomb_r
                0x000000000000206a                __ascii_wctomb
 .text          0x000000000000208a       0x34 c:/vega/toolchain/riscv32-unknown-elf-gcc/bin/../lib/gcc/riscv32-unknown-elf/7.1.1/../../../../riscv32-unknown-elf/lib\libg.a(lib_a-writer.o)
                0x000000000000208a                _write_r
 .text          0x00000000000020be       0x30 c:/vega/toolchain/riscv32-unknown-elf-gcc/bin/../lib/gcc/riscv32-unknown-elf/7.1.1/../../../../riscv32-unknown-elf/lib\libg.a(lib_a-closer.o)
                0x00000000000020be                _close_r
 .text          0x00000000000020ee       0x9a c:/vega/toolchain/riscv32-unknown-elf-gcc/bin/../lib/gcc/riscv32-unknown-elf/7.1.1/../../../../riscv32-unknown-elf/lib\libg.a(lib_a-fclose.o)
                0x00000000000020ee                _fclose_r
                0x000000000000217c                fclose
 .text          0x0000000000002188       0x32 c:/vega/toolchain/riscv32-unknown-elf-gcc/bin/../lib/gcc/riscv32-unknown-elf/7.1.1/../../../../riscv32-unknown-elf/lib\libg.a(lib_a-fstatr.o)
                0x0000000000002188                _fstat_r
 .text          0x00000000000021ba       0x30 c:/vega/toolchain/riscv32-unknown-elf-gcc/bin/../lib/gcc/riscv32-unknown-elf/7.1.1/../../../../riscv32-unknown-elf/lib\libg.a(lib_a-isattyr.o)
                0x00000000000021ba                _isatty_r
 .text          0x00000000000021ea       0x34 c:/vega/toolchain/riscv32-unknown-elf-gcc/bin/../lib/gcc/riscv32-unknown-elf/7.1.1/../../../../riscv32-unknown-elf/lib\libg.a(lib_a-lseekr.o)
                0x00000000000021ea                _lseek_r
 .text          0x000000000000221e        0x4 c:/vega/toolchain/riscv32-unknown-elf-gcc/bin/../lib/gcc/riscv32-unknown-elf/7.1.1/../../../../riscv32-unknown-elf/lib\libg.a(lib_a-mlock.o)
                0x000000000000221e                __malloc_lock
                0x0000000000002220                __malloc_unlock
 .text          0x0000000000002222       0x14 c:/vega/toolchain/riscv32-unknown-elf-gcc/bin/../lib/gcc/riscv32-unknown-elf/7.1.1/../../../../riscv32-unknown-elf/lib\libg.a(lib_a-nano-msizer.o)
                0x0000000000002222                _malloc_usable_size_r
 .text          0x0000000000002236       0x34 c:/vega/toolchain/riscv32-unknown-elf-gcc/bin/../lib/gcc/riscv32-unknown-elf/7.1.1/../../../../riscv32-unknown-elf/lib\libg.a(lib_a-readr.o)
                0x0000000000002236                _read_r
 .text          0x000000000000226a       0x24 c:/vega/toolchain/riscv32-unknown-elf-gcc/bin/../lib/gcc/riscv32-unknown-elf/7.1.1/../../../../riscv32-unknown-elf/lib\libnosys.a(sbrk.o)
                0x000000000000226a                sbrk
 *(.text*)
 .text.CLOCK_SetIpSrc
                0x000000000000228e       0xa8 board\board.o
 .text.BOARD_InitDebugConsole
                0x0000000000002336       0x42 board\board.o
                0x0000000000002336                BOARD_InitDebugConsole
 .text.CLOCK_SetRunModeSysClkConfig
                0x0000000000002378       0x42 board\clock_config.o
 .text.CLOCK_GetCurSysClkConfig
                0x00000000000023ba       0x42 board\clock_config.o
 .text.CLOCK_CONFIG_FircSafeConfig
                0x00000000000023fc       0x96 board\clock_config.o
 .text.BOARD_BootClockRUN
                0x0000000000002492       0x60 board\clock_config.o
                0x0000000000002492                BOARD_BootClockRUN
 .text.CLOCK_EnableClock
                0x00000000000024f2       0x4c board\pin_mux.o
 .text.PORT_SetPinMux
                0x000000000000253e       0x46 board\pin_mux.o
 .text.BOARD_InitPins
                0x0000000000002584       0x4e board\pin_mux.o
                0x0000000000002584                BOARD_InitPins
 .text.__cxa_pure_virtual
                0x00000000000025d2        0x8 components\ccbkgtcexec\src\CCBKGTCExecB.o
                0x00000000000025d2                __cxa_pure_virtual
 .text._ZN12Pr_SemaphoreD2Ev
                0x00000000000025da       0x22 components\ccbkgtcexec\src\CCBKGTCExecB.o
                0x00000000000025da                Pr_Semaphore::~Pr_Semaphore()
                0x00000000000025da                Pr_Semaphore::~Pr_Semaphore()
 .text._ZN15Pr_SemaphoreRecD2Ev
                0x00000000000025fc       0x20 components\ccbkgtcexec\src\CCBKGTCExecB.o
                0x00000000000025fc                Pr_SemaphoreRec::~Pr_SemaphoreRec()
                0x00000000000025fc                Pr_SemaphoreRec::~Pr_SemaphoreRec()
 .text._ZN11CEDROOMPoolD2Ev
                0x000000000000261c       0x20 components\ccbkgtcexec\src\CCBKGTCExecB.o
                0x000000000000261c                CEDROOMPool::~CEDROOMPool()
                0x000000000000261c                CEDROOMPool::~CEDROOMPool()
 .text._ZN11CEDROOMPoolD0Ev
                0x000000000000263c       0x24 components\ccbkgtcexec\src\CCBKGTCExecB.o
                0x000000000000263c                CEDROOMPool::~CEDROOMPool()
 .text._ZN17CEDROOMMemoryPoolD2Ev
                0x0000000000002660       0x2e components\ccbkgtcexec\src\CCBKGTCExecB.o
                0x0000000000002660                CEDROOMMemoryPool::~CEDROOMMemoryPool()
                0x0000000000002660                CEDROOMMemoryPool::~CEDROOMMemoryPool()
 .text._ZN17CEDROOMMemoryPoolD0Ev
                0x000000000000268e       0x24 components\ccbkgtcexec\src\CCBKGTCExecB.o
                0x000000000000268e                CEDROOMMemoryPool::~CEDROOMMemoryPool()
 .text._ZN26CEDROOMProtectedMemoryPoolD2Ev
                0x00000000000026b2       0x3a components\ccbkgtcexec\src\CCBKGTCExecB.o
                0x00000000000026b2                CEDROOMProtectedMemoryPool::~CEDROOMProtectedMemoryPool()
                0x00000000000026b2                CEDROOMProtectedMemoryPool::~CEDROOMProtectedMemoryPool()
 .text._ZN26CEDROOMProtectedMemoryPoolD0Ev
                0x00000000000026ec       0x24 components\ccbkgtcexec\src\CCBKGTCExecB.o
                0x00000000000026ec                CEDROOMProtectedMemoryPool::~CEDROOMProtectedMemoryPool()
 .text._ZN4CDTMC2Ev
                0x0000000000002710       0x60 components\ccbkgtcexec\src\CCBKGTCExecB.o
                0x0000000000002710                CDTM::CDTM()
                0x0000000000002710                CDTM::CDTM()
 .text._ZN8CDTMList3AddEhh
                0x0000000000002770       0xb8 components\ccbkgtcexec\src\CCBKGTCExecB.o
                0x0000000000002770                CDTMList::Add(unsigned char, unsigned char)
 .text._ZN8CDTMListC2Ev
                0x0000000000002828       0x42 components\ccbkgtcexec\src\CCBKGTCExecB.o
                0x0000000000002828                CDTMList::CDTMList()
                0x0000000000002828                CDTMList::CDTMList()
 .text._ZN8CDTMList5ClearEv
                0x000000000000286a       0x1a components\ccbkgtcexec\src\CCBKGTCExecB.o
                0x000000000000286a                CDTMList::Clear()
 .text._ZN11CDEventList14ClearEventListEv
                0x0000000000002884       0x44 components\ccbkgtcexec\src\CCBKGTCExecB.o
                0x0000000000002884                CDEventList::ClearEventList()
 .text._ZN11CDEventListC2Ev
                0x00000000000028c8       0x1e components\ccbkgtcexec\src\CCBKGTCExecB.o
                0x00000000000028c8                CDEventList::CDEventList()
                0x00000000000028c8                CDEventList::CDEventList()
 .text._ZN9PUS_BKGTC6ExecTCER14CDTCDescriptorR8CDTMListR11CDEventList
                0x00000000000028e6       0x5c components\ccbkgtcexec\src\CCBKGTCExecB.o
                0x00000000000028e6                PUS_BKGTC::ExecTC(CDTCDescriptor&, CDTMList&, CDEventList&)
 .text._ZN11CCBKGTCExec16EDROOM_CTX_Top_016EDROOMNewMessageEv
                0x0000000000002942       0x22 components\ccbkgtcexec\src\CCBKGTCExecB.o
                0x0000000000002942                CCBKGTCExec::EDROOM_CTX_Top_0::EDROOMNewMessage()
 .text._ZN11CCBKGTCExec16EDROOM_CTX_Top_0C2ERS_R11CDEventListR8CDTMListRNS0_19CEDROOMPOOLCDTMListE
                0x0000000000002964       0x8a components\ccbkgtcexec\src\CCBKGTCExecB.o
                0x0000000000002964                CCBKGTCExec::EDROOM_CTX_Top_0::EDROOM_CTX_Top_0(CCBKGTCExec&, CDEventList&, CDTMList&, CCBKGTCExec::EDROOM_CTX_Top_0::CEDROOMPOOLCDTMList&)
                0x0000000000002964                CCBKGTCExec::EDROOM_CTX_Top_0::EDROOM_CTX_Top_0(CCBKGTCExec&, CDEventList&, CDTMList&, CCBKGTCExec::EDROOM_CTX_Top_0::CEDROOMPOOLCDTMList&)
 .text._ZN11CCBKGTCExec16EDROOM_CTX_Top_024EDROOMSearchContextTransER14TEDROOMTransId
                0x00000000000029ee       0x48 components\ccbkgtcexec\src\CCBKGTCExecB.o
                0x00000000000029ee                CCBKGTCExec::EDROOM_CTX_Top_0::EDROOMSearchContextTrans(TEDROOMTransId&)
 .text._ZN11CCBKGTCExec16EDROOM_CTX_Top_010FExecBKGTCEv
                0x0000000000002a36       0x3c components\ccbkgtcexec\src\CCBKGTCExecB.o
                0x0000000000002a36                CCBKGTCExec::EDROOM_CTX_Top_0::FExecBKGTC()
 .text._ZN11CCBKGTCExec16EDROOM_CTX_Top_09FTxTMListEv
                0x0000000000002a72       0x72 components\ccbkgtcexec\src\CCBKGTCExecB.o
                0x0000000000002a72                CCBKGTCExec::EDROOM_CTX_Top_0::FTxTMList()
 .text._ZN11CCBKGTCExec16EDROOM_CTX_Top_019CEDROOMPOOLCDTMListC2EmP8CDTMListPb
                0x0000000000002ae4       0x4a components\ccbkgtcexec\src\CCBKGTCExecB.o
                0x0000000000002ae4                CCBKGTCExec::EDROOM_CTX_Top_0::CEDROOMPOOLCDTMList::CEDROOMPOOLCDTMList(unsigned long, CDTMList*, bool*)
                0x0000000000002ae4                CCBKGTCExec::EDROOM_CTX_Top_0::CEDROOMPOOLCDTMList::CEDROOMPOOLCDTMList(unsigned long, CDTMList*, bool*)
 .text._ZN11CCBKGTCExec16EDROOM_CTX_Top_019CEDROOMPOOLCDTMList9AllocDataEv
                0x0000000000002b2e       0x22 components\ccbkgtcexec\src\CCBKGTCExecB.o
                0x0000000000002b2e                CCBKGTCExec::EDROOM_CTX_Top_0::CEDROOMPOOLCDTMList::AllocData()
 .text._ZN11CCBKGTCExec16EDROOM_SUB_Top_0C2ERS_PNS_13CEDROOMMemoryE
                0x0000000000002b50       0x80 components\ccbkgtcexec\src\CCBKGTCExecB.o
                0x0000000000002b50                CCBKGTCExec::EDROOM_SUB_Top_0::EDROOM_SUB_Top_0(CCBKGTCExec&, CCBKGTCExec::CEDROOMMemory*)
                0x0000000000002b50                CCBKGTCExec::EDROOM_SUB_Top_0::EDROOM_SUB_Top_0(CCBKGTCExec&, CCBKGTCExec::CEDROOMMemory*)
 .text._ZN11CCBKGTCExec16EDROOM_SUB_Top_015EDROOMBehaviourEv
                0x0000000000002bd0       0x9e components\ccbkgtcexec\src\CCBKGTCExecB.o
                0x0000000000002bd0                CCBKGTCExec::EDROOM_SUB_Top_0::EDROOMBehaviour()
 .text._ZN11CCBKGTCExec16EDROOM_SUB_Top_010EDROOMInitEv
                0x0000000000002c6e       0x1a components\ccbkgtcexec\src\CCBKGTCExecB.o
                0x0000000000002c6e                CCBKGTCExec::EDROOM_SUB_Top_0::EDROOMInit()
 .text._ZN11CCBKGTCExec16EDROOM_SUB_Top_014EDROOMIArrivalEv
                0x0000000000002c88       0x1e components\ccbkgtcexec\src\CCBKGTCExecB.o
                0x0000000000002c88                CCBKGTCExec::EDROOM_SUB_Top_0::EDROOMIArrival()
 .text._ZN11CCBKGTCExec16EDROOM_SUB_Top_018EDROOMReadyArrivalEv
                0x0000000000002ca6       0x96 components\ccbkgtcexec\src\CCBKGTCExecB.o
                0x0000000000002ca6                CCBKGTCExec::EDROOM_SUB_Top_0::EDROOMReadyArrival()
 .text._ZN11CCBKGTCExec16EDROOM_CTX_Top_019CEDROOMPOOLCDTMListD2Ev
                0x0000000000002d3c       0x2e components\ccbkgtcexec\src\CCBKGTCExecB.o
                0x0000000000002d3c                CCBKGTCExec::EDROOM_CTX_Top_0::CEDROOMPOOLCDTMList::~CEDROOMPOOLCDTMList()
                0x0000000000002d3c                CCBKGTCExec::EDROOM_CTX_Top_0::CEDROOMPOOLCDTMList::~CEDROOMPOOLCDTMList()
 .text._ZN11CCBKGTCExec16EDROOM_CTX_Top_019CEDROOMPOOLCDTMListD0Ev
                0x0000000000002d6a       0x24 components\ccbkgtcexec\src\CCBKGTCExecB.o
                0x0000000000002d6a                CCBKGTCExec::EDROOM_CTX_Top_0::CEDROOMPOOLCDTMList::~CEDROOMPOOLCDTMList()
 .text._ZN11CCBKGTCExec16EDROOM_SUB_Top_0D2Ev
                0x0000000000002d8e       0x24 components\ccbkgtcexec\src\CCBKGTCExecS.o
                0x0000000000002d8e                CCBKGTCExec::EDROOM_SUB_Top_0::~EDROOM_SUB_Top_0()
                0x0000000000002d8e                CCBKGTCExec::EDROOM_SUB_Top_0::~EDROOM_SUB_Top_0()
 .text._ZN11CCBKGTCExecC2Emm15TEDROOMPriorityjPNS_13CEDROOMMemoryE
                0x0000000000002db2       0x86 components\ccbkgtcexec\src\CCBKGTCExecS.o
                0x0000000000002db2                CCBKGTCExec::CCBKGTCExec(unsigned long, unsigned long, TEDROOMPriority, unsigned int, CCBKGTCExec::CEDROOMMemory*)
                0x0000000000002db2                CCBKGTCExec::CCBKGTCExec(unsigned long, unsigned long, TEDROOMPriority, unsigned int, CCBKGTCExec::CEDROOMMemory*)
 .text._ZN11CCBKGTCExec11EDROOMStartEv
                0x0000000000002e38       0x22 components\ccbkgtcexec\src\CCBKGTCExecS.o
                0x0000000000002e38                CCBKGTCExec::EDROOMStart()
 .text._ZN11CCBKGTCExec15EDROOMBehaviourEv
                0x0000000000002e5a       0x2e components\ccbkgtcexec\src\CCBKGTCExecS.o
                0x0000000000002e5a                CCBKGTCExec::EDROOMBehaviour()
 .text._ZN11CCBKGTCExec13CEDROOMMemory9SetMemoryEmP14CEDROOMMessagePbmPN12CEDROOMQueue10CQueueNodeES3_
                0x0000000000002e88       0x58 components\ccbkgtcexec\src\CCBKGTCExecS.o
                0x0000000000002e88                CCBKGTCExec::CEDROOMMemory::SetMemory(unsigned long, CEDROOMMessage*, bool*, unsigned long, CEDROOMQueue::CQueueNode*, bool*)
 .text._ZN11CCBKGTCExecD2Ev
                0x0000000000002ee0       0x3c components\ccbkgtcexec\src\CCBKGTCExecS.o
                0x0000000000002ee0                CCBKGTCExec::~CCBKGTCExec()
                0x0000000000002ee0                CCBKGTCExec::~CCBKGTCExec()
 .text._ZN11CCBKGTCExecD0Ev
                0x0000000000002f1c       0x24 components\ccbkgtcexec\src\CCBKGTCExecS.o
                0x0000000000002f1c                CCBKGTCExec::~CCBKGTCExec()
 .text._ZN14CDTCDescriptor11IsHK_FDIRTCEv
                0x0000000000002f40       0x22 components\ccepdmanager\src\CCEPDManagerB.o
                0x0000000000002f40                CDTCDescriptor::IsHK_FDIRTC()
 .text._ZN14CDTCDescriptor7IsBKGTCEv
                0x0000000000002f62       0x22 components\ccepdmanager\src\CCEPDManagerB.o
                0x0000000000002f62                CDTCDescriptor::IsBKGTC()
 .text._ZN14CDTCDescriptor9IsResetTCEv
                0x0000000000002f84       0x22 components\ccepdmanager\src\CCEPDManagerB.o
                0x0000000000002f84                CDTCDescriptor::IsResetTC()
 .text._ZN14CDTCDescriptorC2Ev
                0x0000000000002fa6       0x1a components\ccepdmanager\src\CCEPDManagerB.o
                0x0000000000002fa6                CDTCDescriptor::CDTCDescriptor()
                0x0000000000002fa6                CDTCDescriptor::CDTCDescriptor()
 .text._ZN10PUS_PrioTC6ExecTCER14CDTCDescriptorR8CDTMListR11CDEventList
                0x0000000000002fc0       0x70 components\ccepdmanager\src\CCEPDManagerB.o
                0x0000000000002fc0                PUS_PrioTC::ExecTC(CDTCDescriptor&, CDTMList&, CDEventList&)
 .text._ZN12CCEPDManager16EDROOM_CTX_Top_016EDROOMNewMessageEv
                0x0000000000003030       0x22 components\ccepdmanager\src\CCEPDManagerB.o
                0x0000000000003030                CCEPDManager::EDROOM_CTX_Top_0::EDROOMNewMessage()
 .text._ZN12CCEPDManager16EDROOM_CTX_Top_0C2ERS_R11CDEventListR14CDTCDescriptorR8CDTMListRNS0_19CEDROOMPOOLCDTMListERNS0_25CEDROOMPOOLCDTCDescriptorE
                0x0000000000003052       0xc4 components\ccepdmanager\src\CCEPDManagerB.o
                0x0000000000003052                CCEPDManager::EDROOM_CTX_Top_0::EDROOM_CTX_Top_0(CCEPDManager&, CDEventList&, CDTCDescriptor&, CDTMList&, CCEPDManager::EDROOM_CTX_Top_0::CEDROOMPOOLCDTMList&, CCEPDManager::EDROOM_CTX_Top_0::CEDROOMPOOLCDTCDescriptor&)
                0x0000000000003052                CCEPDManager::EDROOM_CTX_Top_0::EDROOM_CTX_Top_0(CCEPDManager&, CDEventList&, CDTCDescriptor&, CDTMList&, CCEPDManager::EDROOM_CTX_Top_0::CEDROOMPOOLCDTMList&, CCEPDManager::EDROOM_CTX_Top_0::CEDROOMPOOLCDTCDescriptor&)
 .text._ZN12CCEPDManager16EDROOM_CTX_Top_024EDROOMSearchContextTransER14TEDROOMTransId
                0x0000000000003116       0x48 components\ccepdmanager\src\CCEPDManagerB.o
                0x0000000000003116                CCEPDManager::EDROOM_CTX_Top_0::EDROOMSearchContextTrans(TEDROOMTransId&)
 .text._ZN12CCEPDManager16EDROOM_CTX_Top_011FExecPrioTCEv
                0x000000000000315e       0x32 components\ccepdmanager\src\CCEPDManagerB.o
                0x000000000000315e                CCEPDManager::EDROOM_CTX_Top_0::FExecPrioTC()
 .text._ZN12CCEPDManager16EDROOM_CTX_Top_09FFwdBKGTCEv
                0x0000000000003190       0x58 components\ccepdmanager\src\CCEPDManagerB.o
                0x0000000000003190                CCEPDManager::EDROOM_CTX_Top_0::FFwdBKGTC()
 .text._ZN12CCEPDManager16EDROOM_CTX_Top_013FFwdHK_FDIRTCEv
                0x00000000000031e8       0x58 components\ccepdmanager\src\CCEPDManagerB.o
                0x00000000000031e8                CCEPDManager::EDROOM_CTX_Top_0::FFwdHK_FDIRTC()
 .text._ZN12CCEPDManager16EDROOM_CTX_Top_06FGetTCEv
                0x0000000000003240       0x3e components\ccepdmanager\src\CCEPDManagerB.o
                0x0000000000003240                CCEPDManager::EDROOM_CTX_Top_0::FGetTC()
 .text._ZN12CCEPDManager16EDROOM_CTX_Top_016FHandleRecActionEv
                0x000000000000327e       0x34 components\ccepdmanager\src\CCEPDManagerB.o
                0x000000000000327e                CCEPDManager::EDROOM_CTX_Top_0::FHandleRecAction()
 .text._ZN12CCEPDManager16EDROOM_CTX_Top_05FInitEv
                0x00000000000032b2       0x1a components\ccepdmanager\src\CCEPDManagerB.o
                0x00000000000032b2                CCEPDManager::EDROOM_CTX_Top_0::FInit()
 .text._ZN12CCEPDManager16EDROOM_CTX_Top_09FTxTMListEv
                0x00000000000032cc       0x72 components\ccepdmanager\src\CCEPDManagerB.o
                0x00000000000032cc                CCEPDManager::EDROOM_CTX_Top_0::FTxTMList()
 .text._ZN12CCEPDManager16EDROOM_CTX_Top_09GAcceptTCEv
                0x000000000000333e       0x2c components\ccepdmanager\src\CCEPDManagerB.o
                0x000000000000333e                CCEPDManager::EDROOM_CTX_Top_0::GAcceptTC()
 .text._ZN12CCEPDManager16EDROOM_CTX_Top_09GFwdToBKGEv
                0x000000000000336a       0x24 components\ccepdmanager\src\CCEPDManagerB.o
                0x000000000000336a                CCEPDManager::EDROOM_CTX_Top_0::GFwdToBKG()
 .text._ZN12CCEPDManager16EDROOM_CTX_Top_013GFwdToHK_FDIREv
                0x000000000000338e       0x24 components\ccepdmanager\src\CCEPDManagerB.o
                0x000000000000338e                CCEPDManager::EDROOM_CTX_Top_0::GFwdToHK_FDIR()
 .text._ZN12CCEPDManager16EDROOM_CTX_Top_09GToRebootEv
                0x00000000000033b2       0x24 components\ccepdmanager\src\CCEPDManagerB.o
                0x00000000000033b2                CCEPDManager::EDROOM_CTX_Top_0::GToReboot()
 .text._ZN12CCEPDManager16EDROOM_CTX_Top_019CEDROOMPOOLCDTMListC2EmP8CDTMListPb
                0x00000000000033d6       0x4a components\ccepdmanager\src\CCEPDManagerB.o
                0x00000000000033d6                CCEPDManager::EDROOM_CTX_Top_0::CEDROOMPOOLCDTMList::CEDROOMPOOLCDTMList(unsigned long, CDTMList*, bool*)
                0x00000000000033d6                CCEPDManager::EDROOM_CTX_Top_0::CEDROOMPOOLCDTMList::CEDROOMPOOLCDTMList(unsigned long, CDTMList*, bool*)
 .text._ZN12CCEPDManager16EDROOM_CTX_Top_019CEDROOMPOOLCDTMList9AllocDataEv
                0x0000000000003420       0x22 components\ccepdmanager\src\CCEPDManagerB.o
                0x0000000000003420                CCEPDManager::EDROOM_CTX_Top_0::CEDROOMPOOLCDTMList::AllocData()
 .text._ZN12CCEPDManager16EDROOM_CTX_Top_025CEDROOMPOOLCDTCDescriptorC2EmP14CDTCDescriptorPb
                0x0000000000003442       0x4a components\ccepdmanager\src\CCEPDManagerB.o
                0x0000000000003442                CCEPDManager::EDROOM_CTX_Top_0::CEDROOMPOOLCDTCDescriptor::CEDROOMPOOLCDTCDescriptor(unsigned long, CDTCDescriptor*, bool*)
                0x0000000000003442                CCEPDManager::EDROOM_CTX_Top_0::CEDROOMPOOLCDTCDescriptor::CEDROOMPOOLCDTCDescriptor(unsigned long, CDTCDescriptor*, bool*)
 .text._ZN12CCEPDManager16EDROOM_CTX_Top_025CEDROOMPOOLCDTCDescriptor9AllocDataEv
                0x000000000000348c       0x22 components\ccepdmanager\src\CCEPDManagerB.o
                0x000000000000348c                CCEPDManager::EDROOM_CTX_Top_0::CEDROOMPOOLCDTCDescriptor::AllocData()
 .text._ZN12CCEPDManager16EDROOM_SUB_Top_0C2ERS_PNS_13CEDROOMMemoryE
                0x00000000000034ae       0xca components\ccepdmanager\src\CCEPDManagerB.o
                0x00000000000034ae                CCEPDManager::EDROOM_SUB_Top_0::EDROOM_SUB_Top_0(CCEPDManager&, CCEPDManager::CEDROOMMemory*)
                0x00000000000034ae                CCEPDManager::EDROOM_SUB_Top_0::EDROOM_SUB_Top_0(CCEPDManager&, CCEPDManager::CEDROOMMemory*)
 .text._ZN12CCEPDManager16EDROOM_SUB_Top_015EDROOMBehaviourEv
                0x0000000000003578      0x1c4 components\ccepdmanager\src\CCEPDManagerB.o
                0x0000000000003578                CCEPDManager::EDROOM_SUB_Top_0::EDROOMBehaviour()
 .text._ZN12CCEPDManager16EDROOM_SUB_Top_010EDROOMInitEv
                0x000000000000373c       0x1a components\ccepdmanager\src\CCEPDManagerB.o
                0x000000000000373c                CCEPDManager::EDROOM_SUB_Top_0::EDROOMInit()
 .text._ZN12CCEPDManager16EDROOM_SUB_Top_014EDROOMIArrivalEv
                0x0000000000003756       0x1e components\ccepdmanager\src\CCEPDManagerB.o
                0x0000000000003756                CCEPDManager::EDROOM_SUB_Top_0::EDROOMIArrival()
 .text._ZN12CCEPDManager16EDROOM_SUB_Top_020EDROOMValidTCArrivalEv
                0x0000000000003774       0x20 components\ccepdmanager\src\CCEPDManagerB.o
                0x0000000000003774                CCEPDManager::EDROOM_SUB_Top_0::EDROOMValidTCArrival()
 .text._ZN12CCEPDManager16EDROOM_SUB_Top_018EDROOMReadyArrivalEv
                0x0000000000003794       0xd8 components\ccepdmanager\src\CCEPDManagerB.o
                0x0000000000003794                CCEPDManager::EDROOM_SUB_Top_0::EDROOMReadyArrival()
 .text._ZN12CCEPDManager16EDROOM_SUB_Top_019EDROOMRebootArrivalEv
                0x000000000000386c       0x54 components\ccepdmanager\src\CCEPDManagerB.o
                0x000000000000386c                CCEPDManager::EDROOM_SUB_Top_0::EDROOMRebootArrival()
 .text._ZN12CCEPDManager16EDROOM_CTX_Top_025CEDROOMPOOLCDTCDescriptorD2Ev
                0x00000000000038c0       0x2e components\ccepdmanager\src\CCEPDManagerB.o
                0x00000000000038c0                CCEPDManager::EDROOM_CTX_Top_0::CEDROOMPOOLCDTCDescriptor::~CEDROOMPOOLCDTCDescriptor()
                0x00000000000038c0                CCEPDManager::EDROOM_CTX_Top_0::CEDROOMPOOLCDTCDescriptor::~CEDROOMPOOLCDTCDescriptor()
 .text._ZN12CCEPDManager16EDROOM_CTX_Top_025CEDROOMPOOLCDTCDescriptorD0Ev
                0x00000000000038ee       0x24 components\ccepdmanager\src\CCEPDManagerB.o
                0x00000000000038ee                CCEPDManager::EDROOM_CTX_Top_0::CEDROOMPOOLCDTCDescriptor::~CEDROOMPOOLCDTCDescriptor()
 .text._ZN12CCEPDManager16EDROOM_CTX_Top_019CEDROOMPOOLCDTMListD2Ev
                0x0000000000003912       0x2e components\ccepdmanager\src\CCEPDManagerB.o
                0x0000000000003912                CCEPDManager::EDROOM_CTX_Top_0::CEDROOMPOOLCDTMList::~CEDROOMPOOLCDTMList()
                0x0000000000003912                CCEPDManager::EDROOM_CTX_Top_0::CEDROOMPOOLCDTMList::~CEDROOMPOOLCDTMList()
 .text._ZN12CCEPDManager16EDROOM_CTX_Top_019CEDROOMPOOLCDTMListD0Ev
                0x0000000000003940       0x24 components\ccepdmanager\src\CCEPDManagerB.o
                0x0000000000003940                CCEPDManager::EDROOM_CTX_Top_0::CEDROOMPOOLCDTMList::~CEDROOMPOOLCDTMList()
 .text._ZN15Pr_SemaphoreBinD2Ev
                0x0000000000003964       0x20 components\ccepdmanager\src\CCEPDManagerS.o
                0x0000000000003964                Pr_SemaphoreBin::~Pr_SemaphoreBin()
                0x0000000000003964                Pr_SemaphoreBin::~Pr_SemaphoreBin()
 .text._ZN7Pr_TaskD2Ev
                0x0000000000003984       0x2e components\ccepdmanager\src\CCEPDManagerS.o
                0x0000000000003984                Pr_Task::~Pr_Task()
                0x0000000000003984                Pr_Task::~Pr_Task()
 .text._ZN12CCEPDManager30CEDROOMPOOLIRQ45CDTCDescriptorC2Ev
                0x00000000000039b2       0x6e components\ccepdmanager\src\CCEPDManagerS.o
                0x00000000000039b2                CCEPDManager::CEDROOMPOOLIRQ45CDTCDescriptor::CEDROOMPOOLIRQ45CDTCDescriptor()
                0x00000000000039b2                CCEPDManager::CEDROOMPOOLIRQ45CDTCDescriptor::CEDROOMPOOLIRQ45CDTCDescriptor()
 .text._ZN12CCEPDManager30CEDROOMPOOLIRQ45CDTCDescriptor9AllocDataEv
                0x0000000000003a20       0x22 components\ccepdmanager\src\CCEPDManagerS.o
                0x0000000000003a20                CCEPDManager::CEDROOMPOOLIRQ45CDTCDescriptor::AllocData()
 .text._ZN12CCEPDManager33EDROOMIRQ45HandlerTopHalfFunctionEv
                0x0000000000003a42       0x2a components\ccepdmanager\src\CCEPDManagerS.o
                0x0000000000003a42                CCEPDManager::EDROOMIRQ45HandlerTopHalfFunction()
 .text._ZN12CCEPDManager18EDROOMIRQ45HandlerEv
                0x0000000000003a6c       0x14 components\ccepdmanager\src\CCEPDManagerS.o
                0x0000000000003a6c                CCEPDManager::EDROOMIRQ45Handler()
 .text._ZN12CCEPDManager22EDROOMIRQ45IdleHandlerEv
                0x0000000000003a80        0xe components\ccepdmanager\src\CCEPDManagerS.o
                0x0000000000003a80                CCEPDManager::EDROOMIRQ45IdleHandler()
 .text._ZN12CCEPDManager25EDROOMIRQ45BottomHalfTaskEv
                0x0000000000003a8e       0x96 components\ccepdmanager\src\CCEPDManagerS.o
                0x0000000000003a8e                CCEPDManager::EDROOMIRQ45BottomHalfTask()
 .text._ZN12CCEPDManager16EDROOM_SUB_Top_0D2Ev
                0x0000000000003b24       0x32 components\ccepdmanager\src\CCEPDManagerS.o
                0x0000000000003b24                CCEPDManager::EDROOM_SUB_Top_0::~EDROOM_SUB_Top_0()
                0x0000000000003b24                CCEPDManager::EDROOM_SUB_Top_0::~EDROOM_SUB_Top_0()
 .text._ZN12CCEPDManagerC2Emm15TEDROOMPriorityjPNS_13CEDROOMMemoryE
                0x0000000000003b56       0xb2 components\ccepdmanager\src\CCEPDManagerS.o
                0x0000000000003b56                CCEPDManager::CCEPDManager(unsigned long, unsigned long, TEDROOMPriority, unsigned int, CCEPDManager::CEDROOMMemory*)
                0x0000000000003b56                CCEPDManager::CCEPDManager(unsigned long, unsigned long, TEDROOMPriority, unsigned int, CCEPDManager::CEDROOMMemory*)
 .text._ZN12CCEPDManager11EDROOMStartEv
                0x0000000000003c08       0x22 components\ccepdmanager\src\CCEPDManagerS.o
                0x0000000000003c08                CCEPDManager::EDROOMStart()
 .text._ZN12CCEPDManager15EDROOMBehaviourEv
                0x0000000000003c2a       0x3e components\ccepdmanager\src\CCEPDManagerS.o
                0x0000000000003c2a                CCEPDManager::EDROOMBehaviour()
 .text._ZN12CCEPDManager13CEDROOMMemory9SetMemoryEmP14CEDROOMMessagePbmPN12CEDROOMQueue10CQueueNodeES3_
                0x0000000000003c68       0x58 components\ccepdmanager\src\CCEPDManagerS.o
                0x0000000000003c68                CCEPDManager::CEDROOMMemory::SetMemory(unsigned long, CEDROOMMessage*, bool*, unsigned long, CEDROOMQueue::CQueueNode*, bool*)
 .text._ZN12CCEPDManagerD2Ev
                0x0000000000003cc0       0x4a components\ccepdmanager\src\CCEPDManagerS.o
                0x0000000000003cc0                CCEPDManager::~CCEPDManager()
                0x0000000000003cc0                CCEPDManager::~CCEPDManager()
 .text._ZN12CCEPDManagerD0Ev
                0x0000000000003d0a       0x24 components\ccepdmanager\src\CCEPDManagerS.o
                0x0000000000003d0a                CCEPDManager::~CCEPDManager()
 .text._ZN12CCEPDManager30CEDROOMPOOLIRQ45CDTCDescriptorD2Ev
                0x0000000000003d2e       0x2e components\ccepdmanager\src\CCEPDManagerS.o
                0x0000000000003d2e                CCEPDManager::CEDROOMPOOLIRQ45CDTCDescriptor::~CEDROOMPOOLIRQ45CDTCDescriptor()
                0x0000000000003d2e                CCEPDManager::CEDROOMPOOLIRQ45CDTCDescriptor::~CEDROOMPOOLIRQ45CDTCDescriptor()
 .text._ZN12CCEPDManager30CEDROOMPOOLIRQ45CDTCDescriptorD0Ev
                0x0000000000003d5c       0x24 components\ccepdmanager\src\CCEPDManagerS.o
                0x0000000000003d5c                CCEPDManager::CEDROOMPOOLIRQ45CDTCDescriptor::~CEDROOMPOOLIRQ45CDTCDescriptor()
 .text._Z41__static_initialization_and_destruction_0ii
                0x0000000000003d80       0xce components\ccepdmanager\src\CCEPDManagerS.o
 .text._GLOBAL__sub_I___dso_handle
                0x0000000000003e4e       0x1a components\ccepdmanager\src\CCEPDManagerS.o
 .text._ZN13CDRecovActionC2Ev
                0x0000000000003e68       0x1c components\cchk_fdirmng\src\CCHK_FDIRMngB.o
                0x0000000000003e68                CDRecovAction::CDRecovAction()
                0x0000000000003e68                CDRecovAction::CDRecovAction()
 .text._ZN13PUS_HK_FDIRTC6ExecTCER14CDTCDescriptorR8CDTMListR11CDEventList
                0x0000000000003e84       0x8c components\cchk_fdirmng\src\CCHK_FDIRMngB.o
                0x0000000000003e84                PUS_HK_FDIRTC::ExecTC(CDTCDescriptor&, CDTMList&, CDEventList&)
 .text._ZN12CCHK_FDIRMng16EDROOM_CTX_Top_016EDROOMNewMessageEv
                0x0000000000003f10       0x22 components\cchk_fdirmng\src\CCHK_FDIRMngB.o
                0x0000000000003f10                CCHK_FDIRMng::EDROOM_CTX_Top_0::EDROOMNewMessage()
 .text._ZN12CCHK_FDIRMng16EDROOM_CTX_Top_0C2ERS_R13CDRecovActionR8CDTMListR7Pr_TimeRNS0_19CEDROOMPOOLCDTMListERNS0_24CEDROOMPOOLCDRecovActionE
                0x0000000000003f32       0xb6 components\cchk_fdirmng\src\CCHK_FDIRMngB.o
                0x0000000000003f32                CCHK_FDIRMng::EDROOM_CTX_Top_0::EDROOM_CTX_Top_0(CCHK_FDIRMng&, CDRecovAction&, CDTMList&, Pr_Time&, CCHK_FDIRMng::EDROOM_CTX_Top_0::CEDROOMPOOLCDTMList&, CCHK_FDIRMng::EDROOM_CTX_Top_0::CEDROOMPOOLCDRecovAction&)
                0x0000000000003f32                CCHK_FDIRMng::EDROOM_CTX_Top_0::EDROOM_CTX_Top_0(CCHK_FDIRMng&, CDRecovAction&, CDTMList&, Pr_Time&, CCHK_FDIRMng::EDROOM_CTX_Top_0::CEDROOMPOOLCDTMList&, CCHK_FDIRMng::EDROOM_CTX_Top_0::CEDROOMPOOLCDRecovAction&)
 .text._ZN12CCHK_FDIRMng16EDROOM_CTX_Top_024EDROOMSearchContextTransER14TEDROOMTransId
                0x0000000000003fe8       0x48 components\cchk_fdirmng\src\CCHK_FDIRMngB.o
                0x0000000000003fe8                CCHK_FDIRMng::EDROOM_CTX_Top_0::EDROOMSearchContextTrans(TEDROOMTransId&)
 .text._ZN12CCHK_FDIRMng16EDROOM_CTX_Top_010FDoHK_FDIREv
                0x0000000000004030       0xaa components\cchk_fdirmng\src\CCHK_FDIRMngB.o
                0x0000000000004030                CCHK_FDIRMng::EDROOM_CTX_Top_0::FDoHK_FDIR()
 .text._ZN12CCHK_FDIRMng16EDROOM_CTX_Top_015FExecHK_FDIR_TCEv
                0x00000000000040da       0x44 components\cchk_fdirmng\src\CCHK_FDIRMngB.o
                0x00000000000040da                CCHK_FDIRMng::EDROOM_CTX_Top_0::FExecHK_FDIR_TC()
 .text._ZN12CCHK_FDIRMng16EDROOM_CTX_Top_017FGetNextRecActionEv
                0x000000000000411e       0x22 components\cchk_fdirmng\src\CCHK_FDIRMngB.o
                0x000000000000411e                CCHK_FDIRMng::EDROOM_CTX_Top_0::FGetNextRecAction()
 .text._ZN12CCHK_FDIRMng16EDROOM_CTX_Top_012FInitHK_FDIREv
                0x0000000000004140       0x80 components\cchk_fdirmng\src\CCHK_FDIRMngB.o
                0x0000000000004140                CCHK_FDIRMng::EDROOM_CTX_Top_0::FInitHK_FDIR()
 .text._ZN12CCHK_FDIRMng16EDROOM_CTX_Top_014FSendRecActionEv
                0x00000000000041c0       0x50 components\cchk_fdirmng\src\CCHK_FDIRMngB.o
                0x00000000000041c0                CCHK_FDIRMng::EDROOM_CTX_Top_0::FSendRecAction()
 .text._ZN12CCHK_FDIRMng16EDROOM_CTX_Top_09FTxTMListEv
                0x0000000000004210       0x72 components\cchk_fdirmng\src\CCHK_FDIRMngB.o
                0x0000000000004210                CCHK_FDIRMng::EDROOM_CTX_Top_0::FTxTMList()
 .text._ZN12CCHK_FDIRMng16EDROOM_CTX_Top_014GSendRecActionEv
                0x0000000000004282       0x24 components\cchk_fdirmng\src\CCHK_FDIRMngB.o
                0x0000000000004282                CCHK_FDIRMng::EDROOM_CTX_Top_0::GSendRecAction()
 .text._ZN12CCHK_FDIRMng16EDROOM_CTX_Top_019CEDROOMPOOLCDTMListC2EmP8CDTMListPb
                0x00000000000042a6       0x4a components\cchk_fdirmng\src\CCHK_FDIRMngB.o
                0x00000000000042a6                CCHK_FDIRMng::EDROOM_CTX_Top_0::CEDROOMPOOLCDTMList::CEDROOMPOOLCDTMList(unsigned long, CDTMList*, bool*)
                0x00000000000042a6                CCHK_FDIRMng::EDROOM_CTX_Top_0::CEDROOMPOOLCDTMList::CEDROOMPOOLCDTMList(unsigned long, CDTMList*, bool*)
 .text._ZN12CCHK_FDIRMng16EDROOM_CTX_Top_019CEDROOMPOOLCDTMList9AllocDataEv
                0x00000000000042f0       0x22 components\cchk_fdirmng\src\CCHK_FDIRMngB.o
                0x00000000000042f0                CCHK_FDIRMng::EDROOM_CTX_Top_0::CEDROOMPOOLCDTMList::AllocData()
 .text._ZN12CCHK_FDIRMng16EDROOM_CTX_Top_024CEDROOMPOOLCDRecovActionC2EmP13CDRecovActionPb
                0x0000000000004312       0x48 components\cchk_fdirmng\src\CCHK_FDIRMngB.o
                0x0000000000004312                CCHK_FDIRMng::EDROOM_CTX_Top_0::CEDROOMPOOLCDRecovAction::CEDROOMPOOLCDRecovAction(unsigned long, CDRecovAction*, bool*)
                0x0000000000004312                CCHK_FDIRMng::EDROOM_CTX_Top_0::CEDROOMPOOLCDRecovAction::CEDROOMPOOLCDRecovAction(unsigned long, CDRecovAction*, bool*)
 .text._ZN12CCHK_FDIRMng16EDROOM_CTX_Top_024CEDROOMPOOLCDRecovAction9AllocDataEv
                0x000000000000435a       0x22 components\cchk_fdirmng\src\CCHK_FDIRMngB.o
                0x000000000000435a                CCHK_FDIRMng::EDROOM_CTX_Top_0::CEDROOMPOOLCDRecovAction::AllocData()
 .text._ZN12CCHK_FDIRMng16EDROOM_SUB_Top_0C2ERS_PNS_13CEDROOMMemoryE
                0x000000000000437c       0xca components\cchk_fdirmng\src\CCHK_FDIRMngB.o
                0x000000000000437c                CCHK_FDIRMng::EDROOM_SUB_Top_0::EDROOM_SUB_Top_0(CCHK_FDIRMng&, CCHK_FDIRMng::CEDROOMMemory*)
                0x000000000000437c                CCHK_FDIRMng::EDROOM_SUB_Top_0::EDROOM_SUB_Top_0(CCHK_FDIRMng&, CCHK_FDIRMng::CEDROOMMemory*)
 .text._ZN12CCHK_FDIRMng16EDROOM_SUB_Top_015EDROOMBehaviourEv
                0x0000000000004446      0x106 components\cchk_fdirmng\src\CCHK_FDIRMngB.o
                0x0000000000004446                CCHK_FDIRMng::EDROOM_SUB_Top_0::EDROOMBehaviour()
 .text._ZN12CCHK_FDIRMng16EDROOM_SUB_Top_010EDROOMInitEv
                0x000000000000454c       0x1a components\cchk_fdirmng\src\CCHK_FDIRMngB.o
                0x000000000000454c                CCHK_FDIRMng::EDROOM_SUB_Top_0::EDROOMInit()
 .text._ZN12CCHK_FDIRMng16EDROOM_SUB_Top_014EDROOMIArrivalEv
                0x0000000000004566       0x1e components\cchk_fdirmng\src\CCHK_FDIRMngB.o
                0x0000000000004566                CCHK_FDIRMng::EDROOM_SUB_Top_0::EDROOMIArrival()
 .text._ZN12CCHK_FDIRMng16EDROOM_SUB_Top_018EDROOMReadyArrivalEv
                0x0000000000004584       0xd4 components\cchk_fdirmng\src\CCHK_FDIRMngB.o
                0x0000000000004584                CCHK_FDIRMng::EDROOM_SUB_Top_0::EDROOMReadyArrival()
 .text._ZN12CCHK_FDIRMng16EDROOM_CTX_Top_024CEDROOMPOOLCDRecovActionD2Ev
                0x0000000000004658       0x2e components\cchk_fdirmng\src\CCHK_FDIRMngB.o
                0x0000000000004658                CCHK_FDIRMng::EDROOM_CTX_Top_0::CEDROOMPOOLCDRecovAction::~CEDROOMPOOLCDRecovAction()
                0x0000000000004658                CCHK_FDIRMng::EDROOM_CTX_Top_0::CEDROOMPOOLCDRecovAction::~CEDROOMPOOLCDRecovAction()
 .text._ZN12CCHK_FDIRMng16EDROOM_CTX_Top_024CEDROOMPOOLCDRecovActionD0Ev
                0x0000000000004686       0x24 components\cchk_fdirmng\src\CCHK_FDIRMngB.o
                0x0000000000004686                CCHK_FDIRMng::EDROOM_CTX_Top_0::CEDROOMPOOLCDRecovAction::~CEDROOMPOOLCDRecovAction()
 .text._ZN12CCHK_FDIRMng16EDROOM_CTX_Top_019CEDROOMPOOLCDTMListD2Ev
                0x00000000000046aa       0x2e components\cchk_fdirmng\src\CCHK_FDIRMngB.o
                0x00000000000046aa                CCHK_FDIRMng::EDROOM_CTX_Top_0::CEDROOMPOOLCDTMList::~CEDROOMPOOLCDTMList()
                0x00000000000046aa                CCHK_FDIRMng::EDROOM_CTX_Top_0::CEDROOMPOOLCDTMList::~CEDROOMPOOLCDTMList()
 .text._ZN12CCHK_FDIRMng16EDROOM_CTX_Top_019CEDROOMPOOLCDTMListD0Ev
                0x00000000000046d8       0x24 components\cchk_fdirmng\src\CCHK_FDIRMngB.o
                0x00000000000046d8                CCHK_FDIRMng::EDROOM_CTX_Top_0::CEDROOMPOOLCDTMList::~CEDROOMPOOLCDTMList()
 .text._ZN16CEDROOMTimingSAPD2Ev
                0x00000000000046fc       0x4a components\cchk_fdirmng\src\CCHK_FDIRMngS.o
                0x00000000000046fc                CEDROOMTimingSAP::~CEDROOMTimingSAP()
                0x00000000000046fc                CEDROOMTimingSAP::~CEDROOMTimingSAP()
 .text._ZN12CCHK_FDIRMng16EDROOM_SUB_Top_0D2Ev
                0x0000000000004746       0x32 components\cchk_fdirmng\src\CCHK_FDIRMngS.o
                0x0000000000004746                CCHK_FDIRMng::EDROOM_SUB_Top_0::~EDROOM_SUB_Top_0()
                0x0000000000004746                CCHK_FDIRMng::EDROOM_SUB_Top_0::~EDROOM_SUB_Top_0()
 .text._ZN12CCHK_FDIRMngC2Emm15TEDROOMPriorityjPNS_13CEDROOMMemoryE
                0x0000000000004778       0xc0 components\cchk_fdirmng\src\CCHK_FDIRMngS.o
                0x0000000000004778                CCHK_FDIRMng::CCHK_FDIRMng(unsigned long, unsigned long, TEDROOMPriority, unsigned int, CCHK_FDIRMng::CEDROOMMemory*)
                0x0000000000004778                CCHK_FDIRMng::CCHK_FDIRMng(unsigned long, unsigned long, TEDROOMPriority, unsigned int, CCHK_FDIRMng::CEDROOMMemory*)
 .text._ZN12CCHK_FDIRMng11EDROOMStartEv
                0x0000000000004838       0x30 components\cchk_fdirmng\src\CCHK_FDIRMngS.o
                0x0000000000004838                CCHK_FDIRMng::EDROOMStart()
 .text._ZN12CCHK_FDIRMng15EDROOMBehaviourEv
                0x0000000000004868       0x32 components\cchk_fdirmng\src\CCHK_FDIRMngS.o
                0x0000000000004868                CCHK_FDIRMng::EDROOMBehaviour()
 .text._ZN12CCHK_FDIRMng13CEDROOMMemory9SetMemoryEmP14CEDROOMMessagePbmPN12CEDROOMQueue10CQueueNodeES3_
                0x000000000000489a       0x86 components\cchk_fdirmng\src\CCHK_FDIRMngS.o
                0x000000000000489a                CCHK_FDIRMng::CEDROOMMemory::SetMemory(unsigned long, CEDROOMMessage*, bool*, unsigned long, CEDROOMQueue::CQueueNode*, bool*)
 .text._ZN12CCHK_FDIRMngD2Ev
                0x0000000000004920       0x4a components\cchk_fdirmng\src\CCHK_FDIRMngS.o
                0x0000000000004920                CCHK_FDIRMng::~CCHK_FDIRMng()
                0x0000000000004920                CCHK_FDIRMng::~CCHK_FDIRMng()
 .text._ZN12CCHK_FDIRMngD0Ev
                0x000000000000496a       0x22 components\cchk_fdirmng\src\CCHK_FDIRMngS.o
                0x000000000000496a                CCHK_FDIRMng::~CCHK_FDIRMng()
 .text._ZN16CCTM_ChannelCtrl16EDROOM_CTX_Top_016EDROOMNewMessageEv
                0x000000000000498c       0x22 components\cctm_channelctrl\src\CCTM_ChannelCtrlB.o
                0x000000000000498c                CCTM_ChannelCtrl::EDROOM_CTX_Top_0::EDROOMNewMessage()
 .text._ZN16CCTM_ChannelCtrl16EDROOM_CTX_Top_0C2ERS_
                0x00000000000049ae       0x70 components\cctm_channelctrl\src\CCTM_ChannelCtrlB.o
                0x00000000000049ae                CCTM_ChannelCtrl::EDROOM_CTX_Top_0::EDROOM_CTX_Top_0(CCTM_ChannelCtrl&)
                0x00000000000049ae                CCTM_ChannelCtrl::EDROOM_CTX_Top_0::EDROOM_CTX_Top_0(CCTM_ChannelCtrl&)
 .text._ZN16CCTM_ChannelCtrl16EDROOM_CTX_Top_024EDROOMSearchContextTransER14TEDROOMTransId
                0x0000000000004a1e       0x48 components\cctm_channelctrl\src\CCTM_ChannelCtrlB.o
                0x0000000000004a1e                CCTM_ChannelCtrl::EDROOM_CTX_Top_0::EDROOMSearchContextTrans(TEDROOMTransId&)
 .text._ZN16CCTM_ChannelCtrl16EDROOM_CTX_Top_014FReplyTMQueuedEv
                0x0000000000004a66       0x32 components\cctm_channelctrl\src\CCTM_ChannelCtrlB.o
                0x0000000000004a66                CCTM_ChannelCtrl::EDROOM_CTX_Top_0::FReplyTMQueued()
 .text._ZN16CCTM_ChannelCtrl16EDROOM_CTX_Top_011FSendTMListEv
                0x0000000000004a98       0x2c components\cctm_channelctrl\src\CCTM_ChannelCtrlB.o
                0x0000000000004a98                CCTM_ChannelCtrl::EDROOM_CTX_Top_0::FSendTMList()
 .text._ZN16CCTM_ChannelCtrl16EDROOM_SUB_Top_0C2ERS_
                0x0000000000004ac4       0x28 components\cctm_channelctrl\src\CCTM_ChannelCtrlB.o
                0x0000000000004ac4                CCTM_ChannelCtrl::EDROOM_SUB_Top_0::EDROOM_SUB_Top_0(CCTM_ChannelCtrl&)
                0x0000000000004ac4                CCTM_ChannelCtrl::EDROOM_SUB_Top_0::EDROOM_SUB_Top_0(CCTM_ChannelCtrl&)
 .text._ZN16CCTM_ChannelCtrl16EDROOM_SUB_Top_015EDROOMBehaviourEv
                0x0000000000004aec       0x9e components\cctm_channelctrl\src\CCTM_ChannelCtrlB.o
                0x0000000000004aec                CCTM_ChannelCtrl::EDROOM_SUB_Top_0::EDROOMBehaviour()
 .text._ZN16CCTM_ChannelCtrl16EDROOM_SUB_Top_010EDROOMInitEv
                0x0000000000004b8a       0x1a components\cctm_channelctrl\src\CCTM_ChannelCtrlB.o
                0x0000000000004b8a                CCTM_ChannelCtrl::EDROOM_SUB_Top_0::EDROOMInit()
 .text._ZN16CCTM_ChannelCtrl16EDROOM_SUB_Top_014EDROOMIArrivalEv
                0x0000000000004ba4       0x1e components\cctm_channelctrl\src\CCTM_ChannelCtrlB.o
                0x0000000000004ba4                CCTM_ChannelCtrl::EDROOM_SUB_Top_0::EDROOMIArrival()
 .text._ZN16CCTM_ChannelCtrl16EDROOM_SUB_Top_018EDROOMReadyArrivalEv
                0x0000000000004bc2       0x76 components\cctm_channelctrl\src\CCTM_ChannelCtrlB.o
                0x0000000000004bc2                CCTM_ChannelCtrl::EDROOM_SUB_Top_0::EDROOMReadyArrival()
 .text._ZN16CCTM_ChannelCtrlC2Emm15TEDROOMPriorityjPNS_13CEDROOMMemoryE
                0x0000000000004c38       0x92 components\cctm_channelctrl\src\CCTM_ChannelCtrlS.o
                0x0000000000004c38                CCTM_ChannelCtrl::CCTM_ChannelCtrl(unsigned long, unsigned long, TEDROOMPriority, unsigned int, CCTM_ChannelCtrl::CEDROOMMemory*)
                0x0000000000004c38                CCTM_ChannelCtrl::CCTM_ChannelCtrl(unsigned long, unsigned long, TEDROOMPriority, unsigned int, CCTM_ChannelCtrl::CEDROOMMemory*)
 .text._ZN16CCTM_ChannelCtrl11EDROOMStartEv
                0x0000000000004cca       0x22 components\cctm_channelctrl\src\CCTM_ChannelCtrlS.o
                0x0000000000004cca                CCTM_ChannelCtrl::EDROOMStart()
 .text._ZN16CCTM_ChannelCtrl15EDROOMBehaviourEv
                0x0000000000004cec       0x32 components\cctm_channelctrl\src\CCTM_ChannelCtrlS.o
                0x0000000000004cec                CCTM_ChannelCtrl::EDROOMBehaviour()
 .text._ZN16CCTM_ChannelCtrl13CEDROOMMemory9SetMemoryEmP14CEDROOMMessagePbmPN12CEDROOMQueue10CQueueNodeES3_
                0x0000000000004d1e       0x58 components\cctm_channelctrl\src\CCTM_ChannelCtrlS.o
                0x0000000000004d1e                CCTM_ChannelCtrl::CEDROOMMemory::SetMemory(unsigned long, CEDROOMMessage*, bool*, unsigned long, CEDROOMQueue::CQueueNode*, bool*)
 .text._ZN16CCTM_ChannelCtrlD2Ev
                0x0000000000004d76       0x2e components\cctm_channelctrl\src\CCTM_ChannelCtrlS.o
                0x0000000000004d76                CCTM_ChannelCtrl::~CCTM_ChannelCtrl()
                0x0000000000004d76                CCTM_ChannelCtrl::~CCTM_ChannelCtrl()
 .text._ZN16CCTM_ChannelCtrlD0Ev
                0x0000000000004da4       0x22 components\cctm_channelctrl\src\CCTM_ChannelCtrlS.o
                0x0000000000004da4                CCTM_ChannelCtrl::~CCTM_ChannelCtrl()
 .text._ZN6ICUASW16EDROOM_CTX_Top_016EDROOMNewMessageEv
                0x0000000000004dc6       0x22 components\icuasw\src\ICUASWB.o
                0x0000000000004dc6                ICUASW::EDROOM_CTX_Top_0::EDROOMNewMessage()
 .text._ZN6ICUASW16EDROOM_CTX_Top_0C2ERS_R7Pr_Time
                0x0000000000004de8       0x5e components\icuasw\src\ICUASWB.o
                0x0000000000004de8                ICUASW::EDROOM_CTX_Top_0::EDROOM_CTX_Top_0(ICUASW&, Pr_Time&)
                0x0000000000004de8                ICUASW::EDROOM_CTX_Top_0::EDROOM_CTX_Top_0(ICUASW&, Pr_Time&)
 .text._ZN6ICUASW16EDROOM_CTX_Top_024EDROOMSearchContextTransER14TEDROOMTransId
                0x0000000000004e46       0x48 components\icuasw\src\ICUASWB.o
                0x0000000000004e46                ICUASW::EDROOM_CTX_Top_0::EDROOMSearchContextTrans(TEDROOMTransId&)
 .text._Znwj    0x0000000000004e8e       0x26 components\icuasw\src\ICUASWB.o
                0x0000000000004e8e                operator new(unsigned int)
 .text._ZdlPv   0x0000000000004eb4       0x1e components\icuasw\src\ICUASWB.o
                0x0000000000004eb4                operator delete(void*)
 .text._ZN6ICUASW16EDROOM_CTX_Top_014FEmuPassSecondEv
                0x0000000000004ed2       0x1a components\icuasw\src\ICUASWB.o
                0x0000000000004ed2                ICUASW::EDROOM_CTX_Top_0::FEmuPassSecond()
 .text._ZN6ICUASW16EDROOM_CTX_Top_05FInitEv
                0x0000000000004eec       0x5a components\icuasw\src\ICUASWB.o
                0x0000000000004eec                ICUASW::EDROOM_CTX_Top_0::FInit()
 .text._ZN6ICUASW16EDROOM_CTX_Top_010FProgTimerEv
                0x0000000000004f46       0x78 components\icuasw\src\ICUASWB.o
                0x0000000000004f46                ICUASW::EDROOM_CTX_Top_0::FProgTimer()
 .text._ZN6ICUASW16EDROOM_SUB_Top_0C2ERS_
                0x0000000000004fbe       0x3c components\icuasw\src\ICUASWB.o
                0x0000000000004fbe                ICUASW::EDROOM_SUB_Top_0::EDROOM_SUB_Top_0(ICUASW&)
                0x0000000000004fbe                ICUASW::EDROOM_SUB_Top_0::EDROOM_SUB_Top_0(ICUASW&)
 .text._ZN6ICUASW16EDROOM_SUB_Top_015EDROOMBehaviourEv
                0x0000000000004ffa       0xac components\icuasw\src\ICUASWB.o
                0x0000000000004ffa                ICUASW::EDROOM_SUB_Top_0::EDROOMBehaviour()
 .text._ZN6ICUASW16EDROOM_SUB_Top_010EDROOMInitEv
                0x00000000000050a6       0x1a components\icuasw\src\ICUASWB.o
                0x00000000000050a6                ICUASW::EDROOM_SUB_Top_0::EDROOMInit()
 .text._ZN6ICUASW16EDROOM_SUB_Top_014EDROOMIArrivalEv
                0x00000000000050c0       0x1e components\icuasw\src\ICUASWB.o
                0x00000000000050c0                ICUASW::EDROOM_SUB_Top_0::EDROOMIArrival()
 .text._ZN6ICUASW16EDROOM_SUB_Top_018EDROOMReadyArrivalEv
                0x00000000000050de       0x94 components\icuasw\src\ICUASWB.o
                0x00000000000050de                ICUASW::EDROOM_SUB_Top_0::EDROOMReadyArrival()
 .text._ZN6ICUASWC2Emm15TEDROOMPriorityjPNS_13CEDROOMMemoryE
                0x0000000000005172       0xa0 components\icuasw\src\ICUASWS.o
                0x0000000000005172                ICUASW::ICUASW(unsigned long, unsigned long, TEDROOMPriority, unsigned int, ICUASW::CEDROOMMemory*)
                0x0000000000005172                ICUASW::ICUASW(unsigned long, unsigned long, TEDROOMPriority, unsigned int, ICUASW::CEDROOMMemory*)
 .text._ZN6ICUASW11EDROOMStartEv
                0x0000000000005212       0x30 components\icuasw\src\ICUASWS.o
                0x0000000000005212                ICUASW::EDROOMStart()
 .text._ZN6ICUASW15EDROOMBehaviourEv
                0x0000000000005242       0x32 components\icuasw\src\ICUASWS.o
                0x0000000000005242                ICUASW::EDROOMBehaviour()
 .text._ZN6ICUASW13CEDROOMMemory9SetMemoryEmP14CEDROOMMessagePbmPN12CEDROOMQueue10CQueueNodeES3_
                0x0000000000005274       0x86 components\icuasw\src\ICUASWS.o
                0x0000000000005274                ICUASW::CEDROOMMemory::SetMemory(unsigned long, CEDROOMMessage*, bool*, unsigned long, CEDROOMQueue::CQueueNode*, bool*)
 .text._ZN6ICUASWD2Ev
                0x00000000000052fa       0x3c components\icuasw\src\ICUASWS.o
                0x00000000000052fa                ICUASW::~ICUASW()
                0x00000000000052fa                ICUASW::~ICUASW()
 .text._ZN6ICUASWD0Ev
                0x0000000000005336       0x24 components\icuasw\src\ICUASWS.o
                0x0000000000005336                ICUASW::~ICUASW()
 .text.CLOCK_GetLpoClkFreq
                0x000000000000535a       0x12 drivers\fsl_clock.o
 .text.CLOCK_GetCurSysClkConfig
                0x000000000000536c       0x42 drivers\fsl_clock.o
 .text.CLOCK_GetOsc32kClkFreq
                0x00000000000053ae       0x3e drivers\fsl_clock.o
                0x00000000000053ae                CLOCK_GetOsc32kClkFreq
 .text.CLOCK_GetFreq
                0x00000000000053ec      0x11a drivers\fsl_clock.o
                0x00000000000053ec                CLOCK_GetFreq
 .text.CLOCK_GetIpFreq
                0x0000000000005506      0x12a drivers\fsl_clock.o
                0x0000000000005506                CLOCK_GetIpFreq
 .text.CLOCK_GetSysClkFreq
                0x0000000000005630       0xf2 drivers\fsl_clock.o
                0x0000000000005630                CLOCK_GetSysClkFreq
 .text.CLOCK_GetSysOscFreq
                0x0000000000005722       0x50 drivers\fsl_clock.o
                0x0000000000005722                CLOCK_GetSysOscFreq
 .text.CLOCK_GetSysOscAsyncFreq
                0x0000000000005772       0x8e drivers\fsl_clock.o
                0x0000000000005772                CLOCK_GetSysOscAsyncFreq
 .text.CLOCK_InitSirc
                0x0000000000005800       0xb0 drivers\fsl_clock.o
                0x0000000000005800                CLOCK_InitSirc
 .text.CLOCK_DeinitSirc
                0x00000000000058b0       0x48 drivers\fsl_clock.o
                0x00000000000058b0                CLOCK_DeinitSirc
 .text.CLOCK_GetSircFreq
                0x00000000000058f8       0x3a drivers\fsl_clock.o
                0x00000000000058f8                CLOCK_GetSircFreq
 .text.CLOCK_GetSircAsyncFreq
                0x0000000000005932       0x8e drivers\fsl_clock.o
                0x0000000000005932                CLOCK_GetSircAsyncFreq
 .text.CLOCK_InitFirc
                0x00000000000059c0      0x14a drivers\fsl_clock.o
                0x00000000000059c0                CLOCK_InitFirc
 .text.CLOCK_DeinitFirc
                0x0000000000005b0a       0x4c drivers\fsl_clock.o
                0x0000000000005b0a                CLOCK_DeinitFirc
 .text.CLOCK_GetFircFreq
                0x0000000000005b56       0x3a drivers\fsl_clock.o
                0x0000000000005b56                CLOCK_GetFircFreq
 .text.CLOCK_GetFircAsyncFreq
                0x0000000000005b90       0x8e drivers\fsl_clock.o
                0x0000000000005b90                CLOCK_GetFircAsyncFreq
 .text.CLOCK_GetRtcOscFreq
                0x0000000000005c1e       0x50 drivers\fsl_clock.o
                0x0000000000005c1e                CLOCK_GetRtcOscFreq
 .text.CLOCK_InitLpFll
                0x0000000000005c6e      0x176 drivers\fsl_clock.o
                0x0000000000005c6e                CLOCK_InitLpFll
 .text.CLOCK_DeinitLpFll
                0x0000000000005de4       0x4c drivers\fsl_clock.o
                0x0000000000005de4                CLOCK_DeinitLpFll
 .text.CLOCK_GetLpFllFreq
                0x0000000000005e30       0x3a drivers\fsl_clock.o
                0x0000000000005e30                CLOCK_GetLpFllFreq
 .text.CLOCK_GetLpFllAsyncFreq
                0x0000000000005e6a       0x72 drivers\fsl_clock.o
                0x0000000000005e6a                CLOCK_GetLpFllAsyncFreq
 .text.__assert_func
                0x0000000000005edc       0x36 drivers\fsl_common.o
                0x0000000000005edc                __assert_func
 .text.CLOCK_EnableClock
                0x0000000000005f12       0x4c drivers\fsl_lpuart.o
 .text.EnableIRQ
                0x0000000000005f5e       0x52 drivers\fsl_lpuart.o
 .text.LPUART_SoftwareReset
                0x0000000000005fb0       0x32 drivers\fsl_lpuart.o
 .text.LPUART_GetInstance
                0x0000000000005fe2       0x74 drivers\fsl_lpuart.o
                0x0000000000005fe2                LPUART_GetInstance
 .text.LPUART_TransferGetRxRingBufferLength
                0x0000000000006056       0xa8 drivers\fsl_lpuart.o
 .text.LPUART_TransferIsRxRingBufferFull
                0x00000000000060fe       0x64 drivers\fsl_lpuart.o
 .text.LPUART_WriteNonBlocking
                0x0000000000006162       0x70 drivers\fsl_lpuart.o
 .text.LPUART_ReadNonBlocking
                0x00000000000061d2       0xe4 drivers\fsl_lpuart.o
 .text.LPUART_Init
                0x00000000000062b6      0x482 drivers\fsl_lpuart.o
                0x00000000000062b6                LPUART_Init
 .text.LPUART_GetDefaultConfig
                0x0000000000006738       0xb2 drivers\fsl_lpuart.o
                0x0000000000006738                LPUART_GetDefaultConfig
 .text.LPUART_DisableInterrupts
                0x00000000000067ea       0x7a drivers\fsl_lpuart.o
                0x00000000000067ea                LPUART_DisableInterrupts
 .text.LPUART_GetStatusFlags
                0x0000000000006864       0x36 drivers\fsl_lpuart.o
                0x0000000000006864                LPUART_GetStatusFlags
 .text.LPUART_ClearStatusFlags
                0x000000000000689a       0xf8 drivers\fsl_lpuart.o
                0x000000000000689a                LPUART_ClearStatusFlags
 .text.LPUART_WriteBlocking
                0x0000000000006992       0x74 drivers\fsl_lpuart.o
                0x0000000000006992                LPUART_WriteBlocking
 .text.LPUART_ReadBlocking
                0x0000000000006a06      0x16a drivers\fsl_lpuart.o
                0x0000000000006a06                LPUART_ReadBlocking
 .text.LPUART_TransferCreateHandle
                0x0000000000006b70      0x114 drivers\fsl_lpuart.o
                0x0000000000006b70                LPUART_TransferCreateHandle
 .text.LPUART_TransferHandleIRQ
                0x0000000000006c84      0x4f4 drivers\fsl_lpuart.o
                0x0000000000006c84                LPUART_TransferHandleIRQ
 .text.LPUART0_DriverIRQHandler
                0x0000000000007178       0x2a drivers\fsl_lpuart.o
                0x0000000000007178                LPUART0_DriverIRQHandler
 .text.LPUART1_DriverIRQHandler
                0x00000000000071a2       0x2c drivers\fsl_lpuart.o
                0x00000000000071a2                LPUART1_DriverIRQHandler
 .text.LPUART2_DriverIRQHandler
                0x00000000000071ce       0x2c drivers\fsl_lpuart.o
                0x00000000000071ce                LPUART2_DriverIRQHandler
 .text.LPUART3_DriverIRQHandler
                0x00000000000071fa       0x2c drivers\fsl_lpuart.o
                0x00000000000071fa                LPUART3_DriverIRQHandler
 .text._ZN19CEDROOMMessagesPoolD2Ev
                0x0000000000007226       0x2e edroom_glue\src\edroomdeployment.o
                0x0000000000007226                CEDROOMMessagesPool::~CEDROOMMessagesPool()
                0x0000000000007226                CEDROOMMessagesPool::~CEDROOMMessagesPool()
 .text._ZN19CEDROOMMessagesPoolD0Ev
                0x0000000000007254       0x24 edroom_glue\src\edroomdeployment.o
                0x0000000000007254                CEDROOMMessagesPool::~CEDROOMMessagesPool()
 .text._ZN26CEDROOMTimeOutMessagesPoolD2Ev
                0x0000000000007278       0x2e edroom_glue\src\edroomdeployment.o
                0x0000000000007278                CEDROOMTimeOutMessagesPool::~CEDROOMTimeOutMessagesPool()
                0x0000000000007278                CEDROOMTimeOutMessagesPool::~CEDROOMTimeOutMessagesPool()
 .text._ZN26CEDROOMTimeOutMessagesPoolD0Ev
                0x00000000000072a6       0x24 edroom_glue\src\edroomdeployment.o
                0x00000000000072a6                CEDROOMTimeOutMessagesPool::~CEDROOMTimeOutMessagesPool()
 .text._Z8MainWaitR6ICUASWR12CCEPDManagerR16CCTM_ChannelCtrlR12CCHK_FDIRMngR11CCBKGTCExec
                0x00000000000072ca       0x36 edroom_glue\src\edroomdeployment.o
                0x00000000000072ca                MainWait(ICUASW&, CCEPDManager&, CCTM_ChannelCtrl&, CCHK_FDIRMng&, CCBKGTCExec&)
 .text._ZN19CEDROOMSystemMemory9SetMemoryEv
                0x0000000000007300      0x144 edroom_glue\src\edroomdeployment.o
                0x0000000000007300                CEDROOMSystemMemory::SetMemory()
 .text._ZN20CEDROOMSystemCommSAP13SetComponentsEP6ICUASWP12CCEPDManagerP16CCTM_ChannelCtrlP12CCHK_FDIRMngP11CCBKGTCExec
                0x0000000000007444       0x62 edroom_glue\src\edroomdeployment.o
                0x0000000000007444                CEDROOMSystemCommSAP::SetComponents(ICUASW*, CCEPDManager*, CCTM_ChannelCtrl*, CCHK_FDIRMng*, CCBKGTCExec*)
 .text._ZN20CEDROOMSystemCommSAP60C3TM_ChannelCtrl_PTMChannelCtrl3__C5BKGTCExec_PTMChannelCtrlEi
                0x00000000000074a6       0x30 edroom_glue\src\edroomdeployment.o
                0x00000000000074a6                CEDROOMSystemCommSAP::C3TM_ChannelCtrl_PTMChannelCtrl3__C5BKGTCExec_PTMChannelCtrl(int)
 .text._ZN20CEDROOMSystemCommSAP60C5BKGTCExec_PTMChannelCtrl__C3TM_ChannelCtrl_PTMChannelCtrl3Ei
                0x00000000000074d6       0x30 edroom_glue\src\edroomdeployment.o
                0x00000000000074d6                CEDROOMSystemCommSAP::C5BKGTCExec_PTMChannelCtrl__C3TM_ChannelCtrl_PTMChannelCtrl3(int)
 .text._ZN20CEDROOMSystemCommSAP51C5BKGTCExec_PBKGExecCtrl__C2EPDManager_PBKGExecCtrlEi
                0x0000000000007506       0x1e edroom_glue\src\edroomdeployment.o
                0x0000000000007506                CEDROOMSystemCommSAP::C5BKGTCExec_PBKGExecCtrl__C2EPDManager_PBKGExecCtrl(int)
 .text._ZN20CEDROOMSystemCommSAP51C2EPDManager_PBKGExecCtrl__C5BKGTCExec_PBKGExecCtrlEi
                0x0000000000007524       0x30 edroom_glue\src\edroomdeployment.o
                0x0000000000007524                CEDROOMSystemCommSAP::C2EPDManager_PBKGExecCtrl__C5BKGTCExec_PBKGExecCtrl(int)
 .text._ZN20CEDROOMSystemCommSAP52C4HK_FDIRMng_PHK_FDIRCtrl__C2EPDManager_PHK_FDIRCtrlEi
                0x0000000000007554       0x30 edroom_glue\src\edroomdeployment.o
                0x0000000000007554                CEDROOMSystemCommSAP::C4HK_FDIRMng_PHK_FDIRCtrl__C2EPDManager_PHK_FDIRCtrl(int)
 .text._ZN20CEDROOMSystemCommSAP52C2EPDManager_PHK_FDIRCtrl__C4HK_FDIRMng_PHK_FDIRCtrlEi
                0x0000000000007584       0x30 edroom_glue\src\edroomdeployment.o
                0x0000000000007584                CEDROOMSystemCommSAP::C2EPDManager_PHK_FDIRCtrl__C4HK_FDIRMng_PHK_FDIRCtrl(int)
 .text._ZN20CEDROOMSystemCommSAP61C3TM_ChannelCtrl_PTMChannelCtrl2__C4HK_FDIRMng_PTMChannelCtrlEi
                0x00000000000075b4       0x30 edroom_glue\src\edroomdeployment.o
                0x00000000000075b4                CEDROOMSystemCommSAP::C3TM_ChannelCtrl_PTMChannelCtrl2__C4HK_FDIRMng_PTMChannelCtrl(int)
 .text._ZN20CEDROOMSystemCommSAP61C4HK_FDIRMng_PTMChannelCtrl__C3TM_ChannelCtrl_PTMChannelCtrl2Ei
                0x00000000000075e4       0x30 edroom_glue\src\edroomdeployment.o
                0x00000000000075e4                CEDROOMSystemCommSAP::C4HK_FDIRMng_PTMChannelCtrl__C3TM_ChannelCtrl_PTMChannelCtrl2(int)
 .text._ZN20CEDROOMSystemCommSAP60C2EPDManager_PTMChannelCtrl__C3TM_ChannelCtrl_PTMChannelCtrlEi
                0x0000000000007614       0x30 edroom_glue\src\edroomdeployment.o
                0x0000000000007614                CEDROOMSystemCommSAP::C2EPDManager_PTMChannelCtrl__C3TM_ChannelCtrl_PTMChannelCtrl(int)
 .text._ZN20CEDROOMSystemCommSAP60C3TM_ChannelCtrl_PTMChannelCtrl__C2EPDManager_PTMChannelCtrlEi
                0x0000000000007644       0x30 edroom_glue\src\edroomdeployment.o
                0x0000000000007644                CEDROOMSystemCommSAP::C3TM_ChannelCtrl_PTMChannelCtrl__C2EPDManager_PTMChannelCtrl(int)
 .text._ZN20CEDROOMSystemCommSAP18RegisterInterfacesEv
                0x0000000000007674      0x1cc edroom_glue\src\edroomdeployment.o
                0x0000000000007674                CEDROOMSystemCommSAP::RegisterInterfaces()
 .text._ZN20CEDROOMSystemCommSAP19SetLocalConnectionsEv
                0x0000000000007840      0x12e edroom_glue\src\edroomdeployment.o
                0x0000000000007840                CEDROOMSystemCommSAP::SetLocalConnections()
 .text._ZN20CEDROOMSystemCommSAP20SetRemoteConnectionsEv
                0x000000000000796e       0x12 edroom_glue\src\edroomdeployment.o
                0x000000000000796e                CEDROOMSystemCommSAP::SetRemoteConnections()
 .text._ZN20CEDROOMSystemCommSAP14SetConnectionsEv
                0x0000000000007980       0x26 edroom_glue\src\edroomdeployment.o
                0x0000000000007980                CEDROOMSystemCommSAP::SetConnections()
 .text._ZN11CEDROOMPoolC2Ev
                0x00000000000079a6       0x20 edroom_glue\src\edroomdeployment.o
                0x00000000000079a6                CEDROOMPool::CEDROOMPool()
                0x00000000000079a6                CEDROOMPool::CEDROOMPool()
 .text._ZN17CEDROOMMemoryPoolC2Ev
                0x00000000000079c6       0x2e edroom_glue\src\edroomdeployment.o
                0x00000000000079c6                CEDROOMMemoryPool::CEDROOMMemoryPool()
                0x00000000000079c6                CEDROOMMemoryPool::CEDROOMMemoryPool()
 .text._ZN19CEDROOMMessagesPoolC2Ev
                0x00000000000079f4       0x2e edroom_glue\src\edroomdeployment.o
                0x00000000000079f4                CEDROOMMessagesPool::CEDROOMMessagesPool()
                0x00000000000079f4                CEDROOMMessagesPool::CEDROOMMessagesPool()
 .text._ZN12CEDROOMQueue21CEDROOMQueueNodesPoolC2Ev
                0x0000000000007a22       0x2e edroom_glue\src\edroomdeployment.o
                0x0000000000007a22                CEDROOMQueue::CEDROOMQueueNodesPool::CEDROOMQueueNodesPool()
                0x0000000000007a22                CEDROOMQueue::CEDROOMQueueNodesPool::CEDROOMQueueNodesPool()
 .text._ZN22CEDROOMComponentMemoryC2Ev
                0x0000000000007a50       0x2c edroom_glue\src\edroomdeployment.o
                0x0000000000007a50                CEDROOMComponentMemory::CEDROOMComponentMemory()
                0x0000000000007a50                CEDROOMComponentMemory::CEDROOMComponentMemory()
 .text._ZN16CEDROOMTimerInfoC2Ev
                0x0000000000007a7c       0x20 edroom_glue\src\edroomdeployment.o
                0x0000000000007a7c                CEDROOMTimerInfo::CEDROOMTimerInfo()
                0x0000000000007a7c                CEDROOMTimerInfo::CEDROOMTimerInfo()
 .text._ZN21CEDROOMTimeOutMessageC2Ev
                0x0000000000007a9c       0x2e edroom_glue\src\edroomdeployment.o
                0x0000000000007a9c                CEDROOMTimeOutMessage::CEDROOMTimeOutMessage()
                0x0000000000007a9c                CEDROOMTimeOutMessage::CEDROOMTimeOutMessage()
 .text._ZN20CEDROOMTimerInfoPoolC2Ev
                0x0000000000007aca       0x2e edroom_glue\src\edroomdeployment.o
                0x0000000000007aca                CEDROOMTimerInfoPool::CEDROOMTimerInfoPool()
                0x0000000000007aca                CEDROOMTimerInfoPool::CEDROOMTimerInfoPool()
 .text._ZN26CEDROOMTimeOutMessagesPoolC2Ev
                0x0000000000007af8       0x2e edroom_glue\src\edroomdeployment.o
                0x0000000000007af8                CEDROOMTimeOutMessagesPool::CEDROOMTimeOutMessagesPool()
                0x0000000000007af8                CEDROOMTimeOutMessagesPool::CEDROOMTimeOutMessagesPool()
 .text._ZN19CEDROOMTimingMemoryC2Ev
                0x0000000000007b26       0x2c edroom_glue\src\edroomdeployment.o
                0x0000000000007b26                CEDROOMTimingMemory::CEDROOMTimingMemory()
                0x0000000000007b26                CEDROOMTimingMemory::CEDROOMTimingMemory()
 .text._ZN6ICUASW13CEDROOMMemoryC2Ev
                0x0000000000007b52       0x8c edroom_glue\src\edroomdeployment.o
                0x0000000000007b52                ICUASW::CEDROOMMemory::CEDROOMMemory()
                0x0000000000007b52                ICUASW::CEDROOMMemory::CEDROOMMemory()
 .text._ZN12CCEPDManager13CEDROOMMemoryC2Ev
                0x0000000000007bde       0x84 edroom_glue\src\edroomdeployment.o
                0x0000000000007bde                CCEPDManager::CEDROOMMemory::CEDROOMMemory()
                0x0000000000007bde                CCEPDManager::CEDROOMMemory::CEDROOMMemory()
 .text._ZN16CCTM_ChannelCtrl13CEDROOMMemoryC2Ev
                0x0000000000007c62       0x44 edroom_glue\src\edroomdeployment.o
                0x0000000000007c62                CCTM_ChannelCtrl::CEDROOMMemory::CEDROOMMemory()
                0x0000000000007c62                CCTM_ChannelCtrl::CEDROOMMemory::CEDROOMMemory()
 .text._ZN12CCHK_FDIRMng13CEDROOMMemoryC2Ev
                0x0000000000007ca6       0xca edroom_glue\src\edroomdeployment.o
                0x0000000000007ca6                CCHK_FDIRMng::CEDROOMMemory::CEDROOMMemory()
                0x0000000000007ca6                CCHK_FDIRMng::CEDROOMMemory::CEDROOMMemory()
 .text._ZN11CCBKGTCExec13CEDROOMMemoryC2Ev
                0x0000000000007d70       0x62 edroom_glue\src\edroomdeployment.o
                0x0000000000007d70                CCBKGTCExec::CEDROOMMemory::CEDROOMMemory()
                0x0000000000007d70                CCBKGTCExec::CEDROOMMemory::CEDROOMMemory()
 .text._ZN19CEDROOMSystemMemoryC2Ev
                0x0000000000007dd2      0x19a edroom_glue\src\edroomdeployment.o
                0x0000000000007dd2                CEDROOMSystemMemory::CEDROOMSystemMemory()
                0x0000000000007dd2                CEDROOMSystemMemory::CEDROOMSystemMemory()
 .text._ZN22CEDROOMLocalConnectionC2Ev
                0x0000000000007f6c       0x2c edroom_glue\src\edroomdeployment.o
                0x0000000000007f6c                CEDROOMLocalConnection::CEDROOMLocalConnection()
                0x0000000000007f6c                CEDROOMLocalConnection::CEDROOMLocalConnection()
 .text._ZN20CEDROOMSystemCommSAPC2Ev
                0x0000000000007f98       0x3a edroom_glue\src\edroomdeployment.o
                0x0000000000007f98                CEDROOMSystemCommSAP::CEDROOMSystemCommSAP()
                0x0000000000007f98                CEDROOMSystemCommSAP::CEDROOMSystemCommSAP()
 .text._ZN23CEDROOMSystemDeploymentC2Ev
                0x0000000000007fd2       0x4a edroom_glue\src\edroomdeployment.o
                0x0000000000007fd2                CEDROOMSystemDeployment::CEDROOMSystemDeployment()
                0x0000000000007fd2                CEDROOMSystemDeployment::CEDROOMSystemDeployment()
 .text._ZN23CEDROOMSystemDeployment6ConfigEP6ICUASWP12CCEPDManagerP16CCTM_ChannelCtrlP12CCHK_FDIRMngP11CCBKGTCExec
                0x000000000000801c       0xc4 edroom_glue\src\edroomdeployment.o
                0x000000000000801c                CEDROOMSystemDeployment::Config(ICUASW*, CCEPDManager*, CCTM_ChannelCtrl*, CCHK_FDIRMng*, CCBKGTCExec*)
 .text._ZN23CEDROOMSystemDeployment15StartComponentsEv
                0x00000000000080e0       0x70 edroom_glue\src\edroomdeployment.o
                0x00000000000080e0                CEDROOMSystemDeployment::StartComponents()
 .text._ZN23CEDROOMSystemDeployment5StartEv
                0x0000000000008150       0x42 edroom_glue\src\edroomdeployment.o
                0x0000000000008150                CEDROOMSystemDeployment::Start()
 .text._ZN23CEDROOMSystemDeployment9main_taskEv
                0x0000000000008192       0x74 edroom_glue\src\edroomdeployment.o
                0x0000000000008192                CEDROOMSystemDeployment::main_task()
 .text._ZN12CEDROOMQueue21CEDROOMQueueNodesPoolD2Ev
                0x0000000000008206       0x2e edroom_glue\src\edroomdeployment.o
                0x0000000000008206                CEDROOMQueue::CEDROOMQueueNodesPool::~CEDROOMQueueNodesPool()
                0x0000000000008206                CEDROOMQueue::CEDROOMQueueNodesPool::~CEDROOMQueueNodesPool()
 .text._ZN12CEDROOMQueue21CEDROOMQueueNodesPoolD0Ev
                0x0000000000008234       0x24 edroom_glue\src\edroomdeployment.o
                0x0000000000008234                CEDROOMQueue::CEDROOMQueueNodesPool::~CEDROOMQueueNodesPool()
 .text._ZN20CEDROOMTimerInfoPoolD2Ev
                0x0000000000008258       0x2e edroom_glue\src\edroomdeployment.o
                0x0000000000008258                CEDROOMTimerInfoPool::~CEDROOMTimerInfoPool()
                0x0000000000008258                CEDROOMTimerInfoPool::~CEDROOMTimerInfoPool()
 .text._ZN20CEDROOMTimerInfoPoolD0Ev
                0x0000000000008286       0x24 edroom_glue\src\edroomdeployment.o
                0x0000000000008286                CEDROOMTimerInfoPool::~CEDROOMTimerInfoPool()
 .text.prvHeapInit
                0x00000000000082aa       0x88 freertos\heap.o
 .text.pvPortMalloc
                0x0000000000008332      0x14c freertos\heap.o
                0x0000000000008332                pvPortMalloc
 .text.vPortFree
                0x000000000000847e       0x48 freertos\heap.o
                0x000000000000847e                vPortFree
 .text.xPortGetFreeHeapSize
                0x00000000000084c6       0x16 freertos\heap.o
                0x00000000000084c6                xPortGetFreeHeapSize
 .text.vApplicationMallocFailedHook
                0x00000000000084dc       0x2c freertos\heap.o
                0x00000000000084dc                vApplicationMallocFailedHook
 .text.vListInitialise
                0x0000000000008508       0x4c freertos\list.o
                0x0000000000008508                vListInitialise
 .text.vListInitialiseItem
                0x0000000000008554       0x1a freertos\list.o
                0x0000000000008554                vListInitialiseItem
 .text.vListInsertEnd
                0x000000000000856e       0x66 freertos\list.o
                0x000000000000856e                vListInsertEnd
 .text.vListInsert
                0x00000000000085d4       0xa2 freertos\list.o
                0x00000000000085d4                vListInsert
 .text.uxListRemove
                0x0000000000008676       0x70 freertos\list.o
                0x0000000000008676                uxListRemove
 .text.CLOCK_SetIpSrc
                0x00000000000086e6       0xa8 freertos\portable\port.o
 .text.portCPU_IRQ_DISABLE
                0x000000000000878e       0x1a freertos\portable\port.o
 .text.portCPU_IRQ_ENABLE
                0x00000000000087a8       0x1a freertos\portable\port.o
 .text.portYIELD_FROM_ISR
                0x00000000000087c2       0x22 freertos\portable\port.o
                0x00000000000087c2                portYIELD_FROM_ISR
 .text.portYIELD
                0x00000000000087e4       0x28 freertos\portable\port.o
                0x00000000000087e4                portYIELD
 .text.prvTaskExitError
                0x000000000000880c       0x20 freertos\portable\port.o
 .text.pxPortInitialiseStack
                0x000000000000882c       0xc4 freertos\portable\port.o
                0x000000000000882c                pxPortInitialiseStack
 .text.xPortStartScheduler
                0x00000000000088f0       0x3c freertos\portable\port.o
                0x00000000000088f0                xPortStartScheduler
 .text.vPortEnterCritical
                0x000000000000892c       0x44 freertos\portable\port.o
                0x000000000000892c                vPortEnterCritical
 .text.vPortExitCritical
                0x0000000000008970       0x50 freertos\portable\port.o
                0x0000000000008970                vPortExitCritical
 .text.vPortSetInterruptMask
                0x00000000000089c0       0x40 freertos\portable\port.o
                0x00000000000089c0                vPortSetInterruptMask
 .text.vPortClearInterruptMask
                0x0000000000008a00       0x34 freertos\portable\port.o
                0x0000000000008a00                vPortClearInterruptMask
 .text.LPIT0_IRQHandler
                0x0000000000008a34       0x32 freertos\portable\port.o
                0x0000000000008a34                LPIT0_IRQHandler
 .text.xQueueGenericReset
                0x0000000000008a66       0xde freertos\queue.o
                0x0000000000008a66                xQueueGenericReset
 .text.xQueueGenericCreate
                0x0000000000008b44       0x88 freertos\queue.o
                0x0000000000008b44                xQueueGenericCreate
 .text.prvInitialiseNewQueue
                0x0000000000008bcc       0x6e freertos\queue.o
 .text.prvInitialiseMutex
                0x0000000000008c3a       0x40 freertos\queue.o
 .text.xQueueCreateMutex
                0x0000000000008c7a       0x44 freertos\queue.o
                0x0000000000008c7a                xQueueCreateMutex
 .text.xQueueCreateCountingSemaphore
                0x0000000000008cbe       0x5c freertos\queue.o
                0x0000000000008cbe                xQueueCreateCountingSemaphore
 .text.xQueueGenericSend
                0x0000000000008d1a      0x1c4 freertos\queue.o
                0x0000000000008d1a                xQueueGenericSend
 .text.xQueueGenericSendFromISR
                0x0000000000008ede      0x116 freertos\queue.o
                0x0000000000008ede                xQueueGenericSendFromISR
 .text.xQueueGiveFromISR
                0x0000000000008ff4       0xf8 freertos\queue.o
                0x0000000000008ff4                xQueueGiveFromISR
 .text.xQueueGenericReceive
                0x00000000000090ec      0x204 freertos\queue.o
                0x00000000000090ec                xQueueGenericReceive
 .text.vQueueDelete
                0x00000000000092f0       0x38 freertos\queue.o
                0x00000000000092f0                vQueueDelete
 .text.prvCopyDataToQueue
                0x0000000000009328      0x12a freertos\queue.o
 .text.prvCopyDataFromQueue
                0x0000000000009452       0x6a freertos\queue.o
 .text.prvUnlockQueue
                0x00000000000094bc       0xc4 freertos\queue.o
 .text.prvIsQueueEmpty
                0x0000000000009580       0x36 freertos\queue.o
 .text.prvIsQueueFull
                0x00000000000095b6       0x3e freertos\queue.o
 .text.vQueueAddToRegistry
                0x00000000000095f4       0x72 freertos\queue.o
                0x00000000000095f4                vQueueAddToRegistry
 .text.vQueueUnregisterQueue
                0x0000000000009666       0x70 freertos\queue.o
                0x0000000000009666                vQueueUnregisterQueue
 .text.vQueueWaitForMessageRestricted
                0x00000000000096d6       0x8c freertos\queue.o
                0x00000000000096d6                vQueueWaitForMessageRestricted
 .text.xTaskCreate
                0x0000000000009762       0xac freertos\tasks.o
                0x0000000000009762                xTaskCreate
 .text.prvInitialiseNewTask
                0x000000000000980e      0x18a freertos\tasks.o
 .text.prvAddNewTaskToReadyList
                0x0000000000009998      0x110 freertos\tasks.o
 .text.vTaskDelay
                0x0000000000009aa8       0x4c freertos\tasks.o
                0x0000000000009aa8                vTaskDelay
 .text.vTaskPrioritySet
                0x0000000000009af4      0x18a freertos\tasks.o
                0x0000000000009af4                vTaskPrioritySet
 .text.vTaskStartScheduler
                0x0000000000009c7e       0x8a freertos\tasks.o
                0x0000000000009c7e                vTaskStartScheduler
 .text.vTaskSuspendAll
                0x0000000000009d08       0x22 freertos\tasks.o
                0x0000000000009d08                vTaskSuspendAll
 .text.xTaskResumeAll
                0x0000000000009d2a      0x150 freertos\tasks.o
                0x0000000000009d2a                xTaskResumeAll
 .text.xTaskGetTickCount
                0x0000000000009e7a       0x2a freertos\tasks.o
                0x0000000000009e7a                xTaskGetTickCount
 .text.xTaskIncrementTick
                0x0000000000009ea4      0x1a0 freertos\tasks.o
                0x0000000000009ea4                xTaskIncrementTick
 .text.vTaskSwitchContext
                0x000000000000a044       0xd0 freertos\tasks.o
                0x000000000000a044                vTaskSwitchContext
 .text.vTaskPlaceOnEventList
                0x000000000000a114       0x42 freertos\tasks.o
                0x000000000000a114                vTaskPlaceOnEventList
 .text.vTaskPlaceOnEventListRestricted
                0x000000000000a156       0x54 freertos\tasks.o
                0x000000000000a156                vTaskPlaceOnEventListRestricted
 .text.xTaskRemoveFromEventList
                0x000000000000a1aa       0xda freertos\tasks.o
                0x000000000000a1aa                xTaskRemoveFromEventList
 .text.vTaskSetTimeOutState
                0x000000000000a284       0x3e freertos\tasks.o
                0x000000000000a284                vTaskSetTimeOutState
 .text.xTaskCheckForTimeOut
                0x000000000000a2c2       0xca freertos\tasks.o
                0x000000000000a2c2                xTaskCheckForTimeOut
 .text.vTaskMissedYield
                0x000000000000a38c       0x18 freertos\tasks.o
                0x000000000000a38c                vTaskMissedYield
 .text.prvIdleTask
                0x000000000000a3a4       0x22 freertos\tasks.o
 .text.prvInitialiseTaskLists
                0x000000000000a3c6       0xa4 freertos\tasks.o
 .text.prvCheckTasksWaitingTermination
                0x000000000000a46a       0x92 freertos\tasks.o
 .text.prvDeleteTCB
                0x000000000000a4fc       0x2a freertos\tasks.o
 .text.prvResetNextTaskUnblockTime
                0x000000000000a526       0x4c freertos\tasks.o
 .text.xTaskGetCurrentTaskHandle
                0x000000000000a572       0x1e freertos\tasks.o
                0x000000000000a572                xTaskGetCurrentTaskHandle
 .text.xTaskGetSchedulerState
                0x000000000000a590       0x3a freertos\tasks.o
                0x000000000000a590                xTaskGetSchedulerState
 .text.vTaskPriorityInherit
                0x000000000000a5ca       0xf4 freertos\tasks.o