Archive member included to satisfy reference by file (symbol)

c:/vega/toolchain/riscv32-unknown-elf-gcc/bin/../lib/gcc/riscv32-unknown-elf/7.1.1/../../../../riscv32-unknown-elf/lib\libg.a(lib_a-atoi.o)
                              drivers\fsl_lpuart.o (atoi)
c:/vega/toolchain/riscv32-unknown-elf-gcc/bin/../lib/gcc/riscv32-unknown-elf/7.1.1/../../../../riscv32-unknown-elf/lib\libg.a(lib_a-cxa_atexit.o)
                              source\plantcontrolsystem_mmesp_project.o (__cxa_atexit)
c:/vega/toolchain/riscv32-unknown-elf-gcc/bin/../lib/gcc/riscv32-unknown-elf/7.1.1/../../../../riscv32-unknown-elf/lib\libg.a(lib_a-exit.o)
                              components\cccontrolplant\src\CCControlPlantB.o (exit)
c:/vega/toolchain/riscv32-unknown-elf-gcc/bin/../lib/gcc/riscv32-unknown-elf/7.1.1/../../../../riscv32-unknown-elf/lib\libg.a(lib_a-impure.o)
                              c:/vega/toolchain/riscv32-unknown-elf-gcc/bin/../lib/gcc/riscv32-unknown-elf/7.1.1/../../../../riscv32-unknown-elf/lib\libg.a(lib_a-exit.o) (_global_impure_ptr)
c:/vega/toolchain/riscv32-unknown-elf-gcc/bin/../lib/gcc/riscv32-unknown-elf/7.1.1/../../../../riscv32-unknown-elf/lib\libg.a(lib_a-init.o)
                              startup\startup_RV32M1_ri5cy.o (__libc_init_array)
c:/vega/toolchain/riscv32-unknown-elf-gcc/bin/../lib/gcc/riscv32-unknown-elf/7.1.1/../../../../riscv32-unknown-elf/lib\libg.a(lib_a-malloc.o)
                              components\cccontrolplant\src\CCControlPlantB.o (malloc)
c:/vega/toolchain/riscv32-unknown-elf-gcc/bin/../lib/gcc/riscv32-unknown-elf/7.1.1/../../../../riscv32-unknown-elf/lib\libg.a(lib_a-memcmp.o)
                              stream_buffer\StreamBufferDemo.o (memcmp)
c:/vega/toolchain/riscv32-unknown-elf-gcc/bin/../lib/gcc/riscv32-unknown-elf/7.1.1/../../../../riscv32-unknown-elf/lib\libg.a(lib_a-memcpy.o)
                              freertos\queue.o (memcpy)
c:/vega/toolchain/riscv32-unknown-elf-gcc/bin/../lib/gcc/riscv32-unknown-elf/7.1.1/../../../../riscv32-unknown-elf/lib\libg.a(lib_a-memset.o)
                              drivers\fsl_lpuart.o (memset)
c:/vega/toolchain/riscv32-unknown-elf-gcc/bin/../lib/gcc/riscv32-unknown-elf/7.1.1/../../../../riscv32-unknown-elf/lib\libg.a(lib_a-nano-freer.o)
                              c:/vega/toolchain/riscv32-unknown-elf-gcc/bin/../lib/gcc/riscv32-unknown-elf/7.1.1/../../../../riscv32-unknown-elf/lib\libg.a(lib_a-malloc.o) (_free_r)
c:/vega/toolchain/riscv32-unknown-elf-gcc/bin/../lib/gcc/riscv32-unknown-elf/7.1.1/../../../../riscv32-unknown-elf/lib\libg.a(lib_a-nano-mallocr.o)
                              c:/vega/toolchain/riscv32-unknown-elf-gcc/bin/../lib/gcc/riscv32-unknown-elf/7.1.1/../../../../riscv32-unknown-elf/lib\libg.a(lib_a-malloc.o) (_malloc_r)
c:/vega/toolchain/riscv32-unknown-elf-gcc/bin/../lib/gcc/riscv32-unknown-elf/7.1.1/../../../../riscv32-unknown-elf/lib\libg.a(lib_a-printf.o)
                              components\cccontrolplant\src\CCControlPlantB.o (printf)
c:/vega/toolchain/riscv32-unknown-elf-gcc/bin/../lib/gcc/riscv32-unknown-elf/7.1.1/../../../../riscv32-unknown-elf/lib\libg.a(lib_a-sbrkr.o)
                              c:/vega/toolchain/riscv32-unknown-elf-gcc/bin/../lib/gcc/riscv32-unknown-elf/7.1.1/../../../../riscv32-unknown-elf/lib\libg.a(lib_a-nano-mallocr.o) (_sbrk_r)
c:/vega/toolchain/riscv32-unknown-elf-gcc/bin/../lib/gcc/riscv32-unknown-elf/7.1.1/../../../../riscv32-unknown-elf/lib\libg.a(lib_a-strcat.o)
                              drivers\fsl_lpuart.o (strcat)
c:/vega/toolchain/riscv32-unknown-elf-gcc/bin/../lib/gcc/riscv32-unknown-elf/7.1.1/../../../../riscv32-unknown-elf/lib\libg.a(lib_a-strcmp.o)
                              drivers\fsl_lpuart.o (strcmp)
c:/vega/toolchain/riscv32-unknown-elf-gcc/bin/../lib/gcc/riscv32-unknown-elf/7.1.1/../../../../riscv32-unknown-elf/lib\libg.a(lib_a-strdup.o)
                              drivers\fsl_lpuart.o (strdup)
c:/vega/toolchain/riscv32-unknown-elf-gcc/bin/../lib/gcc/riscv32-unknown-elf/7.1.1/../../../../riscv32-unknown-elf/lib\libg.a(lib_a-strdup_r.o)
                              c:/vega/toolchain/riscv32-unknown-elf-gcc/bin/../lib/gcc/riscv32-unknown-elf/7.1.1/../../../../riscv32-unknown-elf/lib\libg.a(lib_a-strdup.o) (_strdup_r)
c:/vega/toolchain/riscv32-unknown-elf-gcc/bin/../lib/gcc/riscv32-unknown-elf/7.1.1/../../../../riscv32-unknown-elf/lib\libg.a(lib_a-strlen.o)
                              stream_buffer\StreamBufferDemo.o (strlen)
c:/vega/toolchain/riscv32-unknown-elf-gcc/bin/../lib/gcc/riscv32-unknown-elf/7.1.1/../../../../riscv32-unknown-elf/lib\libg.a(lib_a-strncpy.o)
                              drivers\fsl_lpuart.o (strncpy)
c:/vega/toolchain/riscv32-unknown-elf-gcc/bin/../lib/gcc/riscv32-unknown-elf/7.1.1/../../../../riscv32-unknown-elf/lib\libg.a(lib_a-strtol.o)
[...]
Memory Configuration

Name             Origin             Length             Attributes
m_vector         0x00000000000fff00 0x0000000000000100 xr
m_text           0x0000000000000000 0x00000000000fff00 xr
m_data           0x0000000020000000 0x000000000002e800 rw
rpmsg_sh_mem     0x000000002002e800 0x0000000000001800 rw
m_usb_sram       0x0000000048010000 0x0000000000000800 rw
*default*        0x0000000000000000 0xffffffffffffffff

Linker script and memory map

START GROUP
LOAD board\board.o
LOAD board\clock_config.o
LOAD board\pin_mux.o
LOAD components\cccontrolplant\src\CCControlPlantB.o
LOAD components\cccontrolplant\src\CCControlPlantS.o
LOAD components\cchttpservertask\src\CCHTTPServerTaskB.o
LOAD components\cchttpservertask\src\CCHTTPServerTaskS.o
LOAD components\cckeyscantask\src\CCKeyScanTaskB.o
LOAD components\cckeyscantask\src\CCKeyScanTaskS.o
LOAD components\ccledtask\src\CCLEDTaskB.o
LOAD components\ccledtask\src\CCLEDTaskS.o
LOAD components\ccmonitor\src\CCMonitorB.o
LOAD components\ccmonitor\src\CCMonitorS.o
LOAD components\ccrs232task\src\CCRS232TaskB.o
LOAD components\ccrs232task\src\CCRS232TaskS.o
LOAD components\plantcontrolsystem\src\PlantControlSystemB.o
LOAD components\plantcontrolsystem\src\PlantControlSystemS.o
LOAD drivers\freertos\fsl_lpuart_freertos.o
LOAD drivers\fsl_clock.o
LOAD drivers\fsl_common.o
LOAD drivers\fsl_gpio.o
LOAD drivers\fsl_lpuart.o
LOAD drivers\fsl_msmc.o
LOAD edroom_glue\src\edroomdeployment.o
LOAD freertos\croutine.o
LOAD freertos\event_groups.o
LOAD freertos\heap_4.o
LOAD freertos\list.o
LOAD freertos\portable\port.o
LOAD freertos\portable\portASM.o
LOAD freertos\queue.o
LOAD freertos\tasks.o
LOAD freertos\timers.o
LOAD source\plantcontrolsystem_mmesp_project.o
LOAD startup\startup_RV32M1_ri5cy.o
LOAD startup\system_RV32M1_ri5cy.o
LOAD stream_buffer\StreamBufferDemo.o
LOAD stream_buffer\StreamBufferInterrupt.o
LOAD stream_buffer\stream_buffer.o
LOAD swpackages\edroombp_slib_head\src\freertossapi\edroombp_free_rtos.o
LOAD swpackages\edroombp_slib_head\src\freertossapi\freertos_posix\edroombp_free_rtos.o
LOAD swpackages\edroombp_slib_head\src\freertossapi\timespec.o
LOAD swpackages\edroomsl_slib_head\src\freertosapi\edroomsl.o
LOAD swpackages\edroomtc_slib_head\src\edroomtc.o
LOAD swpackages\exit_slib_c99\src\posix_v13\exit_iface.o
LOAD swpackages\xprintf_slib_head\src\posix_v13\linux_2_6\xprintf_iface_v1.o
LOAD utilities\fsl_debug_console.o
LOAD utilities\fsl_io.o
LOAD utilities\fsl_log.o
LOAD utilities\fsl_str.o
LOAD c:/vega/toolchain/riscv32-unknown-elf-gcc/bin/../lib/gcc/riscv32-unknown-elf/7.1.1/../../../../riscv32-unknown-elf/lib\libm.a
LOAD c:/vega/toolchain/riscv32-unknown-elf-gcc/bin/../lib/gcc/riscv32-unknown-elf/7.1.1/../../../../riscv32-unknown-elf/lib\libg.a
LOAD c:/vega/toolchain/riscv32-unknown-elf-gcc/bin/../lib/gcc/riscv32-unknown-elf/7.1.1\libgcc.a
LOAD c:/vega/toolchain/riscv32-unknown-elf-gcc/bin/../lib/gcc/riscv32-unknown-elf/7.1.1/../../../../riscv32-unknown-elf/lib\libnosys.a
END GROUP
                0x0000000000000400                HEAP_SIZE = DEFINED (__heap_size__)?__heap_size__:0x400
                0x0000000000000800                STACK_SIZE = DEFINED (__stack_size__)?__stack_size__:0x800

.noinit_rpmsg_sh_mem
                0x000000002002e800        0x0
 *(.noinit.$rpmsg_sh_mem*)
                0x000000002002e800                . = ALIGN (0x4)

.vectors        0x00000000000fff00       0x90
                0x00000000000fff00                __VECTOR_TABLE = .
 *(.vectors)
 .vectors       0x00000000000fff00       0x90 startup\startup_RV32M1_ri5cy.o

.text           0x0000000000000000    0x12a24
                0x0000000000000000                . = ALIGN (0x4)
 *(.startup)
 .startup       0x0000000000000000      0x192 startup\startup_RV32M1_ri5cy.o
                0x0000000000000026                _fini
                0x0000000000000026                _init
                0x000000000000013e                IllegalInstruction_Handler
                0x000000000000016e                LSU_Handler
                0x0000000000000186                IllegalInstruction_HandlerFunc
                0x000000000000018a                Ecall_HandlerFunc
                0x000000000000018e                LSU_HandlerFunc
                0x0000000000000194                . = ALIGN (0x4)
 *fill*         0x0000000000000192        0x2 
                0x0000000000000194                __user_vector = .
 *(user_vectors)
 user_vectors   0x0000000000000194       0xfc startup\system_RV32M1_ri5cy.o
                0x0000000000000194                isrTable
 *(.text)
 .text          0x0000000000000290      0x360 freertos\portable\portASM.o
                0x0000000000000290                xPortStartFirstTask
                0x000000000000031a                Ecall_Handler
                0x0000000000000466                IRQ_Handler
 .text          0x00000000000005f0        0xc c:/vega/toolchain/riscv32-unknown-elf-gcc/bin/../lib/gcc/riscv32-unknown-elf/7.1.1/../../../../riscv32-unknown-elf/lib\libg.a(lib_a-atoi.o)
                0x00000000000005f0                atoi
                0x00000000000005f6                _atoi_r
 .text          0x00000000000005fc        0xa c:/vega/toolchain/riscv32-unknown-elf-gcc/bin/../lib/gcc/riscv32-unknown-elf/7.1.1/../../../../riscv32-unknown-elf/lib\libg.a(lib_a-cxa_atexit.o)
                0x00000000000005fc                __cxa_atexit
 .text          0x0000000000000606       0x20 c:/vega/toolchain/riscv32-unknown-elf-gcc/bin/../lib/gcc/riscv32-unknown-elf/7.1.1/../../../../riscv32-unknown-elf/lib\libg.a(lib_a-exit.o)
                0x0000000000000606                exit
 .text          0x0000000000000626       0x60 c:/vega/toolchain/riscv32-unknown-elf-gcc/bin/../lib/gcc/riscv32-unknown-elf/7.1.1/../../../../riscv32-unknown-elf/lib\libg.a(lib_a-init.o)
                0x0000000000000626                __libc_init_array
 .text          0x0000000000000686       0x18 c:/vega/toolchain/riscv32-unknown-elf-gcc/bin/../lib/gcc/riscv32-unknown-elf/7.1.1/../../../../riscv32-unknown-elf/lib\libg.a(lib_a-malloc.o)
                0x0000000000000686                malloc
                0x0000000000000692                free
 .text          0x000000000000069e       0xbe c:/vega/toolchain/riscv32-unknown-elf-gcc/bin/../lib/gcc/riscv32-unknown-elf/7.1.1/../../../../riscv32-unknown-elf/lib\libg.a(lib_a-memcpy.o)
                0x000000000000069e                memcpy
 .text          0x000000000000075c       0xa8 c:/vega/toolchain/riscv32-unknown-elf-gcc/bin/../lib/gcc/riscv32-unknown-elf/7.1.1/../../../../riscv32-unknown-elf/lib\libg.a(lib_a-memset.o)
                0x000000000000075c                memset
 .text          0x0000000000000804       0xac c:/vega/toolchain/riscv32-unknown-elf-gcc/bin/../lib/gcc/riscv32-unknown-elf/7.1.1/../../../../riscv32-unknown-elf/lib\libg.a(lib_a-nano-freer.o)
                0x0000000000000804                _free_r
 .text          0x00000000000008b0       0xda c:/vega/toolchain/riscv32-unknown-elf-gcc/bin/../lib/gcc/riscv32-unknown-elf/7.1.1/../../../../riscv32-unknown-elf/lib\libg.a(lib_a-nano-mallocr.o)
                0x00000000000008b0                _malloc_r
 .text          0x000000000000098a       0x4c c:/vega/toolchain/riscv32-unknown-elf-gcc/bin/../lib/gcc/riscv32-unknown-elf/7.1.1/../../../../riscv32-unknown-elf/lib\libg.a(lib_a-printf.o)
                0x000000000000098a                _printf_r
                0x000000000000098a                _iprintf_r
                0x00000000000009aa                iprintf
                0x00000000000009aa                printf
 .text          0x00000000000009d6       0x30 c:/vega/toolchain/riscv32-unknown-elf-gcc/bin/../lib/gcc/riscv32-unknown-elf/7.1.1/../../../../riscv32-unknown-elf/lib\libg.a(lib_a-sbrkr.o)
                0x00000000000009d6                _sbrk_r
 .text          0x0000000000000a06      0x11e c:/vega/toolchain/riscv32-unknown-elf-gcc/bin/../lib/gcc/riscv32-unknown-elf/7.1.1/../../../../riscv32-unknown-elf/lib\libg.a(lib_a-strcmp.o)
                0x0000000000000a06                strcmp
 .text          0x0000000000000b24       0x12 c:/vega/toolchain/riscv32-unknown-elf-gcc/bin/../lib/gcc/riscv32-unknown-elf/7.1.1/../../../../riscv32-unknown-elf/lib\libg.a(lib_a-strlen.o)
                0x0000000000000b24                strlen
 .text          0x0000000000000b36       0x30 c:/vega/toolchain/riscv32-unknown-elf-gcc/bin/../lib/gcc/riscv32-unknown-elf/7.1.1/../../../../riscv32-unknown-elf/lib\libg.a(lib_a-strncpy.o)
                0x0000000000000b36                strncpy
 .text          0x0000000000000b66      0x188 c:/vega/toolchain/riscv32-unknown-elf-gcc/bin/../lib/gcc/riscv32-unknown-elf/7.1.1/../../../../riscv32-unknown-elf/lib\libg.a(lib_a-strtol.o)
                0x0000000000000ca8                _strtol_r
                0x0000000000000cbe                strtol_l
                0x0000000000000cd0                strtol
 .text          0x0000000000000cee       0x64 c:/vega/toolchain/riscv32-unknown-elf-gcc/bin/../lib/gcc/riscv32-unknown-elf/7.1.1/../../../../riscv32-unknown-elf/lib\libg.a(lib_a-__atexit.o)
                0x0000000000000cee                __register_exitproc
 .text          0x0000000000000d52       0xae c:/vega/toolchain/riscv32-unknown-elf-gcc/bin/../lib/gcc/riscv32-unknown-elf/7.1.1/../../../../riscv32-unknown-elf/lib\libg.a(lib_a-__call_atexit.o)
                0x0000000000000d52                __call_exitprocs
 .text          0x0000000000000e00       0x90 c:/vega/toolchain/riscv32-unknown-elf-gcc/bin/../lib/gcc/riscv32-unknown-elf/7.1.1/../../../../riscv32-unknown-elf/lib\libg.a(lib_a-locale.o)
                0x0000000000000e00                _setlocale_r
                0x0000000000000e48                __locale_mb_cur_max
                0x0000000000000e62                __locale_ctype_ptr_l
                0x0000000000000e68                __locale_ctype_ptr
                0x0000000000000e82                setlocale
 .text          0x0000000000000e90       0x54 c:/vega/toolchain/riscv32-unknown-elf-gcc/bin/../lib/gcc/riscv32-unknown-elf/7.1.1/../../../../riscv32-unknown-elf/lib\libg.a(lib_a-mbtowc_r.o)
                0x0000000000000e90                _mbtowc_r
                0x0000000000000eaa                __ascii_mbtowc
 .text          0x0000000000000ee4        0x4 c:/vega/toolchain/riscv32-unknown-elf-gcc/bin/../lib/gcc/riscv32-unknown-elf/7.1.1/../../../../riscv32-unknown-elf/lib\libg.a(lib_a-mlock.o)
                0x0000000000000ee4                __malloc_lock
                0x0000000000000ee6                __malloc_unlock
 .text          0x0000000000000ee8      0x3b2 c:/vega/toolchain/riscv32-unknown-elf-gcc/bin/../lib/gcc/riscv32-unknown-elf/7.1.1/../../../../riscv32-unknown-elf/lib\libg.a(lib_a-nano-vfprintf.o)
                0x0000000000000f10                __sfputs_r
                0x0000000000000f7c                __sprint_r
                0x000000000000101c                _vfiprintf_r
                0x000000000000101c                _vfprintf_r
                0x000000000000128a                vfprintf
                0x000000000000128a                vfiprintf
 .text          0x000000000000129a       0xc0 c:/vega/toolchain/riscv32-unknown-elf-gcc/bin/../lib/gcc/riscv32-unknown-elf/7.1.1/../../../../riscv32-unknown-elf/lib\libg.a(lib_a-wbuf.o)
                0x000000000000129a                __swbuf_r
                0x000000000000134c                __swbuf
 .text          0x000000000000135a       0x3a c:/vega/toolchain/riscv32-unknown-elf-gcc/bin/../lib/gcc/riscv32-unknown-elf/7.1.1/../../../../riscv32-unknown-elf/lib\libg.a(lib_a-wctomb_r.o)
                0x000000000000135a                _wctomb_r
                0x0000000000001374                __ascii_wctomb
 .text          0x0000000000001394       0xdc c:/vega/toolchain/riscv32-unknown-elf-gcc/bin/../lib/gcc/riscv32-unknown-elf/7.1.1/../../../../riscv32-unknown-elf/lib\libg.a(lib_a-wsetup.o)
                0x0000000000001394                __swsetup_r
 .text          0x0000000000001470      0x1aa c:/vega/toolchain/riscv32-unknown-elf-gcc/bin/../lib/gcc/riscv32-unknown-elf/7.1.1/../../../../riscv32-unknown-elf/lib\libg.a(lib_a-fflush.o)
                0x0000000000001470                __sflush_r
                0x00000000000015cc                _fflush_r
                0x00000000000015fa                fflush
 .text          0x000000000000161a      0x1e6 c:/vega/toolchain/riscv32-unknown-elf-gcc/bin/../lib/gcc/riscv32-unknown-elf/7.1.1/../../../../riscv32-unknown-elf/lib\libg.a(lib_a-findfp.o)
                0x000000000000161e                _cleanup_r
                0x0000000000001696                __sfmoreglue
                0x00000000000016de                _cleanup
                0x00000000000016e8                __sinit
                0x0000000000001736                __sfp
                0x00000000000017d4                __sfp_lock_acquire
                0x00000000000017d6                __sfp_lock_release
                0x00000000000017d8                __sinit_lock_acquire
                0x00000000000017da                __sinit_lock_release
                0x00000000000017dc                __fp_lock_all
                0x00000000000017ee                __fp_unlock_all
 .text          0x0000000000001800      0x102 c:/vega/toolchain/riscv32-unknown-elf-gcc/bin/../lib/gcc/riscv32-unknown-elf/7.1.1/../../../../riscv32-unknown-elf/lib\libg.a(lib_a-fputwc.o)
                0x0000000000001800                __fputwc
                0x00000000000018b4                _fputwc_r
                0x00000000000018d2                fputwc
 .text          0x0000000000001902      0x2d2 c:/vega/toolchain/riscv32-unknown-elf-gcc/bin/../lib/gcc/riscv32-unknown-elf/7.1.1/../../../../riscv32-unknown-elf/lib\libg.a(lib_a-fvwrite.o)
                0x0000000000001902                __sfvwrite_r
 .text          0x0000000000001bd4       0xce c:/vega/toolchain/riscv32-unknown-elf-gcc/bin/../lib/gcc/riscv32-unknown-elf/7.1.1/../../../../riscv32-unknown-elf/lib\libg.a(lib_a-fwalk.o)
                0x0000000000001bd4                _fwalk
                0x0000000000001c36                _fwalk_reent
 .text          0x0000000000001ca2      0x102 c:/vega/toolchain/riscv32-unknown-elf-gcc/bin/../lib/gcc/riscv32-unknown-elf/7.1.1/../../../../riscv32-unknown-elf/lib\libg.a(lib_a-makebuf.o)
                0x0000000000001ca2                __swhatbuf_r
                0x0000000000001d06                __smakebuf_r
 .text          0x0000000000001da4       0x1a c:/vega/toolchain/riscv32-unknown-elf-gcc/bin/../lib/gcc/riscv32-unknown-elf/7.1.1/../../../../riscv32-unknown-elf/lib\libg.a(lib_a-memchr.o)
                0x0000000000001da4                memchr
 .text          0x0000000000001dbe       0x3e c:/vega/toolchain/riscv32-unknown-elf-gcc/bin/../lib/gcc/riscv32-unknown-elf/7.1.1/../../../../riscv32-unknown-elf/lib\libg.a(lib_a-memmove.o)
                0x0000000000001dbe                memmove
 .text          0x0000000000001dfc       0x58 c:/vega/toolchain/riscv32-unknown-elf-gcc/bin/../lib/gcc/riscv32-unknown-elf/7.1.1/../../../../riscv32-unknown-elf/lib\libg.a(lib_a-nano-reallocr.o)
                0x0000000000001dfc                _realloc_r
 .text          0x0000000000001e54      0x3b6 c:/vega/toolchain/riscv32-unknown-elf-gcc/bin/../lib/gcc/riscv32-unknown-elf/7.1.1/../../../../riscv32-unknown-elf/lib\libg.a(lib_a-nano-vfprintf_i.o)
                0x0000000000001e54                _printf_common
                0x0000000000001f60                _printf_i
 .text          0x000000000000220a       0xbe c:/vega/toolchain/riscv32-unknown-elf-gcc/bin/../lib/gcc/riscv32-unknown-elf/7.1.1/../../../../riscv32-unknown-elf/lib\libg.a(lib_a-stdio.o)
                0x000000000000220a                __sread
                0x000000000000223a                __seofread
                0x000000000000223e                __swrite
                0x000000000000228c                __sseek
                0x00000000000022c2                __sclose
 .text          0x00000000000022c8       0x6c c:/vega/toolchain/riscv32-unknown-elf-gcc/bin/../lib/gcc/riscv32-unknown-elf/7.1.1/../../../../riscv32-unknown-elf/lib\libg.a(lib_a-wcrtomb.o)
                0x00000000000022c8                _wcrtomb_r
                0x0000000000002324                wcrtomb
 .text          0x0000000000002334       0x34 c:/vega/toolchain/riscv32-unknown-elf-gcc/bin/../lib/gcc/riscv32-unknown-elf/7.1.1/../../../../riscv32-unknown-elf/lib\libg.a(lib_a-writer.o)
                0x0000000000002334                _write_r
 .text          0x0000000000002368       0x30 c:/vega/toolchain/riscv32-unknown-elf-gcc/bin/../lib/gcc/riscv32-unknown-elf/7.1.1/../../../../riscv32-unknown-elf/lib\libg.a(lib_a-closer.o)
                0x0000000000002368                _close_r
 .text          0x0000000000002398       0x9a c:/vega/toolchain/riscv32-unknown-elf-gcc/bin/../lib/gcc/riscv32-unknown-elf/7.1.1/../../../../riscv32-unknown-elf/lib\libg.a(lib_a-fclose.o)
                0x0000000000002398                _fclose_r
                0x0000000000002426                fclose
 .text          0x0000000000002432       0x32 c:/vega/toolchain/riscv32-unknown-elf-gcc/bin/../lib/gcc/riscv32-unknown-elf/7.1.1/../../../../riscv32-unknown-elf/lib\libg.a(lib_a-fstatr.o)
                0x0000000000002432                _fstat_r
 .text          0x0000000000002464       0x30 c:/vega/toolchain/riscv32-unknown-elf-gcc/bin/../lib/gcc/riscv32-unknown-elf/7.1.1/../../../../riscv32-unknown-elf/lib\libg.a(lib_a-isattyr.o)
                0x0000000000002464                _isatty_r
 .text          0x0000000000002494       0x34 c:/vega/toolchain/riscv32-unknown-elf-gcc/bin/../lib/gcc/riscv32-unknown-elf/7.1.1/../../../../riscv32-unknown-elf/lib\libg.a(lib_a-lseekr.o)
                0x0000000000002494                _lseek_r
 .text          0x00000000000024c8       0x14 c:/vega/toolchain/riscv32-unknown-elf-gcc/bin/../lib/gcc/riscv32-unknown-elf/7.1.1/../../../../riscv32-unknown-elf/lib\libg.a(lib_a-nano-msizer.o)
                0x00000000000024c8                _malloc_usable_size_r
 .text          0x00000000000024dc       0x34 c:/vega/toolchain/riscv32-unknown-elf-gcc/bin/../lib/gcc/riscv32-unknown-elf/7.1.1/../../../../riscv32-unknown-elf/lib\libg.a(lib_a-readr.o)
                0x00000000000024dc                _read_r
 .text          0x0000000000002510      0x328 c:/vega/toolchain/riscv32-unknown-elf-gcc/bin/../lib/gcc/riscv32-unknown-elf/7.1.1\libgcc.a(addsf3.o)
                0x0000000000002510                __addsf3
 .text          0x0000000000002838      0x258 c:/vega/toolchain/riscv32-unknown-elf-gcc/bin/../lib/gcc/riscv32-unknown-elf/7.1.1\libgcc.a(divsf3.o)
                0x0000000000002838                __divsf3
 .text          0x0000000000002a90      0x238 c:/vega/toolchain/riscv32-unknown-elf-gcc/bin/../lib/gcc/riscv32-unknown-elf/7.1.1\libgcc.a(mulsf3.o)
                0x0000000000002a90                __mulsf3
 .text          0x0000000000002cc8       0xd2 c:/vega/toolchain/riscv32-unknown-elf-gcc/bin/../lib/gcc/riscv32-unknown-elf/7.1.1\libgcc.a(floatsisf.o)
                0x0000000000002cc8                __floatsisf
 .text          0x0000000000002d9a       0xbc c:/vega/toolchain/riscv32-unknown-elf-gcc/bin/../lib/gcc/riscv32-unknown-elf/7.1.1\libgcc.a(extendsfdf2.o)
                0x0000000000002d9a                __extendsfdf2
 .text          0x0000000000002e56       0x3a c:/vega/toolchain/riscv32-unknown-elf-gcc/bin/../lib/gcc/riscv32-unknown-elf/7.1.1\libgcc.a(_clzsi2.o)
                0x0000000000002e56                __clzsi2
 .text          0x0000000000002e90       0x24 c:/vega/toolchain/riscv32-unknown-elf-gcc/bin/../lib/gcc/riscv32-unknown-elf/7.1.1/../../../../riscv32-unknown-elf/lib\libnosys.a(sbrk.o)
                0x0000000000002e90                sbrk
 .text          0x0000000000002eb4        0x2 c:/vega/toolchain/riscv32-unknown-elf-gcc/bin/../lib/gcc/riscv32-unknown-elf/7.1.1/../../../../riscv32-unknown-elf/lib\libnosys.a(_exit.o)
                0x0000000000002eb4                _exit
 *(.text*)
 .text.CLOCK_SetIpSrc
                0x0000000000002eb6       0xa8 board\board.o
 .text.BOARD_InitDebugConsole
                0x0000000000002f5e       0x42 board\board.o
                0x0000000000002f5e                BOARD_InitDebugConsole
 .text.CLOCK_SetRunModeSysClkConfig
                0x0000000000002fa0       0x42 board\clock_config.o
 .text.CLOCK_GetCurSysClkConfig
                0x0000000000002fe2       0x42 board\clock_config.o
 .text.CLOCK_CONFIG_FircSafeConfig
                0x0000000000003024       0x96 board\clock_config.o
 .text.BOARD_BootClockRUN
                0x00000000000030ba       0x60 board\clock_config.o
                0x00000000000030ba                BOARD_BootClockRUN
 .text.CLOCK_EnableClock
                0x000000000000311a       0x4c board\pin_mux.o
 .text.PORT_SetPinMux
                0x0000000000003166       0x46 board\pin_mux.o
 .text.BOARD_InitPins
                0x00000000000031ac       0x30 board\pin_mux.o
                0x00000000000031ac                BOARD_InitPins
 .text.__cxa_pure_virtual
                0x00000000000031dc        0x8 components\cccontrolplant\src\CCControlPlantB.o
                0x00000000000031dc                __cxa_pure_virtual
 .text._ZN12Pr_SemaphoreD2Ev
                0x00000000000031e4       0x22 components\cccontrolplant\src\CCControlPlantB.o
                0x00000000000031e4                Pr_Semaphore::~Pr_Semaphore()
                0x00000000000031e4                Pr_Semaphore::~Pr_Semaphore()
 .text._ZN15Pr_SemaphoreRecD2Ev
                0x0000000000003206       0x20 components\cccontrolplant\src\CCControlPlantB.o
                0x0000000000003206                Pr_SemaphoreRec::~Pr_SemaphoreRec()
                0x0000000000003206                Pr_SemaphoreRec::~Pr_SemaphoreRec()
 .text._ZN11CEDROOMPoolD2Ev
                0x0000000000003226       0x20 components\cccontrolplant\src\CCControlPlantB.o
                0x0000000000003226                CEDROOMPool::~CEDROOMPool()
                0x0000000000003226                CEDROOMPool::~CEDROOMPool()
 .text._ZN11CEDROOMPoolD0Ev
                0x0000000000003246       0x22 components\cccontrolplant\src\CCControlPlantB.o
                0x0000000000003246                CEDROOMPool::~CEDROOMPool()
 .text._ZN17CEDROOMMemoryPoolD2Ev
                0x0000000000003268       0x2e components\cccontrolplant\src\CCControlPlantB.o
                0x0000000000003268                CEDROOMMemoryPool::~CEDROOMMemoryPool()
                0x0000000000003268                CEDROOMMemoryPool::~CEDROOMMemoryPool()
 .text._ZN17CEDROOMMemoryPoolD0Ev
                0x0000000000003296       0x22 components\cccontrolplant\src\CCControlPlantB.o
                0x0000000000003296                CEDROOMMemoryPool::~CEDROOMMemoryPool()
 .text._ZN26CEDROOMProtectedMemoryPoolD2Ev
                0x00000000000032b8       0x3a components\cccontrolplant\src\CCControlPlantB.o
                0x00000000000032b8                CEDROOMProtectedMemoryPool::~CEDROOMProtectedMemoryPool()
                0x00000000000032b8                CEDROOMProtectedMemoryPool::~CEDROOMProtectedMemoryPool()
 .text._ZN26CEDROOMProtectedMemoryPoolD0Ev
                0x00000000000032f2       0x22 components\cccontrolplant\src\CCControlPlantB.o
                0x00000000000032f2                CEDROOMProtectedMemoryPool::~CEDROOMProtectedMemoryPool()
 .text._ZN14CCControlPlant16EDROOM_CTX_Top_016EDROOMNewMessageEv
                0x0000000000003314       0x22 components\cccontrolplant\src\CCControlPlantB.o
                0x0000000000003314                CCControlPlant::EDROOM_CTX_Top_0::EDROOMNewMessage()
 .text._ZN14CCControlPlant16EDROOM_CTX_Top_0C2ERS_RhRfS3_S3_R7Pr_TimeRNS0_23CEDROOMPOOLTEDROOMUInt8E
                0x0000000000003336       0xd4 components\cccontrolplant\src\CCControlPlantB.o
                0x0000000000003336                CCControlPlant::EDROOM_CTX_Top_0::EDROOM_CTX_Top_0(CCControlPlant&, unsigned char&, float&, float&, float&, Pr_Time&, CCControlPlant::EDROOM_CTX_Top_0::CEDROOMPOOLTEDROOMUInt8&)
                0x0000000000003336                CCControlPlant::EDROOM_CTX_Top_0::EDROOM_CTX_Top_0(CCControlPlant&, unsigned char&, float&, float&, float&, Pr_Time&, CCControlPlant::EDROOM_CTX_Top_0::CEDROOMPOOLTEDROOMUInt8&)
 .text._Znwj    0x000000000000340a       0x26 components\cccontrolplant\src\CCControlPlantB.o
                0x000000000000340a                operator new(unsigned int)
 .text._ZdlPv   0x0000000000003430       0x1e components\cccontrolplant\src\CCControlPlantB.o
                0x0000000000003430                operator delete(void*)
 .text._ZN14CCControlPlant16EDROOM_CTX_Top_024EDROOMSearchContextTransER14TEDROOMTransId
                0x000000000000344e       0x68 components\cccontrolplant\src\CCControlPlantB.o
                0x000000000000344e                CCControlPlant::EDROOM_CTX_Top_0::EDROOMSearchContextTrans(TEDROOMTransId&)
 .text._ZN14CCControlPlant16EDROOM_CTX_Top_013FApplyControlEv
                0x00000000000034b6       0x88 components\cccontrolplant\src\CCControlPlantB.o
                0x00000000000034b6                CCControlPlant::EDROOM_CTX_Top_0::FApplyControl()
 .text._ZN14CCControlPlant16EDROOM_CTX_Top_017FControlAlgorithmEv
                0x000000000000353e       0xee components\cccontrolplant\src\CCControlPlantB.o
                0x000000000000353e                CCControlPlant::EDROOM_CTX_Top_0::FControlAlgorithm()
 .text._ZN14CCControlPlant16EDROOM_CTX_Top_09FIamAliveEv
                0x000000000000362c       0x50 components\cccontrolplant\src\CCControlPlantB.o
                0x000000000000362c                CCControlPlant::EDROOM_CTX_Top_0::FIamAlive()
 .text._ZN14CCControlPlant16EDROOM_CTX_Top_010FInitTimerEv
                0x000000000000367c       0x8a components\cccontrolplant\src\CCControlPlantB.o
                0x000000000000367c                CCControlPlant::EDROOM_CTX_Top_0::FInitTimer()
 .text._ZN14CCControlPlant16EDROOM_CTX_Top_021FUpdateAlgorithmParamEv
                0x0000000000003706       0xe8 components\cccontrolplant\src\CCControlPlantB.o
                0x0000000000003706                CCControlPlant::EDROOM_CTX_Top_0::FUpdateAlgorithmParam()
 .text._ZN14CCControlPlant16EDROOM_CTX_Top_023CEDROOMPOOLTEDROOMUInt8C2EmPhPb
                0x00000000000037ee       0x48 components\cccontrolplant\src\CCControlPlantB.o
                0x00000000000037ee                CCControlPlant::EDROOM_CTX_Top_0::CEDROOMPOOLTEDROOMUInt8::CEDROOMPOOLTEDROOMUInt8(unsigned long, unsigned char*, bool*)
                0x00000000000037ee                CCControlPlant::EDROOM_CTX_Top_0::CEDROOMPOOLTEDROOMUInt8::CEDROOMPOOLTEDROOMUInt8(unsigned long, unsigned char*, bool*)
 .text._ZN14CCControlPlant16EDROOM_CTX_Top_023CEDROOMPOOLTEDROOMUInt89AllocDataEv
                0x0000000000003836       0x22 components\cccontrolplant\src\CCControlPlantB.o
                0x0000000000003836                CCControlPlant::EDROOM_CTX_Top_0::CEDROOMPOOLTEDROOMUInt8::AllocData()
 .text._ZN14CCControlPlant16EDROOM_SUB_Top_0C2ERS_PNS_13CEDROOMMemoryE
                0x0000000000003858       0xb8 components\cccontrolplant\src\CCControlPlantB.o
                0x0000000000003858                CCControlPlant::EDROOM_SUB_Top_0::EDROOM_SUB_Top_0(CCControlPlant&, CCControlPlant::CEDROOMMemory*)
                0x0000000000003858                CCControlPlant::EDROOM_SUB_Top_0::EDROOM_SUB_Top_0(CCControlPlant&, CCControlPlant::CEDROOMMemory*)
 .text._ZN14CCControlPlant16EDROOM_SUB_Top_015EDROOMBehaviourEv
                0x0000000000003910       0xfe components\cccontrolplant\src\CCControlPlantB.o
                0x0000000000003910                CCControlPlant::EDROOM_SUB_Top_0::EDROOMBehaviour()
 .text._ZN14CCControlPlant16EDROOM_SUB_Top_010EDROOMInitEv
                0x0000000000003a0e       0x1a components\cccontrolplant\src\CCControlPlantB.o
                0x0000000000003a0e                CCControlPlant::EDROOM_SUB_Top_0::EDROOMInit()
 .text._ZN14CCControlPlant16EDROOM_SUB_Top_014EDROOMIArrivalEv
                0x0000000000003a28       0x1e components\cccontrolplant\src\CCControlPlantB.o
                0x0000000000003a28                CCControlPlant::EDROOM_SUB_Top_0::EDROOMIArrival()
 .text._ZN14CCControlPlant16EDROOM_SUB_Top_030EDROOMProgAlgorithmExecArrivalEv
                0x0000000000003a46       0x94 components\cccontrolplant\src\CCControlPlantB.o
                0x0000000000003a46                CCControlPlant::EDROOM_SUB_Top_0::EDROOMProgAlgorithmExecArrival()
 .text._ZN14CCControlPlant16EDROOM_SUB_Top_024EDROOMProgControlArrivalEv
                0x0000000000003ada       0x94 components\cccontrolplant\src\CCControlPlantB.o
                0x0000000000003ada                CCControlPlant::EDROOM_SUB_Top_0::EDROOMProgControlArrival()
 .text._ZN14CCControlPlant16EDROOM_CTX_Top_023CEDROOMPOOLTEDROOMUInt8D2Ev
                0x0000000000003b6e       0x2e components\cccontrolplant\src\CCControlPlantB.o
                0x0000000000003b6e                CCControlPlant::EDROOM_CTX_Top_0::CEDROOMPOOLTEDROOMUInt8::~CEDROOMPOOLTEDROOMUInt8()
                0x0000000000003b6e                CCControlPlant::EDROOM_CTX_Top_0::CEDROOMPOOLTEDROOMUInt8::~CEDROOMPOOLTEDROOMUInt8()
 .text._ZN14CCControlPlant16EDROOM_CTX_Top_023CEDROOMPOOLTEDROOMUInt8D0Ev
                0x0000000000003b9c       0x24 components\cccontrolplant\src\CCControlPlantB.o
                0x0000000000003b9c                CCControlPlant::EDROOM_CTX_Top_0::CEDROOMPOOLTEDROOMUInt8::~CEDROOMPOOLTEDROOMUInt8()
 .text._ZN15Pr_SemaphoreBinD2Ev
                0x0000000000003bc0       0x20 components\cccontrolplant\src\CCControlPlantS.o
                0x0000000000003bc0                Pr_SemaphoreBin::~Pr_SemaphoreBin()
                0x0000000000003bc0                Pr_SemaphoreBin::~Pr_SemaphoreBin()
 .text._ZN7Pr_TaskD2Ev
                0x0000000000003be0       0x2e components\cccontrolplant\src\CCControlPlantS.o
                0x0000000000003be0                Pr_Task::~Pr_Task()
                0x0000000000003be0                Pr_Task::~Pr_Task()
 .text._ZN16CEDROOMTimingSAPD2Ev
                0x0000000000003c0e       0x4a components\cccontrolplant\src\CCControlPlantS.o
                0x0000000000003c0e                CEDROOMTimingSAP::~CEDROOMTimingSAP()
                0x0000000000003c0e                CEDROOMTimingSAP::~CEDROOMTimingSAP()
 .text._ZN14CCControlPlant16EDROOM_SUB_Top_0D2Ev
                0x0000000000003c58       0x24 components\cccontrolplant\src\CCControlPlantS.o
                0x0000000000003c58                CCControlPlant::EDROOM_SUB_Top_0::~EDROOM_SUB_Top_0()
                0x0000000000003c58                CCControlPlant::EDROOM_SUB_Top_0::~EDROOM_SUB_Top_0()
 .text._ZN14CCControlPlantC2Emm15TEDROOMPriorityjPNS_13CEDROOMMemoryE
                0x0000000000003c7c       0xce components\cccontrolplant\src\CCControlPlantS.o
                0x0000000000003c7c                CCControlPlant::CCControlPlant(unsigned long, unsigned long, TEDROOMPriority, unsigned int, CCControlPlant::CEDROOMMemory*)
                0x0000000000003c7c                CCControlPlant::CCControlPlant(unsigned long, unsigned long, TEDROOMPriority, unsigned int, CCControlPlant::CEDROOMMemory*)
 .text._ZN14CCControlPlant11EDROOMStartEv
                0x0000000000003d4a       0x30 components\cccontrolplant\src\CCControlPlantS.o
                0x0000000000003d4a                CCControlPlant::EDROOMStart()
 .text._ZN14CCControlPlant15EDROOMBehaviourEv
                0x0000000000003d7a       0x32 components\cccontrolplant\src\CCControlPlantS.o
                0x0000000000003d7a                CCControlPlant::EDROOMBehaviour()
 .text._ZN14CCControlPlant13CEDROOMMemory9SetMemoryEmP14CEDROOMMessagePbmPN12CEDROOMQueue10CQueueNodeES3_
                0x0000000000003dac       0x86 components\cccontrolplant\src\CCControlPlantS.o
                0x0000000000003dac                CCControlPlant::CEDROOMMemory::SetMemory(unsigned long, CEDROOMMessage*, bool*, unsigned long, CEDROOMQueue::CQueueNode*, bool*)
 .text._ZN14CCControlPlantD2Ev
                0x0000000000003e32       0x4a components\cccontrolplant\src\CCControlPlantS.o
                0x0000000000003e32                CCControlPlant::~CCControlPlant()
                0x0000000000003e32                CCControlPlant::~CCControlPlant()
 .text._ZN14CCControlPlantD0Ev
                0x0000000000003e7c       0x24 components\cccontrolplant\src\CCControlPlantS.o
                0x0000000000003e7c                CCControlPlant::~CCControlPlant()
 .text._ZN16CCHTTPServerTask16EDROOM_CTX_Top_016EDROOMNewMessageEv
                0x0000000000003ea0       0x22 components\cchttpservertask\src\CCHTTPServerTaskB.o
                0x0000000000003ea0                CCHTTPServerTask::EDROOM_CTX_Top_0::EDROOMNewMessage()
 .text._ZN16CCHTTPServerTask16EDROOM_CTX_Top_0C2ERS_RhRNS0_23CEDROOMPOOLTEDROOMUInt8E
                0x0000000000003ec2       0x7c components\cchttpservertask\src\CCHTTPServerTaskB.o
                0x0000000000003ec2                CCHTTPServerTask::EDROOM_CTX_Top_0::EDROOM_CTX_Top_0(CCHTTPServerTask&, unsigned char&, CCHTTPServerTask::EDROOM_CTX_Top_0::CEDROOMPOOLTEDROOMUInt8&)
                0x0000000000003ec2                CCHTTPServerTask::EDROOM_CTX_Top_0::EDROOM_CTX_Top_0(CCHTTPServerTask&, unsigned char&, CCHTTPServerTask::EDROOM_CTX_Top_0::CEDROOMPOOLTEDROOMUInt8&)
 .text._ZN16CCHTTPServerTask16EDROOM_CTX_Top_024EDROOMSearchContextTransER14TEDROOMTransId
                0x0000000000003f3e       0x48 components\cchttpservertask\src\CCHTTPServerTaskB.o
                0x0000000000003f3e                CCHTTPServerTask::EDROOM_CTX_Top_0::EDROOMSearchContextTrans(TEDROOMTransId&)
 .text._ZN16CCHTTPServerTask16EDROOM_CTX_Top_013FHTTP_MonitorEv
                0x0000000000003f86       0x20 components\cchttpservertask\src\CCHTTPServerTaskB.o
                0x0000000000003f86                CCHTTPServerTask::EDROOM_CTX_Top_0::FHTTP_Monitor()
 .text._ZN16CCHTTPServerTask16EDROOM_CTX_Top_09FIamAliveEv
                0x0000000000003fa6       0x50 components\cchttpservertask\src\CCHTTPServerTaskB.o
                0x0000000000003fa6                CCHTTPServerTask::EDROOM_CTX_Top_0::FIamAlive()
 .text._ZN16CCHTTPServerTask16EDROOM_CTX_Top_017FProgHTTP_MonitorEv
                0x0000000000003ff6       0x64 components\cchttpservertask\src\CCHTTPServerTaskB.o
                0x0000000000003ff6                CCHTTPServerTask::EDROOM_CTX_Top_0::FProgHTTP_Monitor()
 .text._ZN16CCHTTPServerTask16EDROOM_CTX_Top_023CEDROOMPOOLTEDROOMUInt8C2EmPhPb
                0x000000000000405a       0x48 components\cchttpservertask\src\CCHTTPServerTaskB.o
                0x000000000000405a                CCHTTPServerTask::EDROOM_CTX_Top_0::CEDROOMPOOLTEDROOMUInt8::CEDROOMPOOLTEDROOMUInt8(unsigned long, unsigned char*, bool*)
                0x000000000000405a                CCHTTPServerTask::EDROOM_CTX_Top_0::CEDROOMPOOLTEDROOMUInt8::CEDROOMPOOLTEDROOMUInt8(unsigned long, unsigned char*, bool*)
 .text._ZN16CCHTTPServerTask16EDROOM_CTX_Top_023CEDROOMPOOLTEDROOMUInt89AllocDataEv
                0x00000000000040a2       0x22 components\cchttpservertask\src\CCHTTPServerTaskB.o
                0x00000000000040a2                CCHTTPServerTask::EDROOM_CTX_Top_0::CEDROOMPOOLTEDROOMUInt8::AllocData()
 .text._ZN16CCHTTPServerTask16EDROOM_SUB_Top_0C2ERS_PNS_13CEDROOMMemoryE
                0x00000000000040c4       0x66 components\cchttpservertask\src\CCHTTPServerTaskB.o
                0x00000000000040c4                CCHTTPServerTask::EDROOM_SUB_Top_0::EDROOM_SUB_Top_0(CCHTTPServerTask&, CCHTTPServerTask::CEDROOMMemory*)
                0x00000000000040c4                CCHTTPServerTask::EDROOM_SUB_Top_0::EDROOM_SUB_Top_0(CCHTTPServerTask&, CCHTTPServerTask::CEDROOMMemory*)
 .text._ZN16CCHTTPServerTask16EDROOM_SUB_Top_015EDROOMBehaviourEv
                0x000000000000412a       0xa6 components\cchttpservertask\src\CCHTTPServerTaskB.o
                0x000000000000412a                CCHTTPServerTask::EDROOM_SUB_Top_0::EDROOMBehaviour()
 .text._ZN16CCHTTPServerTask16EDROOM_SUB_Top_010EDROOMInitEv
                0x00000000000041d0       0x1a components\cchttpservertask\src\CCHTTPServerTaskB.o
                0x00000000000041d0                CCHTTPServerTask::EDROOM_SUB_Top_0::EDROOMInit()
 .text._ZN16CCHTTPServerTask16EDROOM_SUB_Top_014EDROOMIArrivalEv
                0x00000000000041ea       0x1e components\cchttpservertask\src\CCHTTPServerTaskB.o
                0x00000000000041ea                CCHTTPServerTask::EDROOM_SUB_Top_0::EDROOMIArrival()
 .text._ZN16CCHTTPServerTask16EDROOM_SUB_Top_018EDROOMReadyArrivalEv
                0x0000000000004208       0x94 components\cchttpservertask\src\CCHTTPServerTaskB.o
                0x0000000000004208                CCHTTPServerTask::EDROOM_SUB_Top_0::EDROOMReadyArrival()
 .text._ZN16CCHTTPServerTask16EDROOM_CTX_Top_023CEDROOMPOOLTEDROOMUInt8D2Ev
                0x000000000000429c       0x2e components\cchttpservertask\src\CCHTTPServerTaskB.o
                0x000000000000429c                CCHTTPServerTask::EDROOM_CTX_Top_0::CEDROOMPOOLTEDROOMUInt8::~CEDROOMPOOLTEDROOMUInt8()
                0x000000000000429c                CCHTTPServerTask::EDROOM_CTX_Top_0::CEDROOMPOOLTEDROOMUInt8::~CEDROOMPOOLTEDROOMUInt8()
 .text._ZN16CCHTTPServerTask16EDROOM_CTX_Top_023CEDROOMPOOLTEDROOMUInt8D0Ev
                0x00000000000042ca       0x24 components\cchttpservertask\src\CCHTTPServerTaskB.o
                0x00000000000042ca                CCHTTPServerTask::EDROOM_CTX_Top_0::CEDROOMPOOLTEDROOMUInt8::~CEDROOMPOOLTEDROOMUInt8()
 .text._ZN16CCHTTPServerTask16EDROOM_SUB_Top_0D2Ev
                0x00000000000042ee       0x24 components\cchttpservertask\src\CCHTTPServerTaskS.o
                0x00000000000042ee                CCHTTPServerTask::EDROOM_SUB_Top_0::~EDROOM_SUB_Top_0()
                0x00000000000042ee                CCHTTPServerTask::EDROOM_SUB_Top_0::~EDROOM_SUB_Top_0()
 .text._ZN16CCHTTPServerTaskC2Emm15TEDROOMPriorityjPNS_13CEDROOMMemoryE
                0x0000000000004312       0xb2 components\cchttpservertask\src\CCHTTPServerTaskS.o
                0x0000000000004312                CCHTTPServerTask::CCHTTPServerTask(unsigned long, unsigned long, TEDROOMPriority, unsigned int, CCHTTPServerTask::CEDROOMMemory*)
                0x0000000000004312                CCHTTPServerTask::CCHTTPServerTask(unsigned long, unsigned long, TEDROOMPriority, unsigned int, CCHTTPServerTask::CEDROOMMemory*)
 .text._ZN16CCHTTPServerTask11EDROOMStartEv
                0x00000000000043c4       0x30 components\cchttpservertask\src\CCHTTPServerTaskS.o
                0x00000000000043c4                CCHTTPServerTask::EDROOMStart()
 .text._ZN16CCHTTPServerTask15EDROOMBehaviourEv
                0x00000000000043f4       0x30 components\cchttpservertask\src\CCHTTPServerTaskS.o
                0x00000000000043f4                CCHTTPServerTask::EDROOMBehaviour()
 .text._ZN16CCHTTPServerTask13CEDROOMMemory9SetMemoryEmP14CEDROOMMessagePbmPN12CEDROOMQueue10CQueueNodeES3_
                0x0000000000004424       0x86 components\cchttpservertask\src\CCHTTPServerTaskS.o
                0x0000000000004424                CCHTTPServerTask::CEDROOMMemory::SetMemory(unsigned long, CEDROOMMessage*, bool*, unsigned long, CEDROOMQueue::CQueueNode*, bool*)
 .text._ZN16CCHTTPServerTaskD2Ev
                0x00000000000044aa       0x4a components\cchttpservertask\src\CCHTTPServerTaskS.o
                0x00000000000044aa                CCHTTPServerTask::~CCHTTPServerTask()
                0x00000000000044aa                CCHTTPServerTask::~CCHTTPServerTask()
 .text._ZN16CCHTTPServerTaskD0Ev
                0x00000000000044f4       0x24 components\cchttpservertask\src\CCHTTPServerTaskS.o
                0x00000000000044f4                CCHTTPServerTask::~CCHTTPServerTask()
 .text._ZN13CCKeyScanTask16EDROOM_CTX_Top_016EDROOMNewMessageEv
                0x0000000000004518       0x22 components\cckeyscantask\src\CCKeyScanTaskB.o
                0x0000000000004518                CCKeyScanTask::EDROOM_CTX_Top_0::EDROOMNewMessage()
 .text._ZN13CCKeyScanTask16EDROOM_CTX_Top_0C2ERS_RhPhS3_RaS2_S2_R7Pr_TimeS2_RNS0_25CEDROOMPOOLCDControlParamERNS0_22CEDROOMPOOLTEDROOMByteERNS0_23CEDROOMPOOLTEDROOMUInt8E
                0x000000000000453a      0x106 components\cckeyscantask\src\CCKeyScanTaskB.o
                0x000000000000453a                CCKeyScanTask::EDROOM_CTX_Top_0::EDROOM_CTX_Top_0(CCKeyScanTask&, unsigned char&, unsigned char*, unsigned char*, signed char&, unsigned char&, unsigned char&, Pr_Time&, unsigned char&, CCKeyScanTask::EDROOM_CTX_Top_0::CEDROOMPOOLCDControlParam&, CCKeyScanTask::EDROOM_CTX_Top_0::CEDROOMPOOLTEDROOMByte&, CCKeyScanTask::EDROOM_CTX_Top_0::CEDROOMPOOLTEDROOMUInt8&)
                0x000000000000453a                CCKeyScanTask::EDROOM_CTX_Top_0::EDROOM_CTX_Top_0(CCKeyScanTask&, unsigned char&, unsigned char*, unsigned char*, signed char&, unsigned char&, unsigned char&, Pr_Time&, unsigned char&, CCKeyScanTask::EDROOM_CTX_Top_0::CEDROOMPOOLCDControlParam&, CCKeyScanTask::EDROOM_CTX_Top_0::CEDROOMPOOLTEDROOMByte&, CCKeyScanTask::EDROOM_CTX_Top_0::CEDROOMPOOLTEDROOMUInt8&)
 .text._ZN13CCKeyScanTask16EDROOM_CTX_Top_024EDROOMSearchContextTransER14TEDROOMTransId
                0x0000000000004640       0x48 components\cckeyscantask\src\CCKeyScanTaskB.o
                0x0000000000004640                CCKeyScanTask::EDROOM_CTX_Top_0::EDROOMSearchContextTrans(TEDROOMTransId&)
 .text._ZN13CCKeyScanTask16EDROOM_CTX_Top_09FIamAliveEv
                0x0000000000004688       0x4e components\cckeyscantask\src\CCKeyScanTaskB.o
                0x0000000000004688                CCKeyScanTask::EDROOM_CTX_Top_0::FIamAlive()
 .text._ZN13CCKeyScanTask16EDROOM_CTX_Top_05FInitEv
                0x00000000000046d6       0xa6 components\cckeyscantask\src\CCKeyScanTaskB.o
                0x00000000000046d6                CCKeyScanTask::EDROOM_CTX_Top_0::FInit()
 .text._ZN13CCKeyScanTask16EDROOM_CTX_Top_013FProgNextScanEv
                0x000000000000477c       0x7e components\cckeyscantask\src\CCKeyScanTaskB.o
                0x000000000000477c                CCKeyScanTask::EDROOM_CTX_Top_0::FProgNextScan()
 .text._ZN13CCKeyScanTask16EDROOM_CTX_Top_09FScanKeybEv
                0x00000000000047fa      0x112 components\cckeyscantask\src\CCKeyScanTaskB.o
                0x00000000000047fa                CCKeyScanTask::EDROOM_CTX_Top_0::FScanKeyb()
 .text._ZN13CCKeyScanTask16EDROOM_CTX_Top_018FSendCharToMonitorEv
                0x000000000000490c       0x50 components\cckeyscantask\src\CCKeyScanTaskB.o
                0x000000000000490c                CCKeyScanTask::EDROOM_CTX_Top_0::FSendCharToMonitor()
 .text._ZN13CCKeyScanTask16EDROOM_CTX_Top_012FSendCommandEv
                0x000000000000495c      0x146 components\cckeyscantask\src\CCKeyScanTaskB.o
                0x000000000000495c                CCKeyScanTask::EDROOM_CTX_Top_0::FSendCommand()
 .text._ZN13CCKeyScanTask16EDROOM_CTX_Top_017GCommandCompletedEv
                0x0000000000004aa2      0x19a components\cckeyscantask\src\CCKeyScanTaskB.o
                0x0000000000004aa2                CCKeyScanTask::EDROOM_CTX_Top_0::GCommandCompleted()
 .text._ZN13CCKeyScanTask16EDROOM_CTX_Top_08GNewCharEv
                0x0000000000004c3c       0x6a components\cckeyscantask\src\CCKeyScanTaskB.o
                0x0000000000004c3c                CCKeyScanTask::EDROOM_CTX_Top_0::GNewChar()
 .text._ZN13CCKeyScanTask16EDROOM_CTX_Top_025CEDROOMPOOLCDControlParamC2EmP14CDControlParamPb
                0x0000000000004ca6       0x48 components\cckeyscantask\src\CCKeyScanTaskB.o
                0x0000000000004ca6                CCKeyScanTask::EDROOM_CTX_Top_0::CEDROOMPOOLCDControlParam::CEDROOMPOOLCDControlParam(unsigned long, CDControlParam*, bool*)
                0x0000000000004ca6                CCKeyScanTask::EDROOM_CTX_Top_0::CEDROOMPOOLCDControlParam::CEDROOMPOOLCDControlParam(unsigned long, CDControlParam*, bool*)
 .text._ZN13CCKeyScanTask16EDROOM_CTX_Top_025CEDROOMPOOLCDControlParam9AllocDataEv
                0x0000000000004cee       0x22 components\cckeyscantask\src\CCKeyScanTaskB.o
                0x0000000000004cee                CCKeyScanTask::EDROOM_CTX_Top_0::CEDROOMPOOLCDControlParam::AllocData()
 .text._ZN13CCKeyScanTask16EDROOM_CTX_Top_022CEDROOMPOOLTEDROOMByteC2EmPhPb
                0x0000000000004d10       0x48 components\cckeyscantask\src\CCKeyScanTaskB.o
                0x0000000000004d10                CCKeyScanTask::EDROOM_CTX_Top_0::CEDROOMPOOLTEDROOMByte::CEDROOMPOOLTEDROOMByte(unsigned long, unsigned char*, bool*)
                0x0000000000004d10                CCKeyScanTask::EDROOM_CTX_Top_0::CEDROOMPOOLTEDROOMByte::CEDROOMPOOLTEDROOMByte(unsigned long, unsigned char*, bool*)
 .text._ZN13CCKeyScanTask16EDROOM_CTX_Top_022CEDROOMPOOLTEDROOMByte9AllocDataEv
                0x0000000000004d58       0x22 components\cckeyscantask\src\CCKeyScanTaskB.o
                0x0000000000004d58                CCKeyScanTask::EDROOM_CTX_Top_0::CEDROOMPOOLTEDROOMByte::AllocData()
 .text._ZN13CCKeyScanTask16EDROOM_CTX_Top_023CEDROOMPOOLTEDROOMUInt8C2EmPhPb
                0x0000000000004d7a       0x48 components\cckeyscantask\src\CCKeyScanTaskB.o
                0x0000000000004d7a                CCKeyScanTask::EDROOM_CTX_Top_0::CEDROOMPOOLTEDROOMUInt8::CEDROOMPOOLTEDROOMUInt8(unsigned long, unsigned char*, bool*)
                0x0000000000004d7a                CCKeyScanTask::EDROOM_CTX_Top_0::CEDROOMPOOLTEDROOMUInt8::CEDROOMPOOLTEDROOMUInt8(unsigned long, unsigned char*, bool*)
 .text._ZN13CCKeyScanTask16EDROOM_CTX_Top_023CEDROOMPOOLTEDROOMUInt89AllocDataEv
                0x0000000000004dc2       0x22 components\cckeyscantask\src\CCKeyScanTaskB.o
                0x0000000000004dc2                CCKeyScanTask::EDROOM_CTX_Top_0::CEDROOMPOOLTEDROOMUInt8::AllocData()
 .text._ZN13CCKeyScanTask16EDROOM_SUB_Top_0C2ERS_PNS_13CEDROOMMemoryE
                0x0000000000004de4      0x12a components\cckeyscantask\src\CCKeyScanTaskB.o
                0x0000000000004de4                CCKeyScanTask::EDROOM_SUB_Top_0::EDROOM_SUB_Top_0(CCKeyScanTask&, CCKeyScanTask::CEDROOMMemory*)
                0x0000000000004de4                CCKeyScanTask::EDROOM_SUB_Top_0::EDROOM_SUB_Top_0(CCKeyScanTask&, CCKeyScanTask::CEDROOMMemory*)
 .text._ZN13CCKeyScanTask16EDROOM_SUB_Top_015EDROOMBehaviourEv
                0x0000000000004f0e      0x10c components\cckeyscantask\src\CCKeyScanTaskB.o
                0x0000000000004f0e                CCKeyScanTask::EDROOM_SUB_Top_0::EDROOMBehaviour()
 .text._ZN13CCKeyScanTask16EDROOM_SUB_Top_010EDROOMInitEv
                0x000000000000501a       0x1a components\cckeyscantask\src\CCKeyScanTaskB.o
                0x000000000000501a                CCKeyScanTask::EDROOM_SUB_Top_0::EDROOMInit()
 .text._ZN13CCKeyScanTask16EDROOM_SUB_Top_014EDROOMIArrivalEv
                0x0000000000005034       0x1e components\cckeyscantask\src\CCKeyScanTaskB.o
                0x0000000000005034                CCKeyScanTask::EDROOM_SUB_Top_0::EDROOMIArrival()
 .text._ZN13CCKeyScanTask16EDROOM_SUB_Top_018EDROOMReadyArrivalEv
                0x0000000000005052       0x94 components\cckeyscantask\src\CCKeyScanTaskB.o
                0x0000000000005052                CCKeyScanTask::EDROOM_SUB_Top_0::EDROOMReadyArrival()
 .text._ZN13CCKeyScanTask16EDROOM_CTX_Top_023CEDROOMPOOLTEDROOMUInt8D2Ev
                0x00000000000050e6       0x2e components\cckeyscantask\src\CCKeyScanTaskB.o
                0x00000000000050e6                CCKeyScanTask::EDROOM_CTX_Top_0::CEDROOMPOOLTEDROOMUInt8::~CEDROOMPOOLTEDROOMUInt8()
                0x00000000000050e6                CCKeyScanTask::EDROOM_CTX_Top_0::CEDROOMPOOLTEDROOMUInt8::~CEDROOMPOOLTEDROOMUInt8()
 .text._ZN13CCKeyScanTask16EDROOM_CTX_Top_023CEDROOMPOOLTEDROOMUInt8D0Ev
                0x0000000000005114       0x24 components\cckeyscantask\src\CCKeyScanTaskB.o
                0x0000000000005114                CCKeyScanTask::EDROOM_CTX_Top_0::CEDROOMPOOLTEDROOMUInt8::~CEDROOMPOOLTEDROOMUInt8()
 .text._ZN13CCKeyScanTask16EDROOM_CTX_Top_022CEDROOMPOOLTEDROOMByteD2Ev
                0x0000000000005138       0x2e components\cckeyscantask\src\CCKeyScanTaskB.o
                0x0000000000005138                CCKeyScanTask::EDROOM_CTX_Top_0::CEDROOMPOOLTEDROOMByte::~CEDROOMPOOLTEDROOMByte()
                0x0000000000005138                CCKeyScanTask::EDROOM_CTX_Top_0::CEDROOMPOOLTEDROOMByte::~CEDROOMPOOLTEDROOMByte()
 .text._ZN13CCKeyScanTask16EDROOM_CTX_Top_022CEDROOMPOOLTEDROOMByteD0Ev
                0x0000000000005166       0x24 components\cckeyscantask\src\CCKeyScanTaskB.o
                0x0000000000005166                CCKeyScanTask::EDROOM_CTX_Top_0::CEDROOMPOOLTEDROOMByte::~CEDROOMPOOLTEDROOMByte()
 .text._ZN13CCKeyScanTask16EDROOM_CTX_Top_025CEDROOMPOOLCDControlParamD2Ev
                0x000000000000518a       0x2e components\cckeyscantask\src\CCKeyScanTaskB.o
                0x000000000000518a                CCKeyScanTask::EDROOM_CTX_Top_0::CEDROOMPOOLCDControlParam::~CEDROOMPOOLCDControlParam()
                0x000000000000518a                CCKeyScanTask::EDROOM_CTX_Top_0::CEDROOMPOOLCDControlParam::~CEDROOMPOOLCDControlParam()
 .text._ZN13CCKeyScanTask16EDROOM_CTX_Top_025CEDROOMPOOLCDControlParamD0Ev
                0x00000000000051b8       0x24 components\cckeyscantask\src\CCKeyScanTaskB.o
                0x00000000000051b8                CCKeyScanTask::EDROOM_CTX_Top_0::CEDROOMPOOLCDControlParam::~CEDROOMPOOLCDControlParam()
 .text._ZN13CCKeyScanTask16EDROOM_SUB_Top_0D2Ev
                0x00000000000051dc       0x40 components\cckeyscantask\src\CCKeyScanTaskS.o
                0x00000000000051dc                CCKeyScanTask::EDROOM_SUB_Top_0::~EDROOM_SUB_Top_0()
                0x00000000000051dc                CCKeyScanTask::EDROOM_SUB_Top_0::~EDROOM_SUB_Top_0()
 .text._ZN13CCKeyScanTaskC2Emm15TEDROOMPriorityjPNS_13CEDROOMMemoryE
                0x000000000000521c       0xce components\cckeyscantask\src\CCKeyScanTaskS.o
                0x000000000000521c                CCKeyScanTask::CCKeyScanTask(unsigned long, unsigned long, TEDROOMPriority, unsigned int, CCKeyScanTask::CEDROOMMemory*)
                0x000000000000521c                CCKeyScanTask::CCKeyScanTask(unsigned long, unsigned long, TEDROOMPriority, unsigned int, CCKeyScanTask::CEDROOMMemory*)
 .text._ZN13CCKeyScanTask11EDROOMStartEv
                0x00000000000052ea       0x30 components\cckeyscantask\src\CCKeyScanTaskS.o
                0x00000000000052ea                CCKeyScanTask::EDROOMStart()
 .text._ZN13CCKeyScanTask15EDROOMBehaviourEv
                0x000000000000531a       0x32 components\cckeyscantask\src\CCKeyScanTaskS.o
                0x000000000000531a                CCKeyScanTask::EDROOMBehaviour()
 .text._ZN13CCKeyScanTask13CEDROOMMemory9SetMemoryEmP14CEDROOMMessagePbmPN12CEDROOMQueue10CQueueNodeES3_
                0x000000000000534c       0x86 components\cckeyscantask\src\CCKeyScanTaskS.o
                0x000000000000534c                CCKeyScanTask::CEDROOMMemory::SetMemory(unsigned long, CEDROOMMessage*, bool*, unsigned long, CEDROOMQueue::CQueueNode*, bool*)
 .text._ZN13CCKeyScanTaskD2Ev
                0x00000000000053d2       0x4a components\cckeyscantask\src\CCKeyScanTaskS.o
                0x00000000000053d2                CCKeyScanTask::~CCKeyScanTask()
                0x00000000000053d2                CCKeyScanTask::~CCKeyScanTask()
 .text._ZN13CCKeyScanTaskD0Ev
                0x000000000000541c       0x24 components\cckeyscantask\src\CCKeyScanTaskS.o
                0x000000000000541c                CCKeyScanTask::~CCKeyScanTask()
 .text._ZN9CCLEDTask16EDROOM_CTX_Top_016EDROOMNewMessageEv
                0x0000000000005440       0x22 components\ccledtask\src\CCLEDTaskB.o
                0x0000000000005440                CCLEDTask::EDROOM_CTX_Top_0::EDROOMNewMessage()
 .text._ZN9CCLEDTask16EDROOM_CTX_Top_0C2ERS_P7Pr_TimeS3_
                0x0000000000005462       0xbc components\ccledtask\src\CCLEDTaskB.o
                0x0000000000005462                CCLEDTask::EDROOM_CTX_Top_0::EDROOM_CTX_Top_0(CCLEDTask&, Pr_Time*, Pr_Time*)
                0x0000000000005462                CCLEDTask::EDROOM_CTX_Top_0::EDROOM_CTX_Top_0(CCLEDTask&, Pr_Time*, Pr_Time*)
 .text._ZN9CCLEDTask16EDROOM_CTX_Top_024EDROOMSearchContextTransER14TEDROOMTransId
                0x000000000000551e       0x68 components\ccledtask\src\CCLEDTaskB.o
                0x000000000000551e                CCLEDTask::EDROOM_CTX_Top_0::EDROOMSearchContextTrans(TEDROOMTransId&)
 .text._ZN9CCLEDTask16EDROOM_CTX_Top_05FInitEv
                0x0000000000005586       0x82 components\ccledtask\src\CCLEDTaskB.o
                0x0000000000005586                CCLEDTask::EDROOM_CTX_Top_0::FInit()
 .text._ZN9CCLEDTask16EDROOM_CTX_Top_08FLED_OFFEv
                0x0000000000005608       0x20 components\ccledtask\src\CCLEDTaskB.o
                0x0000000000005608                CCLEDTask::EDROOM_CTX_Top_0::FLED_OFF()
 .text._ZN9CCLEDTask16EDROOM_CTX_Top_07FLED_ONEv
                0x0000000000005628       0xd2 components\ccledtask\src\CCLEDTaskB.o
                0x0000000000005628                CCLEDTask::EDROOM_CTX_Top_0::FLED_ON()
 .text._ZN9CCLEDTask16EDROOM_CTX_Top_010FProgTimerEv
                0x00000000000056fa       0x64 components\ccledtask\src\CCLEDTaskB.o
                0x00000000000056fa                CCLEDTask::EDROOM_CTX_Top_0::FProgTimer()
 .text._ZN9CCLEDTask16EDROOM_CTX_Top_012FTaskIsAliveEv
                0x000000000000575e       0x4a components\ccledtask\src\CCLEDTaskB.o
                0x000000000000575e                CCLEDTask::EDROOM_CTX_Top_0::FTaskIsAlive()
 .text._ZN9CCLEDTask16EDROOM_SUB_Top_0C2ERS_
                0x00000000000057a8       0x7a components\ccledtask\src\CCLEDTaskB.o
                0x00000000000057a8                CCLEDTask::EDROOM_SUB_Top_0::EDROOM_SUB_Top_0(CCLEDTask&)
                0x00000000000057a8                CCLEDTask::EDROOM_SUB_Top_0::EDROOM_SUB_Top_0(CCLEDTask&)
 .text._ZN9CCLEDTask16EDROOM_SUB_Top_015EDROOMBehaviourEv
                0x0000000000005822      0x118 components\ccledtask\src\CCLEDTaskB.o
                0x0000000000005822                CCLEDTask::EDROOM_SUB_Top_0::EDROOMBehaviour()
 .text._ZN9CCLEDTask16EDROOM_SUB_Top_010EDROOMInitEv
                0x000000000000593a       0x1a components\ccledtask\src\CCLEDTaskB.o
                0x000000000000593a                CCLEDTask::EDROOM_SUB_Top_0::EDROOMInit()
 .text._ZN9CCLEDTask16EDROOM_SUB_Top_014EDROOMIArrivalEv
                0x0000000000005954       0x1e components\ccledtask\src\CCLEDTaskB.o
                0x0000000000005954                CCLEDTask::EDROOM_SUB_Top_0::EDROOMIArrival()
 .text._ZN9CCLEDTask16EDROOM_SUB_Top_020EDROOMLED_OFFArrivalEv
                0x0000000000005972       0x94 components\ccledtask\src\CCLEDTaskB.o
                0x0000000000005972                CCLEDTask::EDROOM_SUB_Top_0::EDROOMLED_OFFArrival()
 .text._ZN9CCLEDTask16EDROOM_SUB_Top_019EDROOMLED_ONArrivalEv
                0x0000000000005a06       0x94 components\ccledtask\src\CCLEDTaskB.o
                0x0000000000005a06                CCLEDTask::EDROOM_SUB_Top_0::EDROOMLED_ONArrival()
 .text._ZN9CCLEDTaskC2Emm15TEDROOMPriorityjPNS_13CEDROOMMemoryE
                0x0000000000005a9a       0xe6 components\ccledtask\src\CCLEDTaskS.o
                0x0000000000005a9a                CCLEDTask::CCLEDTask(unsigned long, unsigned long, TEDROOMPriority, unsigned int, CCLEDTask::CEDROOMMemory*)
                0x0000000000005a9a                CCLEDTask::CCLEDTask(unsigned long, unsigned long, TEDROOMPriority, unsigned int, CCLEDTask::CEDROOMMemory*)
 .text._ZN9CCLEDTask11EDROOMStartEv
                0x0000000000005b80       0x30 components\ccledtask\src\CCLEDTaskS.o
                0x0000000000005b80                CCLEDTask::EDROOMStart()
 .text._ZN9CCLEDTask15EDROOMBehaviourEv
                0x0000000000005bb0       0x32 components\ccledtask\src\CCLEDTaskS.o
                0x0000000000005bb0                CCLEDTask::EDROOMBehaviour()
 .text._ZN9CCLEDTask13CEDROOMMemory9SetMemoryEmP14CEDROOMMessagePbmPN12CEDROOMQueue10CQueueNodeES3_
                0x0000000000005be2       0x86 components\ccledtask\src\CCLEDTaskS.o
                0x0000000000005be2                CCLEDTask::CEDROOMMemory::SetMemory(unsigned long, CEDROOMMessage*, bool*, unsigned long, CEDROOMQueue::CQueueNode*, bool*)
 .text._ZN9CCLEDTaskD2Ev
                0x0000000000005c68       0x3c components\ccledtask\src\CCLEDTaskS.o
                0x0000000000005c68                CCLEDTask::~CCLEDTask()
                0x0000000000005c68                CCLEDTask::~CCLEDTask()
 .text._ZN9CCLEDTaskD0Ev
                0x0000000000005ca4       0x24 components\ccledtask\src\CCLEDTaskS.o
                0x0000000000005ca4                CCLEDTask::~CCLEDTask()
 .text._ZN9CCMonitor16EDROOM_CTX_Top_016EDROOMNewMessageEv
                0x0000000000005cc8       0x22 components\ccmonitor\src\CCMonitorB.o
                0x0000000000005cc8                CCMonitor::EDROOM_CTX_Top_0::EDROOMNewMessage()
 .text._ZN9CCMonitor16EDROOM_CTX_Top_0C2ERS_RhRNS0_23CEDROOMPOOLTEDROOMUInt8E
                0x0000000000005cea       0x9c components\ccmonitor\src\CCMonitorB.o
                0x0000000000005cea                CCMonitor::EDROOM_CTX_Top_0::EDROOM_CTX_Top_0(CCMonitor&, unsigned char&, CCMonitor::EDROOM_CTX_Top_0::CEDROOMPOOLTEDROOMUInt8&)
                0x0000000000005cea                CCMonitor::EDROOM_CTX_Top_0::EDROOM_CTX_Top_0(CCMonitor&, unsigned char&, CCMonitor::EDROOM_CTX_Top_0::CEDROOMPOOLTEDROOMUInt8&)
 .text._ZN9CCMonitor16EDROOM_CTX_Top_024EDROOMSearchContextTransER14TEDROOMTransId
                0x0000000000005d86       0x48 components\ccmonitor\src\CCMonitorB.o
                0x0000000000005d86                CCMonitor::EDROOM_CTX_Top_0::EDROOMSearchContextTrans(TEDROOMTransId&)
 .text._ZN9CCMonitor16EDROOM_CTX_Top_09FIamAliveEv
                0x0000000000005dce       0x50 components\ccmonitor\src\CCMonitorB.o
                0x0000000000005dce                CCMonitor::EDROOM_CTX_Top_0::FIamAlive()
 .text._ZN9CCMonitor16EDROOM_CTX_Top_018FProgIamAliveTimerEv
                0x0000000000005e1e       0x64 components\ccmonitor\src\CCMonitorB.o
                0x0000000000005e1e                CCMonitor::EDROOM_CTX_Top_0::FProgIamAliveTimer()
 .text._ZN9CCMonitor16EDROOM_CTX_Top_09FShowKeybEv
                0x0000000000005e82       0x38 components\ccmonitor\src\CCMonitorB.o
                0x0000000000005e82                CCMonitor::EDROOM_CTX_Top_0::FShowKeyb()
 .text._ZN9CCMonitor16EDROOM_CTX_Top_010FShowRS232Ev
                0x0000000000005eba       0x38 components\ccmonitor\src\CCMonitorB.o
                0x0000000000005eba                CCMonitor::EDROOM_CTX_Top_0::FShowRS232()
 .text._ZN9CCMonitor16EDROOM_CTX_Top_023CEDROOMPOOLTEDROOMUInt8C2EmPhPb
                0x0000000000005ef2       0x48 components\ccmonitor\src\CCMonitorB.o
                0x0000000000005ef2                CCMonitor::EDROOM_CTX_Top_0::CEDROOMPOOLTEDROOMUInt8::CEDROOMPOOLTEDROOMUInt8(unsigned long, unsigned char*, bool*)
                0x0000000000005ef2                CCMonitor::EDROOM_CTX_Top_0::CEDROOMPOOLTEDROOMUInt8::CEDROOMPOOLTEDROOMUInt8(unsigned long, unsigned char*, bool*)
 .text._ZN9CCMonitor16EDROOM_CTX_Top_023CEDROOMPOOLTEDROOMUInt89AllocDataEv
                0x0000000000005f3a       0x22 components\ccmonitor\src\CCMonitorB.o
                0x0000000000005f3a                CCMonitor::EDROOM_CTX_Top_0::CEDROOMPOOLTEDROOMUInt8::AllocData()
 .text._ZN9CCMonitor16EDROOM_SUB_Top_0C2ERS_PNS_13CEDROOMMemoryE
                0x0000000000005f5c       0x6a components\ccmonitor\src\CCMonitorB.o
                0x0000000000005f5c                CCMonitor::EDROOM_SUB_Top_0::EDROOM_SUB_Top_0(CCMonitor&, CCMonitor::CEDROOMMemory*)
                0x0000000000005f5c                CCMonitor::EDROOM_SUB_Top_0::EDROOM_SUB_Top_0(CCMonitor&, CCMonitor::CEDROOMMemory*)
 .text._ZN9CCMonitor16EDROOM_SUB_Top_015EDROOMBehaviourEv
                0x0000000000005fc6       0xe8 components\ccmonitor\src\CCMonitorB.o
                0x0000000000005fc6                CCMonitor::EDROOM_SUB_Top_0::EDROOMBehaviour()
 .text._ZN9CCMonitor16EDROOM_SUB_Top_010EDROOMInitEv
                0x00000000000060ae       0x1a components\ccmonitor\src\CCMonitorB.o
                0x00000000000060ae                CCMonitor::EDROOM_SUB_Top_0::EDROOMInit()
 .text._ZN9CCMonitor16EDROOM_SUB_Top_014EDROOMIArrivalEv
                0x00000000000060c8       0x1e components\ccmonitor\src\CCMonitorB.o
                0x00000000000060c8                CCMonitor::EDROOM_SUB_Top_0::EDROOMIArrival()
 .text._ZN9CCMonitor16EDROOM_SUB_Top_018EDROOMReadyArrivalEv
                0x00000000000060e6      0x108 components\ccmonitor\src\CCMonitorB.o
                0x00000000000060e6                CCMonitor::EDROOM_SUB_Top_0::EDROOMReadyArrival()
 .text._ZN9CCMonitor16EDROOM_CTX_Top_023CEDROOMPOOLTEDROOMUInt8D2Ev
                0x00000000000061ee       0x2e components\ccmonitor\src\CCMonitorB.o
                0x00000000000061ee                CCMonitor::EDROOM_CTX_Top_0::CEDROOMPOOLTEDROOMUInt8::~CEDROOMPOOLTEDROOMUInt8()
                0x00000000000061ee                CCMonitor::EDROOM_CTX_Top_0::CEDROOMPOOLTEDROOMUInt8::~CEDROOMPOOLTEDROOMUInt8()
 .text._ZN9CCMonitor16EDROOM_CTX_Top_023CEDROOMPOOLTEDROOMUInt8D0Ev
                0x000000000000621c       0x24 components\ccmonitor\src\CCMonitorB.o
                0x000000000000621c                CCMonitor::EDROOM_CTX_Top_0::CEDROOMPOOLTEDROOMUInt8::~CEDROOMPOOLTEDROOMUInt8()
 .text._ZN9CCMonitor16EDROOM_SUB_Top_0D2Ev
                0x0000000000006240       0x24 components\ccmonitor\src\CCMonitorS.o
                0x0000000000006240                CCMonitor::EDROOM_SUB_Top_0::~EDROOM_SUB_Top_0()
                0x0000000000006240                CCMonitor::EDROOM_SUB_Top_0::~EDROOM_SUB_Top_0()
 .text._ZN9CCMonitorC2Emm15TEDROOMPriorityjPNS_13CEDROOMMemoryE
                0x0000000000006264       0xce components\ccmonitor\src\CCMonitorS.o
                0x0000000000006264                CCMonitor::CCMonitor(unsigned long, unsigned long, TEDROOMPriority, unsigned int, CCMonitor::CEDROOMMemory*)
                0x0000000000006264                CCMonitor::CCMonitor(unsigned long, unsigned long, TEDROOMPriority, unsigned int, CCMonitor::CEDROOMMemory*)
 .text._ZN9CCMonitor11EDROOMStartEv
                0x0000000000006332       0x30 components\ccmonitor\src\CCMonitorS.o
                0x0000000000006332                CCMonitor::EDROOMStart()
 .text._ZN9CCMonitor15EDROOMBehaviourEv
                0x0000000000006362       0x32 components\ccmonitor\src\CCMonitorS.o
                0x0000000000006362                CCMonitor::EDROOMBehaviour()
 .text._ZN9CCMonitor13CEDROOMMemory9SetMemoryEmP14CEDROOMMessagePbmPN12CEDROOMQueue10CQueueNodeES3_
                0x0000000000006394       0x86 components\ccmonitor\src\CCMonitorS.o
                0x0000000000006394                CCMonitor::CEDROOMMemory::SetMemory(unsigned long, CEDROOMMessage*, bool*, unsigned long, CEDROOMQueue::CQueueNode*, bool*)
 .text._ZN9CCMonitorD2Ev
                0x000000000000641a       0x4a components\ccmonitor\src\CCMonitorS.o
                0x000000000000641a                CCMonitor::~CCMonitor()
                0x000000000000641a                CCMonitor::~CCMonitor()
 .text._ZN9CCMonitorD0Ev
                0x0000000000006464       0x24 components\ccmonitor\src\CCMonitorS.o
                0x0000000000006464                CCMonitor::~CCMonitor()
 .text._ZN11CCRS232Task16EDROOM_CTX_Top_016EDROOMNewMessageEv
                0x0000000000006488       0x22 components\ccrs232task\src\CCRS232TaskB.o
                0x0000000000006488                CCRS232Task::EDROOM_CTX_Top_0::EDROOMNewMessage()
 .text._ZN11CCRS232Task16EDROOM_CTX_Top_0C2ERS_RhPhS3_RaS2_R7Pr_TimeS2_RNS0_25CEDROOMPOOLCDControlParamERNS0_22CEDROOMPOOLTEDROOMByteERNS0_23CEDROOMPOOLTEDROOMUInt8E
                0x00000000000064aa       0xfe components\ccrs232task\src\CCRS232TaskB.o
                0x00000000000064aa                CCRS232Task::EDROOM_CTX_Top_0::EDROOM_CTX_Top_0(CCRS232Task&, unsigned char&, unsigned char*, unsigned char*, signed char&, unsigned char&, Pr_Time&, unsigned char&, CCRS232Task::EDROOM_CTX_Top_0::CEDROOMPOOLCDControlParam&, CCRS232Task::EDROOM_CTX_Top_0::CEDROOMPOOLTEDROOMByte&, CCRS232Task::EDROOM_CTX_Top_0::CEDROOMPOOLTEDROOMUInt8&)
                0x00000000000064aa                CCRS232Task::EDROOM_CTX_Top_0::EDROOM_CTX_Top_0(CCRS232Task&, unsigned char&, unsigned char*, unsigned char*, signed char&, unsigned char&, Pr_Time&, unsigned char&, CCRS232Task::EDROOM_CTX_Top_0::CEDROOMPOOLCDControlParam&, CCRS232Task::EDROOM_CTX_Top_0::CEDROOMPOOLTEDROOMByte&, CCRS232Task::EDROOM_CTX_Top_0::CEDROOMPOOLTEDROOMUInt8&)
 .text._ZN11CCRS232Task16EDROOM_CTX_Top_024EDROOMSearchContextTransER14TEDROOMTransId
                0x00000000000065a8       0x48 components\ccrs232task\src\CCRS232TaskB.o
                0x00000000000065a8                CCRS232Task::EDROOM_CTX_Top_0::EDROOMSearchContextTrans(TEDROOMTransId&)
 .text._ZN11CCRS232Task16EDROOM_CTX_Top_09FIamAliveEv
                0x00000000000065f0       0x4e components\ccrs232task\src\CCRS232TaskB.o
                0x00000000000065f0                CCRS232Task::EDROOM_CTX_Top_0::FIamAlive()
 .text._ZN11CCRS232Task16EDROOM_CTX_Top_05FInitEv
                0x000000000000663e       0xa6 components\ccrs232task\src\CCRS232TaskB.o
                0x000000000000663e                CCRS232Task::EDROOM_CTX_Top_0::FInit()
 .text._ZN11CCRS232Task16EDROOM_CTX_Top_013FProgNextScanEv
                0x00000000000066e4       0x7e components\ccrs232task\src\CCRS232TaskB.o
                0x00000000000066e4                CCRS232Task::EDROOM_CTX_Top_0::FProgNextScan()
 .text._ZN11CCRS232Task16EDROOM_CTX_Top_010FRS232ScanEv
                0x0000000000006762       0xee components\ccrs232task\src\CCRS232TaskB.o
                0x0000000000006762                CCRS232Task::EDROOM_CTX_Top_0::FRS232Scan()
 .text._ZN11CCRS232Task16EDROOM_CTX_Top_018FSendCharToMonitorEv
                0x0000000000006850       0x50 components\ccrs232task\src\CCRS232TaskB.o
                0x0000000000006850                CCRS232Task::EDROOM_CTX_Top_0::FSendCharToMonitor()
 .text._ZN11CCRS232Task16EDROOM_CTX_Top_012FSendCommandEv
                0x00000000000068a0      0x11c components\ccrs232task\src\CCRS232TaskB.o
                0x00000000000068a0                CCRS232Task::EDROOM_CTX_Top_0::FSendCommand()
 .text._ZN11CCRS232Task16EDROOM_CTX_Top_017GCommandCompletedEv
                0x00000000000069bc      0x144 components\ccrs232task\src\CCRS232TaskB.o
                0x00000000000069bc                CCRS232Task::EDROOM_CTX_Top_0::GCommandCompleted()
 .text._ZN11CCRS232Task16EDROOM_CTX_Top_08GNewCharEv
                0x0000000000006b00       0x5a components\ccrs232task\src\CCRS232TaskB.o
                0x0000000000006b00                CCRS232Task::EDROOM_CTX_Top_0::GNewChar()
 .text._ZN11CCRS232Task16EDROOM_CTX_Top_025CEDROOMPOOLCDControlParamC2EmP14CDControlParamPb
                0x0000000000006b5a       0x48 components\ccrs232task\src\CCRS232TaskB.o
                0x0000000000006b5a                CCRS232Task::EDROOM_CTX_Top_0::CEDROOMPOOLCDControlParam::CEDROOMPOOLCDControlParam(unsigned long, CDControlParam*, bool*)
                0x0000000000006b5a                CCRS232Task::EDROOM_CTX_Top_0::CEDROOMPOOLCDControlParam::CEDROOMPOOLCDControlParam(unsigned long, CDControlParam*, bool*)
 .text._ZN11CCRS232Task16EDROOM_CTX_Top_025CEDROOMPOOLCDControlParam9AllocDataEv
                0x0000000000006ba2       0x22 components\ccrs232task\src\CCRS232TaskB.o
                0x0000000000006ba2                CCRS232Task::EDROOM_CTX_Top_0::CEDROOMPOOLCDControlParam::AllocData()
 .text._ZN11CCRS232Task16EDROOM_CTX_Top_022CEDROOMPOOLTEDROOMByteC2EmPhPb
                0x0000000000006bc4       0x48 components\ccrs232task\src\CCRS232TaskB.o
                0x0000000000006bc4                CCRS232Task::EDROOM_CTX_Top_0::CEDROOMPOOLTEDROOMByte::CEDROOMPOOLTEDROOMByte(unsigned long, unsigned char*, bool*)
                0x0000000000006bc4                CCRS232Task::EDROOM_CTX_Top_0::CEDROOMPOOLTEDROOMByte::CEDROOMPOOLTEDROOMByte(unsigned long, unsigned char*, bool*)
 .text._ZN11CCRS232Task16EDROOM_CTX_Top_022CEDROOMPOOLTEDROOMByte9AllocDataEv
                0x0000000000006c0c       0x22 components\ccrs232task\src\CCRS232TaskB.o
                0x0000000000006c0c                CCRS232Task::EDROOM_CTX_Top_0::CEDROOMPOOLTEDROOMByte::AllocData()
 .text._ZN11CCRS232Task16EDROOM_CTX_Top_023CEDROOMPOOLTEDROOMUInt8C2EmPhPb
                0x0000000000006c2e       0x48 components\ccrs232task\src\CCRS232TaskB.o
                0x0000000000006c2e                CCRS232Task::EDROOM_CTX_Top_0::CEDROOMPOOLTEDROOMUInt8::CEDROOMPOOLTEDROOMUInt8(unsigned long, unsigned char*, bool*)
                0x0000000000006c2e                CCRS232Task::EDROOM_CTX_Top_0::CEDROOMPOOLTEDROOMUInt8::CEDROOMPOOLTEDROOMUInt8(unsigned long, unsigned char*, bool*)
 .text._ZN11CCRS232Task16EDROOM_CTX_Top_023CEDROOMPOOLTEDROOMUInt89AllocDataEv
                0x0000000000006c76       0x22 components\ccrs232task\src\CCRS232TaskB.o
                0x0000000000006c76                CCRS232Task::EDROOM_CTX_Top_0::CEDROOMPOOLTEDROOMUInt8::AllocData()
 .text._ZN11CCRS232Task16EDROOM_SUB_Top_0C2ERS_PNS_13CEDROOMMemoryE
                0x0000000000006c98      0x126 components\ccrs232task\src\CCRS232TaskB.o
                0x0000000000006c98                CCRS232Task::EDROOM_SUB_Top_0::EDROOM_SUB_Top_0(CCRS232Task&, CCRS232Task::CEDROOMMemory*)
                0x0000000000006c98                CCRS232Task::EDROOM_SUB_Top_0::EDROOM_SUB_Top_0(CCRS232Task&, CCRS232Task::CEDROOMMemory*)
 .text._ZN11CCRS232Task16EDROOM_SUB_Top_015EDROOMBehaviourEv
                0x0000000000006dbe      0x10c components\ccrs232task\src\CCRS232TaskB.o
                0x0000000000006dbe                CCRS232Task::EDROOM_SUB_Top_0::EDROOMBehaviour()
 .text._ZN11CCRS232Task16EDROOM_SUB_Top_010EDROOMInitEv
                0x0000000000006eca       0x1a components\ccrs232task\src\CCRS232TaskB.o
                0x0000000000006eca                CCRS232Task::EDROOM_SUB_Top_0::EDROOMInit()
 .text._ZN11CCRS232Task16EDROOM_SUB_Top_014EDROOMIArrivalEv
                0x0000000000006ee4       0x1e components\ccrs232task\src\CCRS232TaskB.o
                0x0000000000006ee4                CCRS232Task::EDROOM_SUB_Top_0::EDROOMIArrival()
 .text._ZN11CCRS232Task16EDROOM_SUB_Top_018EDROOMReadyArrivalEv
                0x0000000000006f02       0x94 components\ccrs232task\src\CCRS232TaskB.o
                0x0000000000006f02                CCRS232Task::EDROOM_SUB_Top_0::EDROOMReadyArrival()
 .text._ZN11CCRS232Task16EDROOM_CTX_Top_023CEDROOMPOOLTEDROOMUInt8D2Ev
                0x0000000000006f96       0x2e components\ccrs232task\src\CCRS232TaskB.o
                0x0000000000006f96                CCRS232Task::EDROOM_CTX_Top_0::CEDROOMPOOLTEDROOMUInt8::~CEDROOMPOOLTEDROOMUInt8()
                0x0000000000006f96                CCRS232Task::EDROOM_CTX_Top_0::CEDROOMPOOLTEDROOMUInt8::~CEDROOMPOOLTEDROOMUInt8()
 .text._ZN11CCRS232Task16EDROOM_CTX_Top_023CEDROOMPOOLTEDROOMUInt8D0Ev
                0x0000000000006fc4       0x24 components\ccrs232task\src\CCRS232TaskB.o
                0x0000000000006fc4                CCRS232Task::EDROOM_CTX_Top_0::CEDROOMPOOLTEDROOMUInt8::~CEDROOMPOOLTEDROOMUInt8()
 .text._ZN11CCRS232Task16EDROOM_CTX_Top_022CEDROOMPOOLTEDROOMByteD2Ev
                0x0000000000006fe8       0x2e components\ccrs232task\src\CCRS232TaskB.o
                0x0000000000006fe8                CCRS232Task::EDROOM_CTX_Top_0::CEDROOMPOOLTEDROOMByte::~CEDROOMPOOLTEDROOMByte()
                0x0000000000006fe8                CCRS232Task::EDROOM_CTX_Top_0::CEDROOMPOOLTEDROOMByte::~CEDROOMPOOLTEDROOMByte()
 .text._ZN11CCRS232Task16EDROOM_CTX_Top_022CEDROOMPOOLTEDROOMByteD0Ev
                0x0000000000007016       0x24 components\ccrs232task\src\CCRS232TaskB.o
                0x0000000000007016                CCRS232Task::EDROOM_CTX_Top_0::CEDROOMPOOLTEDROOMByte::~CEDROOMPOOLTEDROOMByte()
 .text._ZN11CCRS232Task16EDROOM_CTX_Top_025CEDROOMPOOLCDControlParamD2Ev
                0x000000000000703a       0x2e components\ccrs232task\src\CCRS232TaskB.o
                0x000000000000703a                CCRS232Task::EDROOM_CTX_Top_0::CEDROOMPOOLCDControlParam::~CEDROOMPOOLCDControlParam()
                0x000000000000703a                CCRS232Task::EDROOM_CTX_Top_0::CEDROOMPOOLCDControlParam::~CEDROOMPOOLCDControlParam()
 .text._ZN11CCRS232Task16EDROOM_CTX_Top_025CEDROOMPOOLCDControlParamD0Ev
                0x0000000000007068       0x24 components\ccrs232task\src\CCRS232TaskB.o
                0x0000000000007068                CCRS232Task::EDROOM_CTX_Top_0::CEDROOMPOOLCDControlParam::~CEDROOMPOOLCDControlParam()
 .text._ZN11CCRS232Task16EDROOM_SUB_Top_0D2Ev
                0x000000000000708c       0x40 components\ccrs232task\src\CCRS232TaskS.o
                0x000000000000708c                CCRS232Task::EDROOM_SUB_Top_0::~EDROOM_SUB_Top_0()
                0x000000000000708c                CCRS232Task::EDROOM_SUB_Top_0::~EDROOM_SUB_Top_0()
 .text._ZN11CCRS232TaskC2Emm15TEDROOMPriorityjPNS_13CEDROOMMemoryE
                0x00000000000070cc       0xce components\ccrs232task\src\CCRS232TaskS.o
                0x00000000000070cc                CCRS232Task::CCRS232Task(unsigned long, unsigned long, TEDROOMPriority, unsigned int, CCRS232Task::CEDROOMMemory*)
                0x00000000000070cc                CCRS232Task::CCRS232Task(unsigned long, unsigned long, TEDROOMPriority, unsigned int, CCRS232Task::CEDROOMMemory*)
 .text._ZN11CCRS232Task11EDROOMStartEv
                0x000000000000719a       0x30 components\ccrs232task\src\CCRS232TaskS.o
                0x000000000000719a                CCRS232Task::EDROOMStart()
 .text._ZN11CCRS232Task15EDROOMBehaviourEv
                0x00000000000071ca       0x32 components\ccrs232task\src\CCRS232TaskS.o
                0x00000000000071ca                CCRS232Task::EDROOMBehaviour()
 .text._ZN11CCRS232Task13CEDROOMMemory9SetMemoryEmP14CEDROOMMessagePbmPN12CEDROOMQueue10CQueueNodeES3_
                0x00000000000071fc       0x86 components\ccrs232task\src\CCRS232TaskS.o
                0x00000000000071fc                CCRS232Task::CEDROOMMemory::SetMemory(unsigned long, CEDROOMMessage*, bool*, unsigned long, CEDROOMQueue::CQueueNode*, bool*)
 .text._ZN11CCRS232TaskD2Ev
                0x0000000000007282       0x4a components\ccrs232task\src\CCRS232TaskS.o
                0x0000000000007282                CCRS232Task::~CCRS232Task()
                0x0000000000007282                CCRS232Task::~CCRS232Task()
 .text._ZN11CCRS232TaskD0Ev
                0x00000000000072cc       0x24 components\ccrs232task\src\CCRS232TaskS.o
                0x00000000000072cc                CCRS232Task::~CCRS232Task()
 .text.CLOCK_GetIpFreq
                0x00000000000072f0      0x128 drivers\fsl_clock.o
                0x00000000000072f0                CLOCK_GetIpFreq
 .text.CLOCK_GetSysOscFreq
                0x0000000000007418       0x50 drivers\fsl_clock.o
                0x0000000000007418                CLOCK_GetSysOscFreq
 .text.CLOCK_GetSysOscAsyncFreq
                0x0000000000007468       0x8e drivers\fsl_clock.o
                0x0000000000007468                CLOCK_GetSysOscAsyncFreq
 .text.CLOCK_InitSirc
                0x00000000000074f6       0xb0 drivers\fsl_clock.o
                0x00000000000074f6                CLOCK_InitSirc
 .text.CLOCK_DeinitSirc
                0x00000000000075a6       0x48 drivers\fsl_clock.o
                0x00000000000075a6                CLOCK_DeinitSirc
 .text.CLOCK_GetSircFreq
                0x00000000000075ee       0x3a drivers\fsl_clock.o
                0x00000000000075ee                CLOCK_GetSircFreq
 .text.CLOCK_GetSircAsyncFreq
                0x0000000000007628       0x8e drivers\fsl_clock.o
                0x0000000000007628                CLOCK_GetSircAsyncFreq
 .text.CLOCK_InitFirc
                0x00000000000076b6      0x14a drivers\fsl_clock.o
                0x00000000000076b6                CLOCK_InitFirc
 .text.CLOCK_DeinitFirc
                0x0000000000007800       0x4c drivers\fsl_clock.o
                0x0000000000007800                CLOCK_DeinitFirc
 .text.CLOCK_GetFircFreq
                0x000000000000784c       0x3a drivers\fsl_clock.o
                0x000000000000784c                CLOCK_GetFircFreq
 .text.CLOCK_GetFircAsyncFreq
                0x0000000000007886       0x8e drivers\fsl_clock.o
                0x0000000000007886                CLOCK_GetFircAsyncFreq
 .text.CLOCK_InitLpFll
                0x0000000000007914      0x176 drivers\fsl_clock.o
                0x0000000000007914                CLOCK_InitLpFll
 .text.CLOCK_DeinitLpFll
                0x0000000000007a8a       0x4c drivers\fsl_clock.o
                0x0000000000007a8a                CLOCK_DeinitLpFll
 .text.CLOCK_GetLpFllFreq
                0x0000000000007ad6       0x3a drivers\fsl_clock.o
                0x0000000000007ad6                CLOCK_GetLpFllFreq
 .text.CLOCK_GetLpFllAsyncFreq
                0x0000000000007b10       0x72 drivers\fsl_clock.o
                0x0000000000007b10                CLOCK_GetLpFllAsyncFreq
 .text.__assert_func
                0x0000000000007b82       0x36 drivers\fsl_common.o
                0x0000000000007b82                __assert_func
 .text.CLOCK_EnableClock
                0x0000000000007bb8       0x4c drivers\fsl_lpuart.o
 .text.LPUART_SoftwareReset
                0x0000000000007c04       0x32 drivers\fsl_lpuart.o
 .text.LPUART_WriteByte
                0x0000000000007c36       0x22 drivers\fsl_lpuart.o
 .text.LPUART_ReadByte
                0x0000000000007c58       0x80 drivers\fsl_lpuart.o
 .text.LPUART_GetInstance
                0x0000000000007cd8       0x74 drivers\fsl_lpuart.o
                0x0000000000007cd8                LPUART_GetInstance
 .text.LPUART_Init
                0x0000000000007d4c      0x482 drivers\fsl_lpuart.o
                0x0000000000007d4c                LPUART_Init
 .text.LPUART_GetDefaultConfig
                0x00000000000081ce       0xb2 drivers\fsl_lpuart.o
                0x00000000000081ce                LPUART_GetDefaultConfig
 .text.LPUART_GetStatusFlags
                0x0000000000008280       0x36 drivers\fsl_lpuart.o
                0x0000000000008280                LPUART_GetStatusFlags
 .text.LPUART_ClearStatusFlags
                0x00000000000082b6       0xf8 drivers\fsl_lpuart.o
                0x00000000000082b6                LPUART_ClearStatusFlags
 .text.LPUART_WriteBlocking
                0x00000000000083ae       0x74 drivers\fsl_lpuart.o
                0x00000000000083ae                LPUART_WriteBlocking
 .text.LPUART_ReadBlocking
                0x0000000000008422      0x16a drivers\fsl_lpuart.o
                0x0000000000008422                LPUART_ReadBlocking
 .text.LPUART0_DriverIRQHandler
                0x000000000000858c      0x2d6 drivers\fsl_lpuart.o
                0x000000000000858c                LPUART0_DriverIRQHandler
 .text.LPUART1_DriverIRQHandler
                0x0000000000008862       0x36 drivers\fsl_lpuart.o
                0x0000000000008862                LPUART1_DriverIRQHandler
 .text.LPUART2_DriverIRQHandler
                0x0000000000008898       0x36 drivers\fsl_lpuart.o
                0x0000000000008898                LPUART2_DriverIRQHandler
 .text.LPUART3_DriverIRQHandler
                0x00000000000088ce       0x36 drivers\fsl_lpuart.o
                0x00000000000088ce                LPUART3_DriverIRQHandler
 .text._ZN19CEDROOMMessagesPoolD2Ev
                0x0000000000008904       0x2e edroom_glue\src\edroomdeployment.o
                0x0000000000008904                CEDROOMMessagesPool::~CEDROOMMessagesPool()
                0x0000000000008904                CEDROOMMessagesPool::~CEDROOMMessagesPool()
 .text._ZN19CEDROOMMessagesPoolD0Ev
                0x0000000000008932       0x24 edroom_glue\src\edroomdeployment.o
                0x0000000000008932                CEDROOMMessagesPool::~CEDROOMMessagesPool()
 .text._ZN26CEDROOMTimeOutMessagesPoolD2Ev
                0x0000000000008956       0x2e edroom_glue\src\edroomdeployment.o
                0x0000000000008956                CEDROOMTimeOutMessagesPool::~CEDROOMTimeOutMessagesPool()
                0x0000000000008956                CEDROOMTimeOutMessagesPool::~CEDROOMTimeOutMessagesPool()
 .text._ZN26CEDROOMTimeOutMessagesPoolD0Ev
                0x0000000000008984       0x24 edroom_glue\src\edroomdeployment.o
                0x0000000000008984                CEDROOMTimeOutMessagesPool::~CEDROOMTimeOutMessagesPool()
 .text._ZN14CDControlParamC2Ev
                0x00000000000089a8       0x26 edroom_glue\src\edroomdeployment.o
                0x00000000000089a8                CDControlParam::CDControlParam()
                0x00000000000089a8                CDControlParam::CDControlParam()
 .text._Z8MainWaitR14CCControlPlantR9CCLEDTaskR16CCHTTPServerTaskR13CCKeyScanTaskR11CCRS232TaskR9CCMonitor
                0x00000000000089ce       0x3a edroom_glue\src\edroomdeployment.o
                0x00000000000089ce                MainWait(CCControlPlant&, CCLEDTask&, CCHTTPServerTask&, CCKeyScanTask&, CCRS232Task&, CCMonitor&)
 .text._ZN19CEDROOMSystemMemory9SetMemoryEv
                0x0000000000008a08      0x194 edroom_glue\src\edroomdeployment.o
                0x0000000000008a08                CEDROOMSystemMemory::SetMemory()
 .text._ZN20CEDROOMSystemCommSAP13SetComponentsEP14CCControlPlantP9CCLEDTaskP16CCHTTPServerTaskP13CCKeyScanTaskP11CCRS232TaskP9CCMonitor
                0x0000000000008b9c       0x72 edroom_glue\src\edroomdeployment.o
                0x0000000000008b9c                CEDROOMSystemCommSAP::SetComponents(CCControlPlant*, CCLEDTask*, CCHTTPServerTask*, CCKeyScanTask*, CCRS232Task*, CCMonitor*)
 .text._ZN20CEDROOMSystemCommSAP58C6RS232Task_PMonitorDataStream__C7Monitor_PRS232DataStreamEi
                0x0000000000008c0e       0x30 edroom_glue\src\edroomdeployment.o
                0x0000000000008c0e                CEDROOMSystemCommSAP::C6RS232Task_PMonitorDataStream__C7Monitor_PRS232DataStream(int)
 .text._ZN20CEDROOMSystemCommSAP58C7Monitor_PRS232DataStream__C6RS232Task_PMonitorDataStreamEi
                0x0000000000008c3e       0x1e edroom_glue\src\edroomdeployment.o
                0x0000000000008c3e                CEDROOMSystemCommSAP::C7Monitor_PRS232DataStream__C6RS232Task_PMonitorDataStream(int)
 .text._ZN20CEDROOMSystemCommSAP59C5KeyScanTask_PMonitorDataStream__C7Monitor_PKeybDataStreamEi
                0x0000000000008c5c       0x30 edroom_glue\src\edroomdeployment.o
                0x0000000000008c5c                CEDROOMSystemCommSAP::C5KeyScanTask_PMonitorDataStream__C7Monitor_PKeybDataStream(int)
 .text._ZN20CEDROOMSystemCommSAP59C7Monitor_PKeybDataStream__C5KeyScanTask_PMonitorDataStreamEi
                0x0000000000008c8c       0x1e edroom_glue\src\edroomdeployment.o
                0x0000000000008c8c                CEDROOMSystemCommSAP::C7Monitor_PKeybDataStream__C5KeyScanTask_PMonitorDataStream(int)
 .text._ZN20CEDROOMSystemCommSAP45C7Monitor_PSwWatchdog__C3LEDTask_PSwWatchdog5Ei
                0x0000000000008caa       0x30 edroom_glue\src\edroomdeployment.o
                0x0000000000008caa                CEDROOMSystemCommSAP::C7Monitor_PSwWatchdog__C3LEDTask_PSwWatchdog5(int)
 .text._ZN20CEDROOMSystemCommSAP45C3LEDTask_PSwWatchdog5__C7Monitor_PSwWatchdogEi
                0x0000000000008cda       0x1e edroom_glue\src\edroomdeployment.o
                0x0000000000008cda                CEDROOMSystemCommSAP::C3LEDTask_PSwWatchdog5__C7Monitor_PSwWatchdog(int)
 .text._ZN20CEDROOMSystemCommSAP49C5KeyScanTask_PSwWatchdog__C3LEDTask_PSwWatchdog4Ei
                0x0000000000008cf8       0x30 edroom_glue\src\edroomdeployment.o
                0x0000000000008cf8                CEDROOMSystemCommSAP::C5KeyScanTask_PSwWatchdog__C3LEDTask_PSwWatchdog4(int)
 .text._ZN20CEDROOMSystemCommSAP49C3LEDTask_PSwWatchdog4__C5KeyScanTask_PSwWatchdogEi
                0x0000000000008d28       0x1e edroom_glue\src\edroomdeployment.o
                0x0000000000008d28                CEDROOMSystemCommSAP::C3LEDTask_PSwWatchdog4__C5KeyScanTask_PSwWatchdog(int)
 .text._ZN20CEDROOMSystemCommSAP47C6RS232Task_PSwWatchdog__C3LEDTask_PSwWatchdog3Ei
                0x0000000000008d46       0x30 edroom_glue\src\edroomdeployment.o
                0x0000000000008d46                CEDROOMSystemCommSAP::C6RS232Task_PSwWatchdog__C3LEDTask_PSwWatchdog3(int)
 .text._ZN20CEDROOMSystemCommSAP47C3LEDTask_PSwWatchdog3__C6RS232Task_PSwWatchdogEi
                0x0000000000008d76       0x1e edroom_glue\src\edroomdeployment.o
                0x0000000000008d76                CEDROOMSystemCommSAP::C3LEDTask_PSwWatchdog3__C6RS232Task_PSwWatchdog(int)
 .text._ZN20CEDROOMSystemCommSAP51C2ControlPlant_PKeybCommand__C5KeyScanTask_PCommandEi
                0x0000000000008d94       0x1e edroom_glue\src\edroomdeployment.o
                0x0000000000008d94                CEDROOMSystemCommSAP::C2ControlPlant_PKeybCommand__C5KeyScanTask_PCommand(int)
 .text._ZN20CEDROOMSystemCommSAP51C5KeyScanTask_PCommand__C2ControlPlant_PKeybCommandEi
                0x0000000000008db2       0x30 edroom_glue\src\edroomdeployment.o
                0x0000000000008db2                CEDROOMSystemCommSAP::C5KeyScanTask_PCommand__C2ControlPlant_PKeybCommand(int)
 .text._ZN20CEDROOMSystemCommSAP50C2ControlPlant_PRS232Command__C6RS232Task_PCommandEi
                0x0000000000008de2       0x1e edroom_glue\src\edroomdeployment.o
                0x0000000000008de2                CEDROOMSystemCommSAP::C2ControlPlant_PRS232Command__C6RS232Task_PCommand(int)
 .text._ZN20CEDROOMSystemCommSAP50C6RS232Task_PCommand__C2ControlPlant_PRS232CommandEi
                0x0000000000008e00       0x30 edroom_glue\src\edroomdeployment.o
                0x0000000000008e00                CEDROOMSystemCommSAP::C6RS232Task_PCommand__C2ControlPlant_PRS232Command(int)
 .text._ZN20CEDROOMSystemCommSAP50C3LEDTask_PSwWatchdog2__C2ControlPlant_PSwWatchdogEi
                0x0000000000008e30       0x1e edroom_glue\src\edroomdeployment.o
                0x0000000000008e30                CEDROOMSystemCommSAP::C3LEDTask_PSwWatchdog2__C2ControlPlant_PSwWatchdog(int)
 .text._ZN20CEDROOMSystemCommSAP50C2ControlPlant_PSwWatchdog__C3LEDTask_PSwWatchdog2Ei
                0x0000000000008e4e       0x30 edroom_glue\src\edroomdeployment.o
                0x0000000000008e4e                CEDROOMSystemCommSAP::C2ControlPlant_PSwWatchdog__C3LEDTask_PSwWatchdog2(int)
 .text._ZN20CEDROOMSystemCommSAP51C3LEDTask_PSwWatchdog__C4HTTPServerTask_PSwWatchdogEi
                0x0000000000008e7e       0x1e edroom_glue\src\edroomdeployment.o
                0x0000000000008e7e                CEDROOMSystemCommSAP::C3LEDTask_PSwWatchdog__C4HTTPServerTask_PSwWatchdog(int)
 .text._ZN20CEDROOMSystemCommSAP51C4HTTPServerTask_PSwWatchdog__C3LEDTask_PSwWatchdogEi
                0x0000000000008e9c       0x30 edroom_glue\src\edroomdeployment.o
                0x0000000000008e9c                CEDROOMSystemCommSAP::C4HTTPServerTask_PSwWatchdog__C3LEDTask_PSwWatchdog(int)
 .text._ZN20CEDROOMSystemCommSAP18RegisterInterfacesEv
                0x0000000000008ecc      0x346 edroom_glue\src\edroomdeployment.o
                0x0000000000008ecc                CEDROOMSystemCommSAP::RegisterInterfaces()
 .text._ZN20CEDROOMSystemCommSAP19SetLocalConnectionsEv
                0x0000000000009212      0x20e edroom_glue\src\edroomdeployment.o
                0x0000000000009212                CEDROOMSystemCommSAP::SetLocalConnections()
 .text._ZN20CEDROOMSystemCommSAP20SetRemoteConnectionsEv
                0x0000000000009420       0x12 edroom_glue\src\edroomdeployment.o
                0x0000000000009420                CEDROOMSystemCommSAP::SetRemoteConnections()
 .text._ZN20CEDROOMSystemCommSAP14SetConnectionsEv
                0x0000000000009432       0x26 edroom_glue\src\edroomdeployment.o
                0x0000000000009432                CEDROOMSystemCommSAP::SetConnections()
 .text._ZN11CEDROOMPoolC2Ev
                0x0000000000009458       0x20 edroom_glue\src\edroomdeployment.o
                0x0000000000009458                CEDROOMPool::CEDROOMPool()
                0x0000000000009458                CEDROOMPool::CEDROOMPool()
 .text._ZN17CEDROOMMemoryPoolC2Ev
                0x0000000000009478       0x2e edroom_glue\src\edroomdeployment.o
                0x0000000000009478                CEDROOMMemoryPool::CEDROOMMemoryPool()
                0x0000000000009478                CEDROOMMemoryPool::CEDROOMMemoryPool()
 .text._ZN19CEDROOMMessagesPoolC2Ev
                0x00000000000094a6       0x2e edroom_glue\src\edroomdeployment.o
                0x00000000000094a6                CEDROOMMessagesPool::CEDROOMMessagesPool()
                0x00000000000094a6                CEDROOMMessagesPool::CEDROOMMessagesPool()
 .text._ZN12CEDROOMQueue21CEDROOMQueueNodesPoolC2Ev
                0x00000000000094d4       0x2e edroom_glue\src\edroomdeployment.o
                0x00000000000094d4                CEDROOMQueue::CEDROOMQueueNodesPool::CEDROOMQueueNodesPool()
                0x00000000000094d4                CEDROOMQueue::CEDROOMQueueNodesPool::CEDROOMQueueNodesPool()
 .text._ZN22CEDROOMComponentMemoryC2Ev
                0x0000000000009502       0x2c edroom_glue\src\edroomdeployment.o
                0x0000000000009502                CEDROOMComponentMemory::CEDROOMComponentMemory()
                0x0000000000009502                CEDROOMComponentMemory::CEDROOMComponentMemory()
 .text._ZN16CEDROOMTimerInfoC2Ev
                0x000000000000952e       0x20 edroom_glue\src\edroomdeployment.o
                0x000000000000952e                CEDROOMTimerInfo::CEDROOMTimerInfo()
                0x000000000000952e                CEDROOMTimerInfo::CEDROOMTimerInfo()
 .text._ZN21CEDROOMTimeOutMessageC2Ev
                0x000000000000954e       0x2e edroom_glue\src\edroomdeployment.o
                0x000000000000954e                CEDROOMTimeOutMessage::CEDROOMTimeOutMessage()
                0x000000000000954e                CEDROOMTimeOutMessage::CEDROOMTimeOutMessage()
 .text._ZN20CEDROOMTimerInfoPoolC2Ev
                0x000000000000957c       0x2e edroom_glue\src\edroomdeployment.o
                0x000000000000957c                CEDROOMTimerInfoPool::CEDROOMTimerInfoPool()
                0x000000000000957c                CEDROOMTimerInfoPool::CEDROOMTimerInfoPool()
 .text._ZN26CEDROOMTimeOutMessagesPoolC2Ev
                0x00000000000095aa       0x2e edroom_glue\src\edroomdeployment.o
                0x00000000000095aa                CEDROOMTimeOutMessagesPool::CEDROOMTimeOutMessagesPool()
                0x00000000000095aa                CEDROOMTimeOutMessagesPool::CEDROOMTimeOutMessagesPool()
 .text._ZN19CEDROOMTimingMemoryC2Ev
                0x00000000000095d8       0x2c edroom_glue\src\edroomdeployment.o
                0x00000000000095d8                CEDROOMTimingMemory::CEDROOMTimingMemory()
                0x00000000000095d8                CEDROOMTimingMemory::CEDROOMTimingMemory()
 .text._ZN14CCControlPlant13CEDROOMMemoryC2Ev
                0x0000000000009604       0x8c edroom_glue\src\edroomdeployment.o
                0x0000000000009604                CCControlPlant::CEDROOMMemory::CEDROOMMemory()
                0x0000000000009604                CCControlPlant::CEDROOMMemory::CEDROOMMemory()
 .text._ZN9CCLEDTask13CEDROOMMemoryC2Ev
                0x0000000000009690       0x8c edroom_glue\src\edroomdeployment.o
                0x0000000000009690                CCLEDTask::CEDROOMMemory::CEDROOMMemory()
                0x0000000000009690                CCLEDTask::CEDROOMMemory::CEDROOMMemory()
 .text._ZN16CCHTTPServerTask13CEDROOMMemoryC2Ev
                0x000000000000971c       0x8c edroom_glue\src\edroomdeployment.o
                0x000000000000971c                CCHTTPServerTask::CEDROOMMemory::CEDROOMMemory()
                0x000000000000971c                CCHTTPServerTask::CEDROOMMemory::CEDROOMMemory()
 .text._ZN13CCKeyScanTask13CEDROOMMemoryC2Ev
                0x00000000000097a8       0xa8 edroom_glue\src\edroomdeployment.o
                0x00000000000097a8                CCKeyScanTask::CEDROOMMemory::CEDROOMMemory()
                0x00000000000097a8                CCKeyScanTask::CEDROOMMemory::CEDROOMMemory()
 .text._ZN11CCRS232Task13CEDROOMMemoryC2Ev
                0x0000000000009850       0xa8 edroom_glue\src\edroomdeployment.o
                0x0000000000009850                CCRS232Task::CEDROOMMemory::CEDROOMMemory()
                0x0000000000009850                CCRS232Task::CEDROOMMemory::CEDROOMMemory()
 .text._ZN9CCMonitor13CEDROOMMemoryC2Ev
                0x00000000000098f8       0x8c edroom_glue\src\edroomdeployment.o
                0x00000000000098f8                CCMonitor::CEDROOMMemory::CEDROOMMemory()
                0x00000000000098f8                CCMonitor::CEDROOMMemory::CEDROOMMemory()
 .text._ZN19CEDROOMSystemMemoryC2Ev
                0x0000000000009984      0x1ee edroom_glue\src\edroomdeployment.o
                0x0000000000009984                CEDROOMSystemMemory::CEDROOMSystemMemory()
                0x0000000000009984                CEDROOMSystemMemory::CEDROOMSystemMemory()
 .text._ZN22CEDROOMLocalConnectionC2Ev
                0x0000000000009b72       0x2c edroom_glue\src\edroomdeployment.o
                0x0000000000009b72                CEDROOMLocalConnection::CEDROOMLocalConnection()
                0x0000000000009b72                CEDROOMLocalConnection::CEDROOMLocalConnection()
 .text._ZN20CEDROOMSystemCommSAPC2Ev
                0x0000000000009b9e       0x3a edroom_glue\src\edroomdeployment.o
                0x0000000000009b9e                CEDROOMSystemCommSAP::CEDROOMSystemCommSAP()